Archive member included to satisfy reference by file (symbol)

app/libapp.a(main.c.obj)      (--whole-archive)
app/libapp.a(my_timer.c.obj)  (--whole-archive)
app/libapp.a(led_indication.c.obj)
                              (--whole-archive)
zephyr/libzephyr.a(heap.c.obj)
                              (--whole-archive)
zephyr/libzephyr.a(cbprintf_packaged.c.obj)
                              (--whole-archive)
zephyr/libzephyr.a(printk.c.obj)
                              (--whole-archive)
zephyr/libzephyr.a(sem.c.obj)
                              (--whole-archive)
zephyr/libzephyr.a(thread_entry.c.obj)
                              (--whole-archive)
zephyr/libzephyr.a(cbprintf_complete.c.obj)
                              (--whole-archive)
zephyr/libzephyr.a(assert.c.obj)
                              (--whole-archive)
zephyr/libzephyr.a(dec.c.obj)
                              (--whole-archive)
zephyr/libzephyr.a(hex.c.obj)
                              (--whole-archive)
zephyr/libzephyr.a(rb.c.obj)  (--whole-archive)
zephyr/libzephyr.a(timeutil.c.obj)
                              (--whole-archive)
zephyr/libzephyr.a(bitarray.c.obj)
                              (--whole-archive)
zephyr/libzephyr.a(onoff.c.obj)
                              (--whole-archive)
zephyr/libzephyr.a(notify.c.obj)
                              (--whole-archive)
zephyr/libzephyr.a(ring_buffer.c.obj)
                              (--whole-archive)
zephyr/libzephyr.a(configs.c.obj)
                              (--whole-archive)
zephyr/libzephyr.a(thread_info.c.obj)
                              (--whole-archive)
zephyr/libzephyr.a(mem_attr.c.obj)
                              (--whole-archive)
zephyr/libzephyr.a(tracing_none.c.obj)
                              (--whole-archive)
zephyr/libzephyr.a(usb_device.c.obj)
                              (--whole-archive)
zephyr/libzephyr.a(usb_descriptor.c.obj)
                              (--whole-archive)
zephyr/libzephyr.a(usb_transfer.c.obj)
                              (--whole-archive)
zephyr/libzephyr.a(cdc_acm.c.obj)
                              (--whole-archive)
zephyr/libzephyr.a(usb_work_q.c.obj)
                              (--whole-archive)
zephyr/libzephyr.a(getline.c.obj)
                              (--whole-archive)
zephyr/libzephyr.a(SD_drv.c.obj)
                              (--whole-archive)
zephyr/libzephyr.a(SdFat.c.obj)
                              (--whole-archive)
zephyr/arch/common/libarch__common.a(sw_isr_common.c.obj)
                              (--whole-archive)
zephyr/arch/arch/arm/core/libarch__arm__core.a(fatal.c.obj)
                              (--whole-archive)
zephyr/arch/arch/arm/core/libarch__arm__core.a(nmi.c.obj)
                              (--whole-archive)
zephyr/arch/arch/arm/core/libarch__arm__core.a(nmi_on_reset.S.obj)
                              (--whole-archive)
zephyr/arch/arch/arm/core/libarch__arm__core.a(tls.c.obj)
                              (--whole-archive)
zephyr/arch/arch/arm/core/cortex_m/libarch__arm__core__cortex_m.a(exc_exit.c.obj)
                              (--whole-archive)
zephyr/arch/arch/arm/core/cortex_m/libarch__arm__core__cortex_m.a(fault.c.obj)
                              (--whole-archive)
zephyr/arch/arch/arm/core/cortex_m/libarch__arm__core__cortex_m.a(fault_s.S.obj)
                              (--whole-archive)
zephyr/arch/arch/arm/core/cortex_m/libarch__arm__core__cortex_m.a(fpu.c.obj)
                              (--whole-archive)
zephyr/arch/arch/arm/core/cortex_m/libarch__arm__core__cortex_m.a(reset.S.obj)
                              (--whole-archive)
zephyr/arch/arch/arm/core/cortex_m/libarch__arm__core__cortex_m.a(scb.c.obj)
                              (--whole-archive)
zephyr/arch/arch/arm/core/cortex_m/libarch__arm__core__cortex_m.a(thread_abort.c.obj)
                              (--whole-archive)
zephyr/arch/arch/arm/core/cortex_m/libarch__arm__core__cortex_m.a(vector_table.S.obj)
                              (--whole-archive)
zephyr/arch/arch/arm/core/cortex_m/libarch__arm__core__cortex_m.a(swap.c.obj)
                              (--whole-archive)
zephyr/arch/arch/arm/core/cortex_m/libarch__arm__core__cortex_m.a(swap_helper.S.obj)
                              (--whole-archive)
zephyr/arch/arch/arm/core/cortex_m/libarch__arm__core__cortex_m.a(irq_manage.c.obj)
                              (--whole-archive)
zephyr/arch/arch/arm/core/cortex_m/libarch__arm__core__cortex_m.a(prep_c.c.obj)
                              (--whole-archive)
zephyr/arch/arch/arm/core/cortex_m/libarch__arm__core__cortex_m.a(thread.c.obj)
                              (--whole-archive)
zephyr/arch/arch/arm/core/cortex_m/libarch__arm__core__cortex_m.a(cpu_idle.c.obj)
                              (--whole-archive)
zephyr/arch/arch/arm/core/cortex_m/libarch__arm__core__cortex_m.a(irq_init.c.obj)
                              (--whole-archive)
[...]
Memory Configuration

Name             Origin             Length             Attributes
FLASH            0x0000000000000000 0x0000000000100000 xr
RAM              0x0000000020000000 0x0000000000040000 xw
IDT_LIST         0x00000000ffff7fff 0x0000000000008000 xw
*default*        0x0000000000000000 0xffffffffffffffff

Linker script and memory map

                0x000000000000761c                vfprintf = __l_vfprintf
                0x0000000000000000                vfscanf = __l_vfscanf
LOAD zephyr/CMakeFiles/zephyr_pre0.dir/misc/empty_file.c.obj
LOAD zephyr/CMakeFiles/offsets.dir/./arch/arm/core/offsets/offsets.c.obj
LOAD app/libapp.a
LOAD zephyr/libzephyr.a
LOAD zephyr/arch/common/libarch__common.a
LOAD zephyr/arch/arch/arm/core/libarch__arm__core.a
LOAD zephyr/arch/arch/arm/core/cortex_m/libarch__arm__core__cortex_m.a
LOAD zephyr/arch/arch/arm/core/mpu/libarch__arm__core__mpu.a
LOAD zephyr/lib/libc/picolibc/liblib__libc__picolibc.a
LOAD zephyr/lib/libc/common/liblib__libc__common.a
LOAD zephyr/soc/soc/nrf52840/libsoc__nordic.a
LOAD zephyr/boards/nordic/nrf52840dongle/libboards__nordic__nrf52840dongle.a
LOAD zephyr/drivers/usb/device/libdrivers__usb__device.a
LOAD zephyr/drivers/usb/common/nrf_usbd_common/libdrivers__usb__common__nrf_usbd_common.a
LOAD zephyr/drivers/clock_control/libdrivers__clock_control.a
LOAD zephyr/drivers/console/libdrivers__console.a
LOAD zephyr/drivers/gpio/libdrivers__gpio.a
LOAD zephyr/drivers/hwinfo/libdrivers__hwinfo.a
LOAD zephyr/drivers/pinctrl/libdrivers__pinctrl.a
LOAD zephyr/drivers/serial/libdrivers__serial.a
LOAD zephyr/drivers/spi/libdrivers__spi.a
LOAD zephyr/drivers/timer/libdrivers__timer.a
LOAD modules/hal_nordic/nrfx/libmodules__hal_nordic__nrfx.a
LOAD zephyr/kernel/libkernel.a
LOAD /usr/local/zephyr-sdk-0.16.5-1/arm-zephyr-eabi/bin/../lib/gcc/arm-zephyr-eabi/12.2.0/thumb/v7e-m/nofp/libgcc.a
LOAD zephyr/arch/common/libisr_tables.a
LOAD /usr/local/zephyr-sdk-0.16.5-1/arm-zephyr-eabi/bin/../lib/gcc/../../picolibc/arm-zephyr-eabi/lib/thumb/v7e-m/nofp/libc.a
LOAD /usr/local/zephyr-sdk-0.16.5-1/arm-zephyr-eabi/bin/../lib/gcc/arm-zephyr-eabi/12.2.0/thumb/v7e-m/nofp/libgcc.a
                0x0000000000000020                _region_min_align = 0x20

.rel.plt        0x0000000000000000        0x0
 *(SORT_BY_ALIGNMENT(.rel.plt))
                [!provide]                        PROVIDE (__rel_iplt_start = .)
 *(SORT_BY_ALIGNMENT(.rel.iplt))
 .rel.iplt      0x0000000000000000        0x0 app/libapp.a(main.c.obj)
                [!provide]                        PROVIDE (__rel_iplt_end = .)

.rela.plt       0x0000000000000000        0x0
 *(SORT_BY_ALIGNMENT(.rela.plt))
                [!provide]                        PROVIDE (__rela_iplt_start = .)
 *(SORT_BY_ALIGNMENT(.rela.iplt))
                [!provide]                        PROVIDE (__rela_iplt_end = .)

.rel.dyn
 *(SORT_BY_ALIGNMENT(.rel.*))

.rela.dyn
 *(SORT_BY_ALIGNMENT(.rela.*))

/DISCARD/
 *(SORT_BY_ALIGNMENT(.plt))

/DISCARD/
 *(SORT_BY_ALIGNMENT(.iplt))
                0x0000000000000000                __rom_region_start = 0x0

rom_start       0x0000000000000000      0x100
                0x0000000000000000                __rom_start_address = .
 FILL mask 0x00
                0x0000000000000000                . = (. + (0x0 - (. - __rom_start_address)))
                0x0000000000000000                . = ALIGN (0x4)
                0x0000000000000000                . = ALIGN (0x80)
                0x0000000000000000                . = ALIGN (0x100)
                0x0000000000000000                _vector_start = .
 *(SORT_BY_ALIGNMENT(.exc_vector_table))
 *(SORT_BY_ALIGNMENT(.exc_vector_table.*))
 .exc_vector_table._vector_table_section
                0x0000000000000000       0x40 zephyr/arch/arch/arm/core/cortex_m/libarch__arm__core__cortex_m.a(vector_table.S.obj)
                0x0000000000000000                _vector_table
 *(SORT_BY_ALIGNMENT(.vectors))
                0x0000000000000100                _vector_end = .
                0x0000000000000040                . = ALIGN (0x4)
 *(SORT_BY_ALIGNMENT(.gnu.linkonce.irq_vector_table*))
 .gnu.linkonce.irq_vector_table
                0x0000000000000040       0xc0 zephyr/arch/common/libisr_tables.a(isr_tables.c.obj)
                0x0000000000000040                _irq_vector_table
                0x0000000000000100                _vector_end = .

text            0x0000000000000100     0x95ec
                0x0000000000000100                __text_region_start = .
 *(SORT_BY_ALIGNMENT(.text))
 .text          0x0000000000000100       0x30 /usr/local/zephyr-sdk-0.16.5-1/arm-zephyr-eabi/bin/../lib/gcc/arm-zephyr-eabi/12.2.0/thumb/v7e-m/nofp/libgcc.a(_aeabi_uldivmod.o)
                0x0000000000000100                __aeabi_uldivmod
 .text          0x0000000000000130        0x4 /usr/local/zephyr-sdk-0.16.5-1/arm-zephyr-eabi/bin/../lib/gcc/arm-zephyr-eabi/12.2.0/thumb/v7e-m/nofp/libgcc.a(_dvmd_tls.o)
                0x0000000000000130                __aeabi_ldiv0
                0x0000000000000130                __aeabi_idiv0
 .text          0x0000000000000134      0x2a0 /usr/local/zephyr-sdk-0.16.5-1/arm-zephyr-eabi/bin/../lib/gcc/arm-zephyr-eabi/12.2.0/thumb/v7e-m/nofp/libgcc.a(_udivmoddi4.o)
                0x0000000000000134                __udivmoddi4
 .text          0x00000000000003d4       0x10 /usr/local/zephyr-sdk-0.16.5-1/arm-zephyr-eabi/bin/../lib/gcc/../../picolibc/arm-zephyr-eabi/lib/thumb/v7e-m/nofp/libc.a(strlen.S.o)
                0x00000000000003d4                strlen
 *(SORT_BY_ALIGNMENT(.text.*))
 .text.myThread0
                0x00000000000003e4       0x60 app/libapp.a(main.c.obj)
                0x00000000000003e4                myThread0
 .text.myThread1
                0x0000000000000444       0x64 app/libapp.a(main.c.obj)
                0x0000000000000444                myThread1
 .text.main     0x00000000000004a8       0x34 app/libapp.a(main.c.obj)
                0x00000000000004a8                main
 .text.set_trig_flag
                0x00000000000004dc       0x2c app/libapp.a(my_timer.c.obj)
 .text.get_next_trig_ticks
                0x0000000000000508       0x34 app/libapp.a(my_timer.c.obj)
                0x0000000000000508                get_next_trig_ticks
 .text.myTimer_stop
                0x000000000000053c       0x3c app/libapp.a(my_timer.c.obj)
                0x000000000000053c                myTimer_stop
 .text.handle_timers
                0x0000000000000578       0x7c app/libapp.a(my_timer.c.obj)
                0x0000000000000578                handle_timers
 .text.rtc2_irq_handler
                0x00000000000005f4       0x28 app/libapp.a(my_timer.c.obj)
                0x00000000000005f4                rtc2_irq_handler
 .text.char_out
                0x000000000000061c        0xc zephyr/libzephyr.a(printk.c.obj)
 .text.vprintk  0x0000000000000628       0x30 zephyr/libzephyr.a(printk.c.obj)
                0x0000000000000628                vprintk
 .text.__printk_hook_install
                0x0000000000000658        0xc zephyr/libzephyr.a(printk.c.obj)
                0x0000000000000658                __printk_hook_install
 .text.z_thread_entry
                0x0000000000000664       0x34 zephyr/libzephyr.a(thread_entry.c.obj)
                0x0000000000000664                z_thread_entry
 .text.process_event
                0x0000000000000698      0x21c zephyr/libzephyr.a(onoff.c.obj)
 .text.mem_attr_get_regions
                0x00000000000008b4        0xc zephyr/libzephyr.a(mem_attr.c.obj)
                0x00000000000008b4                mem_attr_get_regions
 .text.class_handler
                0x00000000000008c0       0x40 zephyr/libzephyr.a(usb_device.c.obj)
 .text.custom_handler
                0x0000000000000900       0x60 zephyr/libzephyr.a(usb_device.c.obj)
 .text.vendor_handler
                0x0000000000000960       0x3c zephyr/libzephyr.a(usb_device.c.obj)
 .text.disable_endpoint
                0x000000000000099c       0x2c zephyr/libzephyr.a(usb_device.c.obj)
 .text.usb_reset_alt_setting
                0x00000000000009c8       0x10 zephyr/libzephyr.a(usb_device.c.obj)
 .text.is_ep_valid.part.0
                0x00000000000009d8       0x38 zephyr/libzephyr.a(usb_device.c.obj)
 .text.usb_handle_request.constprop.0
                0x0000000000000a10       0x2c zephyr/libzephyr.a(usb_device.c.obj)
 .text.forward_status_cb
                0x0000000000000a3c       0xac zephyr/libzephyr.a(usb_device.c.obj)
 .text.usb_halt_endpoint_req.isra.0
                0x0000000000000ae8       0x50 zephyr/libzephyr.a(usb_device.c.obj)
 .text.set_endpoint
                0x0000000000000b38       0x84 zephyr/libzephyr.a(usb_device.c.obj)
 .text.usb_handle_standard_request
                0x0000000000000bbc      0x29c zephyr/libzephyr.a(usb_device.c.obj)
 .text.usb_data_to_host
                0x0000000000000e58       0x60 zephyr/libzephyr.a(usb_device.c.obj)
 .text.usb_handle_control_transfer
                0x0000000000000eb8       0xdc zephyr/libzephyr.a(usb_device.c.obj)
 .text.usb_set_config
                0x0000000000000f94       0x2c zephyr/libzephyr.a(usb_device.c.obj)
                0x0000000000000f94                usb_set_config
 .text.usb_enable
                0x0000000000000fc0      0x124 zephyr/libzephyr.a(usb_device.c.obj)
                0x0000000000000fc0                usb_enable
 .text.usb_device_init
                0x00000000000010e4       0x30 zephyr/libzephyr.a(usb_device.c.obj)
 .text.usb_update_sn_string_descriptor
                0x0000000000001114       0x88 zephyr/libzephyr.a(usb_descriptor.c.obj)
                0x0000000000001114                usb_update_sn_string_descriptor
 .text.usb_get_device_descriptor
                0x000000000000119c      0x1d8 zephyr/libzephyr.a(usb_descriptor.c.obj)
                0x000000000000119c                usb_get_device_descriptor
 .text.usb_ep_get_transfer
                0x0000000000001374       0x2c zephyr/libzephyr.a(usb_transfer.c.obj)
 .text.usb_transfer_work
                0x00000000000013a0      0x100 zephyr/libzephyr.a(usb_transfer.c.obj)
 .text.usb_transfer_ep_callback
                0x00000000000014a0       0x5c zephyr/libzephyr.a(usb_transfer.c.obj)
                0x00000000000014a0                usb_transfer_ep_callback
 .text.usb_transfer
                0x00000000000014fc       0xe0 zephyr/libzephyr.a(usb_transfer.c.obj)
                0x00000000000014fc                usb_transfer
 .text.usb_cancel_transfer
                0x00000000000015dc       0x3c zephyr/libzephyr.a(usb_transfer.c.obj)
                0x00000000000015dc                usb_cancel_transfer
 .text.usb_cancel_transfers
                0x0000000000001618       0x44 zephyr/libzephyr.a(usb_transfer.c.obj)
                0x0000000000001618                usb_cancel_transfers
 .text.usb_transfer_init
                0x000000000000165c       0x34 zephyr/libzephyr.a(usb_transfer.c.obj)
                0x000000000000165c                usb_transfer_init
 .text.cdc_acm_class_handle_req
                0x0000000000001690       0x64 zephyr/libzephyr.a(cdc_acm.c.obj)
                0x0000000000001690                cdc_acm_class_handle_req
 .text.cdc_acm_int_in
                0x00000000000016f4       0x18 zephyr/libzephyr.a(cdc_acm.c.obj)
 .text.cdc_acm_irq_rx_enable
                0x000000000000170c       0x20 zephyr/libzephyr.a(cdc_acm.c.obj)
 .text.cdc_acm_irq_tx_enable
                0x000000000000172c       0x20 zephyr/libzephyr.a(cdc_acm.c.obj)
 .text.cdc_acm_write_cb
                0x000000000000174c       0x54 zephyr/libzephyr.a(cdc_acm.c.obj)
 .text.cdc_acm_fifo_fill
                0x00000000000017a0       0x38 zephyr/libzephyr.a(cdc_acm.c.obj)
 .text.cdc_acm_reset_port
                0x00000000000017d8       0x3c zephyr/libzephyr.a(cdc_acm.c.obj)
 .text.tx_work_handler
                0x0000000000001814       0x64 zephyr/libzephyr.a(cdc_acm.c.obj)
 .text.cdc_acm_init
                0x0000000000001878       0x48 zephyr/libzephyr.a(cdc_acm.c.obj)
 .text.cdc_acm_poll_out
                0x00000000000018c0       0x4c zephyr/libzephyr.a(cdc_acm.c.obj)
 .text.cdc_acm_read_cb
                0x000000000000190c       0x74 zephyr/libzephyr.a(cdc_acm.c.obj)
 .text.cdc_acm_dev_status_cb
                0x0000000000001980       0x84 zephyr/libzephyr.a(cdc_acm.c.obj)
 .text.z_usb_work_q_init
                0x0000000000001a04       0x34 zephyr/libzephyr.a(usb_work_q.c.obj)
 .text.z_SysNmiOnReset
                0x0000000000001a38        0x8 zephyr/arch/arch/arm/core/libarch__arm__core.a(nmi_on_reset.S.obj)
                0x0000000000001a38                z_SysNmiOnReset
 .text.arch_tls_stack_setup
                0x0000000000001a40       0x40 zephyr/arch/arch/arm/core/libarch__arm__core.a(tls.c.obj)
                0x0000000000001a40                arch_tls_stack_setup
 .text._HandlerModeExit
                0x0000000000001a80       0x28 zephyr/arch/arch/arm/core/cortex_m/libarch__arm__core__cortex_m.a(exc_exit.c.obj)
                0x0000000000001a80                z_arm_exc_exit
                0x0000000000001a80                z_arm_int_exit
 .text.mem_manage_fault
                0x0000000000001aa8       0xa0 zephyr/arch/arch/arm/core/cortex_m/libarch__arm__core__cortex_m.a(fault.c.obj)
 .text.usage_fault.constprop.0
                0x0000000000001b48       0x54 zephyr/arch/arch/arm/core/cortex_m/libarch__arm__core__cortex_m.a(fault.c.obj)
 .text.bus_fault.constprop.0
                0x0000000000001b9c       0x6c zephyr/arch/arch/arm/core/cortex_m/libarch__arm__core__cortex_m.a(fault.c.obj)
 .text.z_arm_fault
                0x0000000000001c08      0x128 zephyr/arch/arch/arm/core/cortex_m/libarch__arm__core__cortex_m.a(fault.c.obj)
                0x0000000000001c08                z_arm_fault
 .text.z_arm_fault_init
                0x0000000000001d30       0x10 zephyr/arch/arch/arm/core/cortex_m/libarch__arm__core__cortex_m.a(fault.c.obj)
                0x0000000000001d30                z_arm_fault_init
 .text.__fault  0x0000000000001d40       0x14 zephyr/arch/arch/arm/core/cortex_m/libarch__arm__core__cortex_m.a(fault_s.S.obj)
                0x0000000000001d40                z_arm_bus_fault
                0x0000000000001d40                z_arm_usage_fault
                0x0000000000001d40                z_arm_mpu_fault
                0x0000000000001d40                z_arm_exc_spurious
                0x0000000000001d40                z_arm_debug_monitor
                0x0000000000001d40                z_arm_hard_fault
 .text._reset_section
                0x0000000000001d54       0x38 zephyr/arch/arch/arm/core/cortex_m/libarch__arm__core__cortex_m.a(reset.S.obj)
                0x0000000000001d54                z_arm_reset
                0x0000000000001d54                __start
 .text.z_impl_k_thread_abort
                0x0000000000001d8c       0x2c zephyr/arch/arch/arm/core/cortex_m/libarch__arm__core__cortex_m.a(thread_abort.c.obj)
                0x0000000000001d8c                z_impl_k_thread_abort
 .text.arch_swap
                0x0000000000001db8       0x34 zephyr/arch/arch/arm/core/cortex_m/libarch__arm__core__cortex_m.a(swap.c.obj)
                0x0000000000001db8                arch_swap
 .text.z_arm_pendsv_c
                0x0000000000001dec       0x50 zephyr/arch/arch/arm/core/cortex_m/libarch__arm__core__cortex_m.a(swap.c.obj)
                0x0000000000001dec                z_arm_pendsv_c
 .text.z_arm_pendsv
                0x0000000000001e3c       0x34 zephyr/arch/arch/arm/core/cortex_m/libarch__arm__core__cortex_m.a(swap_helper.S.obj)
                0x0000000000001e3c                z_arm_pendsv
 .text.z_arm_svc
                0x0000000000001e70       0x20 zephyr/arch/arch/arm/core/cortex_m/libarch__arm__core__cortex_m.a(swap_helper.S.obj)
                0x0000000000001e70                z_arm_svc
 .text.arch_irq_enable
                0x0000000000001e90       0x1c zephyr/arch/arch/arm/core/cortex_m/libarch__arm__core__cortex_m.a(irq_manage.c.obj)
                0x0000000000001e90                arch_irq_enable
 .text.arch_irq_disable
                0x0000000000001eac       0x28 zephyr/arch/arch/arm/core/cortex_m/libarch__arm__core__cortex_m.a(irq_manage.c.obj)
                0x0000000000001eac                arch_irq_disable
 .text.arch_irq_is_enabled
                0x0000000000001ed4       0x1c zephyr/arch/arch/arm/core/cortex_m/libarch__arm__core__cortex_m.a(irq_manage.c.obj)
                0x0000000000001ed4                arch_irq_is_enabled
 .text.z_arm_irq_priority_set
                0x0000000000001ef0       0x30 zephyr/arch/arch/arm/core/cortex_m/libarch__arm__core__cortex_m.a(irq_manage.c.obj)
                0x0000000000001ef0                z_arm_irq_priority_set
 .text.z_prep_c
                0x0000000000001f20       0x48 zephyr/arch/arch/arm/core/cortex_m/libarch__arm__core__cortex_m.a(prep_c.c.obj)
                0x0000000000001f20                z_prep_c
 .text.arch_new_thread
                0x0000000000001f68       0x38 zephyr/arch/arch/arm/core/cortex_m/libarch__arm__core__cortex_m.a(thread.c.obj)
                0x0000000000001f68                arch_new_thread
 .text.z_check_thread_stack_fail
                0x0000000000001fa0       0x30 zephyr/arch/arch/arm/core/cortex_m/libarch__arm__core__cortex_m.a(thread.c.obj)
                0x0000000000001fa0                z_check_thread_stack_fail
 .text.arch_switch_to_main_thread
                0x0000000000001fd0       0x48 zephyr/arch/arch/arm/core/cortex_m/libarch__arm__core__cortex_m.a(thread.c.obj)
                0x0000000000001fd0                arch_switch_to_main_thread
 .text.z_arm_cpu_idle_init
                0x0000000000002018        0xc zephyr/arch/arch/arm/core/cortex_m/libarch__arm__core__cortex_m.a(cpu_idle.c.obj)
                0x0000000000002018                z_arm_cpu_idle_init
 .text.z_arm_interrupt_init
                0x0000000000002024       0x18 zephyr/arch/arch/arm/core/cortex_m/libarch__arm__core__cortex_m.a(irq_init.c.obj)
                0x0000000000002024                z_arm_interrupt_init
 .text._isr_wrapper
                0x000000000000203c       0x24 zephyr/arch/arch/arm/core/cortex_m/libarch__arm__core__cortex_m.a(isr_wrapper.c.obj)
                0x000000000000203c                _isr_wrapper
 .text.z_arm_configure_static_mpu_regions
                0x0000000000002060       0x18 zephyr/arch/arch/arm/core/mpu/libarch__arm__core__mpu.a(arm_core_mpu.c.obj)
                0x0000000000002060                z_arm_configure_static_mpu_regions
 .text.z_arm_configure_dynamic_mpu_regions
                0x0000000000002078       0x24 zephyr/arch/arch/arm/core/mpu/libarch__arm__core__mpu.a(arm_core_mpu.c.obj)
                0x0000000000002078                z_arm_configure_dynamic_mpu_regions
 .text.region_init
                0x000000000000209c       0x28 zephyr/arch/arch/arm/core/mpu/libarch__arm__core__mpu.a(arm_mpu.c.obj)
 .text.mpu_configure_regions
                0x00000000000020c4       0x6c zephyr/arch/arch/arm/core/mpu/libarch__arm__core__mpu.a(arm_mpu.c.obj)
 .text.arm_core_mpu_enable
                0x0000000000002130       0x18 zephyr/arch/arch/arm/core/mpu/libarch__arm__core__mpu.a(arm_mpu.c.obj)
                0x0000000000002130                arm_core_mpu_enable
 .text.arm_core_mpu_disable
                0x0000000000002148       0x14 zephyr/arch/arch/arm/core/mpu/libarch__arm__core__mpu.a(arm_mpu.c.obj)
                0x0000000000002148                arm_core_mpu_disable
 .text.arm_core_mpu_configure_static_mpu_regions
                0x000000000000215c       0x14 zephyr/arch/arch/arm/core/mpu/libarch__arm__core__mpu.a(arm_mpu.c.obj)
                0x000000000000215c                arm_core_mpu_configure_static_mpu_regions
 .text.arm_core_mpu_configure_dynamic_mpu_regions
                0x0000000000002170       0x38 zephyr/arch/arch/arm/core/mpu/libarch__arm__core__mpu.a(arm_mpu.c.obj)
                0x0000000000002170                arm_core_mpu_configure_dynamic_mpu_regions
 .text.z_arm_mpu_init
                0x00000000000021a8      0x160 zephyr/arch/arch/arm/core/mpu/libarch__arm__core__mpu.a(arm_mpu.c.obj)
                0x00000000000021a8                z_arm_mpu_init
 .text.z_impl_zephyr_fputc
                0x0000000000002308       0x10 zephyr/lib/libc/picolibc/liblib__libc__picolibc.a(libc-hooks.c.obj)
                0x0000000000002308                z_impl_zephyr_fputc
 .text.__stdout_hook_install
                0x0000000000002318       0x18 zephyr/lib/libc/picolibc/liblib__libc__picolibc.a(libc-hooks.c.obj)
                0x0000000000002318                __stdout_hook_install
 .text.malloc_prepare
                0x0000000000002330       0x24 zephyr/lib/libc/common/liblib__libc__common.a(malloc.c.obj)
 .text.nordicsemi_nrf52_init
                0x0000000000002354       0x44 zephyr/soc/soc/nrf52840/libsoc__nordic.a(soc.c.obj)
 .text.arch_busy_wait
                0x0000000000002398       0x14 zephyr/soc/soc/nrf52840/libsoc__nordic.a(soc.c.obj)
                0x0000000000002398                arch_busy_wait
 .text.board_nrf52840dongle_nrf52840_init
                0x00000000000023ac       0x7c zephyr/boards/nordic/nrf52840dongle/libboards__nordic__nrf52840dongle.a(board.c.obj)
 .text.endpoint_ctx
                0x0000000000002428       0x60 zephyr/drivers/usb/device/libdrivers__usb__device.a(usb_dc_nrfx.c.obj)
 .text.usbd_work_schedule
                0x0000000000002488       0x10 zephyr/drivers/usb/device/libdrivers__usb__device.a(usb_dc_nrfx.c.obj)
 .text.usbd_evt_put
                0x0000000000002498        0xc zephyr/drivers/usb/device/libdrivers__usb__device.a(usb_dc_nrfx.c.obj)
 .text.usbd_evt_get
                0x00000000000024a4       0x10 zephyr/drivers/usb/device/libdrivers__usb__device.a(usb_dc_nrfx.c.obj)
 .text.usb_init
                0x00000000000024b4       0x70 zephyr/drivers/usb/device/libdrivers__usb__device.a(usb_dc_nrfx.c.obj)
 .text.hfxo_stop.constprop.0.isra.0
                0x0000000000002524       0x40 zephyr/drivers/usb/device/libdrivers__usb__device.a(usb_dc_nrfx.c.obj)
 .text.eps_ctx_init
                0x0000000000002564       0x68 zephyr/drivers/usb/device/libdrivers__usb__device.a(usb_dc_nrfx.c.obj)
 .text.usbd_evt_flush
                0x00000000000025cc       0x1c zephyr/drivers/usb/device/libdrivers__usb__device.a(usb_dc_nrfx.c.obj)
 .text.usbd_evt_alloc
                0x00000000000025e8       0x44 zephyr/drivers/usb/device/libdrivers__usb__device.a(usb_dc_nrfx.c.obj)
 .text.usb_dc_power_event_handler
                0x000000000000262c       0x34 zephyr/drivers/usb/device/libdrivers__usb__device.a(usb_dc_nrfx.c.obj)
 .text.usbd_event_transfer_data
                0x0000000000002660       0xa8 zephyr/drivers/usb/device/libdrivers__usb__device.a(usb_dc_nrfx.c.obj)
 .text.usbd_event_handler
                0x0000000000002708      0x11c zephyr/drivers/usb/device/libdrivers__usb__device.a(usb_dc_nrfx.c.obj)
 .text.usbd_work_handler
                0x0000000000002824      0x2e0 zephyr/drivers/usb/device/libdrivers__usb__device.a(usb_dc_nrfx.c.obj)
 .text.usb_dc_attach
                0x0000000000002b04       0x64 zephyr/drivers/usb/device/libdrivers__usb__device.a(usb_dc_nrfx.c.obj)
                0x0000000000002b04                usb_dc_attach
 .text.usb_dc_set_address
                0x0000000000002b68       0x24 zephyr/drivers/usb/device/libdrivers__usb__device.a(usb_dc_nrfx.c.obj)
                0x0000000000002b68                usb_dc_set_address
 .text.usb_dc_ep_configure
                0x0000000000002b8c       0x48 zephyr/drivers/usb/device/libdrivers__usb__device.a(usb_dc_nrfx.c.obj)
                0x0000000000002b8c                usb_dc_ep_configure
 .text.usb_dc_ep_set_stall
                0x0000000000002bd4       0x50 zephyr/drivers/usb/device/libdrivers__usb__device.a(usb_dc_nrfx.c.obj)
                0x0000000000002bd4                usb_dc_ep_set_stall
 .text.usb_dc_ep_clear_stall
                0x0000000000002c24       0x40 zephyr/drivers/usb/device/libdrivers__usb__device.a(usb_dc_nrfx.c.obj)
                0x0000000000002c24                usb_dc_ep_clear_stall
 .text.usb_dc_ep_is_stalled
                0x0000000000002c64       0x38 zephyr/drivers/usb/device/libdrivers__usb__device.a(usb_dc_nrfx.c.obj)
                0x0000000000002c64                usb_dc_ep_is_stalled
 .text.usb_dc_ep_enable
                0x0000000000002c9c       0x54 zephyr/drivers/usb/device/libdrivers__usb__device.a(usb_dc_nrfx.c.obj)
                0x0000000000002c9c                usb_dc_ep_enable
 .text.usb_dc_ep_write
                0x0000000000002cf0       0xf8 zephyr/drivers/usb/device/libdrivers__usb__device.a(usb_dc_nrfx.c.obj)
                0x0000000000002cf0                usb_dc_ep_write
 .text.usb_dc_ep_read_wait
                0x0000000000002de8       0x90 zephyr/drivers/usb/device/libdrivers__usb__device.a(usb_dc_nrfx.c.obj)
                0x0000000000002de8                usb_dc_ep_read_wait
 .text.usb_dc_ep_read_continue
                0x0000000000002e78       0x84 zephyr/drivers/usb/device/libdrivers__usb__device.a(usb_dc_nrfx.c.obj)
                0x0000000000002e78                usb_dc_ep_read_continue
 .text.usb_dc_ep_set_callback
                0x0000000000002efc       0x28 zephyr/drivers/usb/device/libdrivers__usb__device.a(usb_dc_nrfx.c.obj)
                0x0000000000002efc                usb_dc_ep_set_callback
 .text.usb_dc_set_status_callback
                0x0000000000002f24        0xc zephyr/drivers/usb/device/libdrivers__usb__device.a(usb_dc_nrfx.c.obj)
                0x0000000000002f24                usb_dc_set_status_callback
 .text.usb_dc_ep_mps
                0x0000000000002f30       0x24 zephyr/drivers/usb/device/libdrivers__usb__device.a(usb_dc_nrfx.c.obj)
                0x0000000000002f30                usb_dc_ep_mps
 .text.nrf52_errata_187
                0x0000000000002f54       0x28 zephyr/drivers/usb/common/nrf_usbd_common/libdrivers__usb__common__nrf_usbd_common.a(nrf_usbd_common.c.obj)
 .text.ep_state_access
                0x0000000000002f7c       0x20 zephyr/drivers/usb/common/nrf_usbd_common/libdrivers__usb__common__nrf_usbd_common.a(nrf_usbd_common.c.obj)
 .text.usbd_errata_187_211_begin
                0x0000000000002f9c       0x3c zephyr/drivers/usb/common/nrf_usbd_common/libdrivers__usb__common__nrf_usbd_common.a(nrf_usbd_common.c.obj)
 .text.usbd_errata_187_211_end
                0x0000000000002fd8       0x3c zephyr/drivers/usb/common/nrf_usbd_common/libdrivers__usb__common__nrf_usbd_common.a(nrf_usbd_common.c.obj)
 .text.usbd_dma_pending_clear
                0x0000000000003014       0x1c zephyr/drivers/usb/common/nrf_usbd_common/libdrivers__usb__common__nrf_usbd_common.a(nrf_usbd_common.c.obj)
 .text.nrf_usbd_common_uninit
                0x0000000000003030       0x14 zephyr/drivers/usb/common/nrf_usbd_common/libdrivers__usb__common__nrf_usbd_common.a(nrf_usbd_common.c.obj)
                0x0000000000003030                nrf_usbd_common_uninit
 .text.nrf_usbd_common_enable
                0x0000000000003044      0x148 zephyr/drivers/usb/common/nrf_usbd_common/libdrivers__usb__common__nrf_usbd_common.a(nrf_usbd_common.c.obj)
                0x0000000000003044                nrf_usbd_common_enable
 .text.nrf_usbd_common_start
                0x000000000000318c       0x38 zephyr/drivers/usb/common/nrf_usbd_common/libdrivers__usb__common__nrf_usbd_common.a(nrf_usbd_common.c.obj)
                0x000000000000318c                nrf_usbd_common_start
 .text.nrf_usbd_common_is_enabled
                0x00000000000031c4       0x14 zephyr/drivers/usb/common/nrf_usbd_common/libdrivers__usb__common__nrf_usbd_common.a(nrf_usbd_common.c.obj)
                0x00000000000031c4                nrf_usbd_common_is_enabled
 .text.nrf_usbd_common_suspend
                0x00000000000031d8       0x50 zephyr/drivers/usb/common/nrf_usbd_common/libdrivers__usb__common__nrf_usbd_common.a(nrf_usbd_common.c.obj)
                0x00000000000031d8                nrf_usbd_common_suspend
 .text.nrf_usbd_common_init
                0x0000000000003228       0x84 zephyr/drivers/usb/common/nrf_usbd_common/libdrivers__usb__common__nrf_usbd_common.a(nrf_usbd_common.c.obj)
                0x0000000000003228                nrf_usbd_common_init
 .text.nrf_usbd_common_ep_enable_check
                0x00000000000032ac       0x28 zephyr/drivers/usb/common/nrf_usbd_common/libdrivers__usb__common__nrf_usbd_common.a(nrf_usbd_common.c.obj)
                0x00000000000032ac                nrf_usbd_common_ep_enable_check
 .text.nrf_usbd_common_ep_transfer
                0x00000000000032d4       0x98 zephyr/drivers/usb/common/nrf_usbd_common/libdrivers__usb__common__nrf_usbd_common.a(nrf_usbd_common.c.obj)
                0x00000000000032d4                nrf_usbd_common_ep_transfer
 .text.nrf_usbd_common_epout_size_get
                0x000000000000336c       0x28 zephyr/drivers/usb/common/nrf_usbd_common/libdrivers__usb__common__nrf_usbd_common.a(nrf_usbd_common.c.obj)
                0x000000000000336c                nrf_usbd_common_epout_size_get
 .text.nrf_usbd_common_irq_handler
                0x0000000000003394      0x498 zephyr/drivers/usb/common/nrf_usbd_common/libdrivers__usb__common__nrf_usbd_common.a(nrf_usbd_common.c.obj)
                0x0000000000003394                nrf_usbd_common_irq_handler
 .text.nrf_usbd_common_ep_stall
                0x000000000000382c       0x10 zephyr/drivers/usb/common/nrf_usbd_common/libdrivers__usb__common__nrf_usbd_common.a(nrf_usbd_common.c.obj)
                0x000000000000382c                nrf_usbd_common_ep_stall
 .text.nrf_usbd_common_ep_stall_check
                0x000000000000383c       0x34 zephyr/drivers/usb/common/nrf_usbd_common/libdrivers__usb__common__nrf_usbd_common.a(nrf_usbd_common.c.obj)
                0x000000000000383c                nrf_usbd_common_ep_stall_check
 .text.nrf_usbd_common_ep_dtoggle_clear
                0x0000000000003870       0x14 zephyr/drivers/usb/common/nrf_usbd_common/libdrivers__usb__common__nrf_usbd_common.a(nrf_usbd_common.c.obj)
                0x0000000000003870                nrf_usbd_common_ep_dtoggle_clear
 .text.nrf_usbd_common_setup_get
                0x0000000000003884       0x44 zephyr/drivers/usb/common/nrf_usbd_common/libdrivers__usb__common__nrf_usbd_common.a(nrf_usbd_common.c.obj)
                0x0000000000003884                nrf_usbd_common_setup_get
 .text.nrf_usbd_common_setup_data_clear
                0x00000000000038c8        0xc zephyr/drivers/usb/common/nrf_usbd_common/libdrivers__usb__common__nrf_usbd_common.a(nrf_usbd_common.c.obj)
                0x00000000000038c8                nrf_usbd_common_setup_data_clear
 .text.nrf_usbd_common_setup_clear
                0x00000000000038d4        0xc zephyr/drivers/usb/common/nrf_usbd_common/libdrivers__usb__common__nrf_usbd_common.a(nrf_usbd_common.c.obj)
                0x00000000000038d4                nrf_usbd_common_setup_clear
 .text.nrf_usbd_common_setup_stall
                0x00000000000038e0        0xc zephyr/drivers/usb/common/nrf_usbd_common/libdrivers__usb__common__nrf_usbd_common.a(nrf_usbd_common.c.obj)
                0x00000000000038e0                nrf_usbd_common_setup_stall
 .text.nrf_usbd_common_last_setup_dir_get
                0x00000000000038ec        0xc zephyr/drivers/usb/common/nrf_usbd_common/libdrivers__usb__common__nrf_usbd_common.a(nrf_usbd_common.c.obj)
                0x00000000000038ec                nrf_usbd_common_last_setup_dir_get
 .text.nrf_usbd_common_transfer_out_drop
                0x00000000000038f8       0x4c zephyr/drivers/usb/common/nrf_usbd_common/libdrivers__usb__common__nrf_usbd_common.a(nrf_usbd_common.c.obj)
                0x00000000000038f8                nrf_usbd_common_transfer_out_drop
 .text.usbd_ep_abort
                0x0000000000003944       0xf0 zephyr/drivers/usb/common/nrf_usbd_common/libdrivers__usb__common__nrf_usbd_common.a(nrf_usbd_common.c.obj)
 .text.nrf_usbd_common_ep_abort
                0x0000000000003a34       0x34 zephyr/drivers/usb/common/nrf_usbd_common/libdrivers__usb__common__nrf_usbd_common.a(nrf_usbd_common.c.obj)
                0x0000000000003a34                nrf_usbd_common_ep_abort
 .text.nrf_usbd_common_disable
                0x0000000000003a68       0xd4 zephyr/drivers/usb/common/nrf_usbd_common/libdrivers__usb__common__nrf_usbd_common.a(nrf_usbd_common.c.obj)
                0x0000000000003a68                nrf_usbd_common_disable
 .text.nrf_usbd_common_ep_disable
                0x0000000000003b3c       0x60 zephyr/drivers/usb/common/nrf_usbd_common/libdrivers__usb__common__nrf_usbd_common.a(nrf_usbd_common.c.obj)
                0x0000000000003b3c                nrf_usbd_common_ep_disable
 .text.nrf_usbd_common_ep_enable
                0x0000000000003b9c       0x70 zephyr/drivers/usb/common/nrf_usbd_common/libdrivers__usb__common__nrf_usbd_common.a(nrf_usbd_common.c.obj)
                0x0000000000003b9c                nrf_usbd_common_ep_enable
 .text.nrf_usbd_common_ep_stall_clear
                0x0000000000003c0c       0x20 zephyr/drivers/usb/common/nrf_usbd_common/libdrivers__usb__common__nrf_usbd_common.a(nrf_usbd_common.c.obj)
                0x0000000000003c0c                nrf_usbd_common_ep_stall_clear
 .text.onoff_stop
                0x0000000000003c2c       0x30 zephyr/drivers/clock_control/libdrivers__clock_control.a(clock_control_nrf.c.obj)
 .text.onoff_start
                0x0000000000003c5c       0x44 zephyr/drivers/clock_control/libdrivers__clock_control.a(clock_control_nrf.c.obj)
 .text.generic_hfclk_stop
                0x0000000000003ca0       0x34 zephyr/drivers/clock_control/libdrivers__clock_control.a(clock_control_nrf.c.obj)
 .text.clk_init
                0x0000000000003cd4       0x58 zephyr/drivers/clock_control/libdrivers__clock_control.a(clock_control_nrf.c.obj)
 .text.api_blocking_start
                0x0000000000003d2c       0x34 zephyr/drivers/clock_control/libdrivers__clock_control.a(clock_control_nrf.c.obj)
 .text.clkstarted_handle.constprop.0
                0x0000000000003d60       0x4c zephyr/drivers/clock_control/libdrivers__clock_control.a(clock_control_nrf.c.obj)
 .text.generic_hfclk_start
                0x0000000000003dac       0x78 zephyr/drivers/clock_control/libdrivers__clock_control.a(clock_control_nrf.c.obj)
 .text.clock_event_handler
                0x0000000000003e24       0x1c zephyr/drivers/clock_control/libdrivers__clock_control.a(clock_control_nrf.c.obj)
 .text.z_nrf_clock_control_get_onoff
                0x0000000000003e40       0x10 zephyr/drivers/clock_control/libdrivers__clock_control.a(clock_control_nrf.c.obj)
                0x0000000000003e40                z_nrf_clock_control_get_onoff
 .text.z_nrf_clock_control_lf_on
                0x0000000000003e50       0xfc zephyr/drivers/clock_control/libdrivers__clock_control.a(clock_control_nrf.c.obj)
                0x0000000000003e50                z_nrf_clock_control_lf_on
 .text.uart_poll_out.constprop.0
                0x0000000000003f4c       0x10 zephyr/drivers/console/libdrivers__console.a(uart_console.c.obj)
 .text.uart_console_init
                0x0000000000003f5c       0x28 zephyr/drivers/console/libdrivers__console.a(uart_console.c.obj)
 .text.gpio_nrfx_pin_interrupt_configure
                0x0000000000003f84      0x100 zephyr/drivers/gpio/libdrivers__gpio.a(gpio_nrfx.c.obj)
 .text.gpio_nrfx_init
                0x0000000000004084       0x48 zephyr/drivers/gpio/libdrivers__gpio.a(gpio_nrfx.c.obj)
 .text.nrfx_gpio_handler
                0x00000000000040cc       0x4c zephyr/drivers/gpio/libdrivers__gpio.a(gpio_nrfx.c.obj)
 .text.gpio_nrfx_pin_configure
                0x0000000000004118      0x18c zephyr/drivers/gpio/libdrivers__gpio.a(gpio_nrfx.c.obj)
 .text.nrf_gpio_pin_port_decode
                0x00000000000042a4       0x20 zephyr/drivers/pinctrl/libdrivers__pinctrl.a(pinctrl_nrf.c.obj)
 .text.pinctrl_configure_pins
                0x00000000000042c4      0x16c zephyr/drivers/pinctrl/libdrivers__pinctrl.a(pinctrl_nrf.c.obj)
                0x00000000000042c4                pinctrl_configure_pins
 .text.uarte_0_init
                0x0000000000004430      0x258 zephyr/drivers/serial/libdrivers__serial.a(uart_nrfx_uarte.c.obj)
 .text.uarte_nrfx_poll_out
                0x0000000000004688       0x98 zephyr/drivers/serial/libdrivers__serial.a(uart_nrfx_uarte.c.obj)
 .text.transfer_next_chunk
                0x0000000000004720       0x70 zephyr/drivers/spi/libdrivers__spi.a(spi_nrfx_spi.c.obj)
 .text.spi_nrfx_transceive
                0x0000000000004790      0x368 zephyr/drivers/spi/libdrivers__spi.a(spi_nrfx_spi.c.obj)
 .text.nrf_gpio_cfg_input
                0x0000000000004af8       0x40 zephyr/drivers/spi/libdrivers__spi.a(spi_nrfx_common.c.obj)
 .text.spi_nrfx_wake_init
                0x0000000000004b38       0x60 zephyr/drivers/spi/libdrivers__spi.a(spi_nrfx_common.c.obj)
                0x0000000000004b38                spi_nrfx_wake_init
 .text.compare_int_lock
                0x0000000000004b98       0x48 zephyr/drivers/timer/libdrivers__timer.a(nrf_rtc_timer.c.obj)
 .text.sys_clock_timeout_handler
                0x0000000000004be0       0x48 zephyr/drivers/timer/libdrivers__timer.a(nrf_rtc_timer.c.obj)
 .text.compare_int_unlock
                0x0000000000004c28       0x5c zephyr/drivers/timer/libdrivers__timer.a(nrf_rtc_timer.c.obj)
 .text.z_nrf_rtc_timer_read
                0x0000000000004c84       0x44 zephyr/drivers/timer/libdrivers__timer.a(nrf_rtc_timer.c.obj)
                0x0000000000004c84                z_nrf_rtc_timer_read
 .text.compare_set
                0x0000000000004cc8      0x130 zephyr/drivers/timer/libdrivers__timer.a(nrf_rtc_timer.c.obj)
 .text.sys_clock_driver_init
                0x0000000000004df8       0x90 zephyr/drivers/timer/libdrivers__timer.a(nrf_rtc_timer.c.obj)
 .text.rtc_nrf_isr
                0x0000000000004e88       0xd4 zephyr/drivers/timer/libdrivers__timer.a(nrf_rtc_timer.c.obj)
                0x0000000000004e88                rtc_nrf_isr
 .text.sys_clock_set_timeout
                0x0000000000004f5c       0x5c zephyr/drivers/timer/libdrivers__timer.a(nrf_rtc_timer.c.obj)
                0x0000000000004f5c                sys_clock_set_timeout
 .text.sys_clock_elapsed
                0x0000000000004fb8       0x14 zephyr/drivers/timer/libdrivers__timer.a(nrf_rtc_timer.c.obj)
                0x0000000000004fb8                sys_clock_elapsed
 .text.__NVIC_SystemReset
                0x0000000000004fcc       0x24 modules/hal_nordic/nrfx/libmodules__hal_nordic__nrfx.a(system_nrf52840.c.obj)
 .text.nrf52_errata_98
                0x0000000000004ff0       0x24 modules/hal_nordic/nrfx/libmodules__hal_nordic__nrfx.a(system_nrf52840.c.obj)
 .text.nvmc_wait
                0x0000000000005014       0x10 modules/hal_nordic/nrfx/libmodules__hal_nordic__nrfx.a(system_nrf52840.c.obj)
                0x0000000000005014                nvmc_wait
 .text.SystemInit
                0x0000000000005024      0x1c8 modules/hal_nordic/nrfx/libmodules__hal_nordic__nrfx.a(system_nrf52840.c.obj)
                0x0000000000005024                SystemInit
 .text.nrfx_flag32_alloc
                0x00000000000051ec       0x48 modules/hal_nordic/nrfx/libmodules__hal_nordic__nrfx.a(nrfx_flag32_allocator.c.obj)
                0x00000000000051ec                nrfx_flag32_alloc
 .text.nrfx_flag32_free
                0x0000000000005234       0x40 modules/hal_nordic/nrfx/libmodules__hal_nordic__nrfx.a(nrfx_flag32_allocator.c.obj)
                0x0000000000005234                nrfx_flag32_free
 .text.nrfx_gppi_channels_enable
                0x0000000000005274        0xc modules/hal_nordic/nrfx/libmodules__hal_nordic__nrfx.a(nrfx_gppi_ppi.c.obj)
                0x0000000000005274                nrfx_gppi_channels_enable
 .text.clock_stop
                0x0000000000005280       0xc4 modules/hal_nordic/nrfx/libmodules__hal_nordic__nrfx.a(nrfx_clock.c.obj)
 .text.nrfx_clock_init
                0x0000000000005344       0x20 modules/hal_nordic/nrfx/libmodules__hal_nordic__nrfx.a(nrfx_clock.c.obj)
                0x0000000000005344                nrfx_clock_init
 .text.nrfx_clock_enable
                0x0000000000005364       0x30 modules/hal_nordic/nrfx/libmodules__hal_nordic__nrfx.a(nrfx_clock.c.obj)
                0x0000000000005364                nrfx_clock_enable
 .text.nrfx_clock_start
                0x0000000000005394       0xa8 modules/hal_nordic/nrfx/libmodules__hal_nordic__nrfx.a(nrfx_clock.c.obj)
                0x0000000000005394                nrfx_clock_start
 .text.nrfx_clock_irq_handler
                0x000000000000543c       0x68 modules/hal_nordic/nrfx/libmodules__hal_nordic__nrfx.a(nrfx_clock.c.obj)
                0x000000000000543c                nrfx_clock_irq_handler
 .text.nrf_gpio_pin_port_decode
                0x00000000000054a4       0x20 modules/hal_nordic/nrfx/libmodules__hal_nordic__nrfx.a(nrfx_gpiote.c.obj)
 .text.get_pin_idx
                0x00000000000054c4       0x14 modules/hal_nordic/nrfx/libmodules__hal_nordic__nrfx.a(nrfx_gpiote.c.obj)
 .text.call_handler.constprop.0
                0x00000000000054d8       0x40 modules/hal_nordic/nrfx/libmodules__hal_nordic__nrfx.a(nrfx_gpiote.c.obj)
 .text.pin_te_get.constprop.0
                0x0000000000005518       0x18 modules/hal_nordic/nrfx/libmodules__hal_nordic__nrfx.a(nrfx_gpiote.c.obj)
 .text.pin_is_output.constprop.0
                0x0000000000005530       0x18 modules/hal_nordic/nrfx/libmodules__hal_nordic__nrfx.a(nrfx_gpiote.c.obj)
 .text.pin_in_use_by_te.constprop.0
                0x0000000000005548       0x18 modules/hal_nordic/nrfx/libmodules__hal_nordic__nrfx.a(nrfx_gpiote.c.obj)
 .text.latch_pending_read_and_check
                0x0000000000005560       0x40 modules/hal_nordic/nrfx/libmodules__hal_nordic__nrfx.a(nrfx_gpiote.c.obj)
 .text.release_handler.isra.0
                0x00000000000055a0       0x58 modules/hal_nordic/nrfx/libmodules__hal_nordic__nrfx.a(nrfx_gpiote.c.obj)
 .text.__nrfy_internal_gpiote_events_process.constprop.0
                0x00000000000055f8       0x5c modules/hal_nordic/nrfx/libmodules__hal_nordic__nrfx.a(nrfx_gpiote.c.obj)
 .text.pin_uninit
                0x0000000000005654       0x80 modules/hal_nordic/nrfx/libmodules__hal_nordic__nrfx.a(nrfx_gpiote.c.obj)
 .text.nrfx_gpiote_input_configure
                0x00000000000056d4      0x174 modules/hal_nordic/nrfx/libmodules__hal_nordic__nrfx.a(nrfx_gpiote.c.obj)
                0x00000000000056d4                nrfx_gpiote_input_configure
 .text.nrfx_gpiote_output_configure
                0x0000000000005848       0xfc modules/hal_nordic/nrfx/libmodules__hal_nordic__nrfx.a(nrfx_gpiote.c.obj)
                0x0000000000005848                nrfx_gpiote_output_configure
 .text.nrfx_gpiote_global_callback_set
                0x0000000000005944        0xc modules/hal_nordic/nrfx/libmodules__hal_nordic__nrfx.a(nrfx_gpiote.c.obj)
                0x0000000000005944                nrfx_gpiote_global_callback_set
 .text.nrfx_gpiote_channel_get
                0x0000000000005950       0x34 modules/hal_nordic/nrfx/libmodules__hal_nordic__nrfx.a(nrfx_gpiote.c.obj)
                0x0000000000005950                nrfx_gpiote_channel_get
 .text.nrfx_gpiote_init
                0x0000000000005984       0x70 modules/hal_nordic/nrfx/libmodules__hal_nordic__nrfx.a(nrfx_gpiote.c.obj)
                0x0000000000005984                nrfx_gpiote_init
 .text.nrfx_gpiote_init_check
                0x00000000000059f4       0x14 modules/hal_nordic/nrfx/libmodules__hal_nordic__nrfx.a(nrfx_gpiote.c.obj)
                0x00000000000059f4                nrfx_gpiote_init_check
 .text.nrfx_gpiote_channel_free
                0x0000000000005a08        0xc modules/hal_nordic/nrfx/libmodules__hal_nordic__nrfx.a(nrfx_gpiote.c.obj)
                0x0000000000005a08                nrfx_gpiote_channel_free
 .text.nrfx_gpiote_channel_alloc
                0x0000000000005a14        0xc modules/hal_nordic/nrfx/libmodules__hal_nordic__nrfx.a(nrfx_gpiote.c.obj)
                0x0000000000005a14                nrfx_gpiote_channel_alloc
 .text.nrfx_gpiote_trigger_enable
                0x0000000000005a20       0x9c modules/hal_nordic/nrfx/libmodules__hal_nordic__nrfx.a(nrfx_gpiote.c.obj)
                0x0000000000005a20                nrfx_gpiote_trigger_enable
 .text.nrfx_gpiote_0_irq_handler
                0x0000000000005abc      0x1bc modules/hal_nordic/nrfx/libmodules__hal_nordic__nrfx.a(nrfx_gpiote.c.obj)
                0x0000000000005abc                nrfx_gpiote_0_irq_handler
 .text.nrfx_power_init
                0x0000000000005c78       0x74 modules/hal_nordic/nrfx/libmodules__hal_nordic__nrfx.a(nrfx_power.c.obj)
                0x0000000000005c78                nrfx_power_init
 .text.nrfx_power_usbevt_uninit
                0x0000000000005cec       0x18 modules/hal_nordic/nrfx/libmodules__hal_nordic__nrfx.a(nrfx_power.c.obj)
                0x0000000000005cec                nrfx_power_usbevt_uninit
 .text.nrfx_power_usbevt_init
                0x0000000000005d04       0x14 modules/hal_nordic/nrfx/libmodules__hal_nordic__nrfx.a(nrfx_power.c.obj)
                0x0000000000005d04                nrfx_power_usbevt_init
 .text.nrfx_power_irq_handler
                0x0000000000005d18       0xa0 modules/hal_nordic/nrfx/libmodules__hal_nordic__nrfx.a(nrfx_power.c.obj)
                0x0000000000005d18                nrfx_power_irq_handler
 .text.nrfx_ppi_channel_alloc
                0x0000000000005db8        0xc modules/hal_nordic/nrfx/libmodules__hal_nordic__nrfx.a(nrfx_ppi.c.obj)
                0x0000000000005db8                nrfx_ppi_channel_alloc
 .text.nrf_gpio_pin_port_decode
                0x0000000000005dc4       0x20 modules/hal_nordic/nrfx/libmodules__hal_nordic__nrfx.a(nrfx_spi.c.obj)
 .text.nrf_gpio_cfg_output
                0x0000000000005de4       0x2c modules/hal_nordic/nrfx/libmodules__hal_nordic__nrfx.a(nrfx_spi.c.obj)
 .text.spi_configure
                0x0000000000005e10      0x120 modules/hal_nordic/nrfx/libmodules__hal_nordic__nrfx.a(nrfx_spi.c.obj)
 .text.nrf_gpio_cfg_default
                0x0000000000005f30       0x2c modules/hal_nordic/nrfx/libmodules__hal_nordic__nrfx.a(nrfx_spi.c.obj)
 .text.nrfx_spi_init
                0x0000000000005f5c       0x68 modules/hal_nordic/nrfx/libmodules__hal_nordic__nrfx.a(nrfx_spi.c.obj)
                0x0000000000005f5c                nrfx_spi_init
 .text.nrfx_spi_uninit
                0x0000000000005fc4       0x70 modules/hal_nordic/nrfx/libmodules__hal_nordic__nrfx.a(nrfx_spi.c.obj)
                0x0000000000005fc4                nrfx_spi_uninit
 .text.nrfx_spi_xfer
                0x0000000000006034       0xfc modules/hal_nordic/nrfx/libmodules__hal_nordic__nrfx.a(nrfx_spi.c.obj)
                0x0000000000006034                nrfx_spi_xfer
 .text.nrfx_spi_0_irq_handler
                0x0000000000006130       0x40 modules/hal_nordic/nrfx/libmodules__hal_nordic__nrfx.a(nrfx_spi.c.obj)
                0x0000000000006130                nrfx_spi_0_irq_handler
 .text.z_fatal_error
                0x0000000000006170       0x30 zephyr/kernel/libkernel.a(fatal.c.obj)
                0x0000000000006170                z_fatal_error
 .text.z_sys_init_run_level
                0x00000000000061a0       0x2c zephyr/kernel/libkernel.a(init.c.obj)
 .text.bg_thread_main
                0x00000000000061cc       0xc0 zephyr/kernel/libkernel.a(init.c.obj)
 .text.z_bss_zero
                0x000000000000628c       0x18 zephyr/kernel/libkernel.a(init.c.obj)
                0x000000000000628c                z_bss_zero
 .text.z_init_cpu
                0x00000000000062a4       0x94 zephyr/kernel/libkernel.a(init.c.obj)
                0x00000000000062a4                z_init_cpu
 .text.z_cstart
                0x0000000000006338       0xdc zephyr/kernel/libkernel.a(init.c.obj)
                0x0000000000006338                z_cstart
 .text.init_mem_slab_obj_core_list
                0x0000000000006414       0x24 zephyr/kernel/libkernel.a(mem_slab.c.obj)
 .text.k_mem_slab_alloc
                0x0000000000006438       0x5c zephyr/kernel/libkernel.a(mem_slab.c.obj)
                0x0000000000006438                k_mem_slab_alloc
 .text.z_impl_k_mutex_lock
                0x0000000000006494       0xf0 zephyr/kernel/libkernel.a(mutex.c.obj)
                0x0000000000006494                z_impl_k_mutex_lock
 .text.z_impl_k_mutex_unlock
                0x0000000000006584       0x78 zephyr/kernel/libkernel.a(mutex.c.obj)
                0x0000000000006584                z_impl_k_mutex_unlock
 .text.z_impl_k_queue_get
                0x00000000000065fc       0x64 zephyr/kernel/libkernel.a(queue.c.obj)
                0x00000000000065fc                z_impl_k_queue_get
 .text.z_impl_k_sem_give
                0x0000000000006660       0x48 zephyr/kernel/libkernel.a(sem.c.obj)
                0x0000000000006660                z_impl_k_sem_give
 .text.z_impl_k_sem_take
                0x00000000000066a8       0x4c zephyr/kernel/libkernel.a(sem.c.obj)
                0x00000000000066a8                z_impl_k_sem_take
 .text.z_impl_k_sem_reset
                0x00000000000066f4       0x3c zephyr/kernel/libkernel.a(sem.c.obj)
                0x00000000000066f4                z_impl_k_sem_reset
 .text.work_queue_main
                0x0000000000006730      0x144 zephyr/kernel/libkernel.a(work.c.obj)
 .text.submit_to_queue_locked
                0x0000000000006874       0xb4 zephyr/kernel/libkernel.a(work.c.obj)
 .text.k_work_queue_start
                0x0000000000006928       0x70 zephyr/kernel/libkernel.a(work.c.obj)
                0x0000000000006928                k_work_queue_start
 .text.k_work_schedule_for_queue
                0x0000000000006998       0x54 zephyr/kernel/libkernel.a(work.c.obj)
                0x0000000000006998                k_work_schedule_for_queue
 .text.z_impl_k_condvar_signal
                0x00000000000069ec       0x3c zephyr/kernel/libkernel.a(condvar.c.obj)
                0x00000000000069ec                z_impl_k_condvar_signal
 .text.z_impl_k_condvar_wait
                0x0000000000006a28       0x4c zephyr/kernel/libkernel.a(condvar.c.obj)
                0x0000000000006a28                z_impl_k_condvar_wait
 .text.z_impl_k_thread_name_set
                0x0000000000006a74       0x20 zephyr/kernel/libkernel.a(thread.c.obj)
                0x0000000000006a74                z_impl_k_thread_name_set
 .text.z_setup_new_thread
                0x0000000000006a94       0xec zephyr/kernel/libkernel.a(thread.c.obj)
                0x0000000000006a94                z_setup_new_thread
 .text.z_impl_k_thread_create
                0x0000000000006b80       0x58 zephyr/kernel/libkernel.a(thread.c.obj)
                0x0000000000006b80                z_impl_k_thread_create
 .text.update_cache
                0x0000000000006bd8       0x40 zephyr/kernel/libkernel.a(sched.c.obj)
 .text.unready_thread
                0x0000000000006c18       0x38 zephyr/kernel/libkernel.a(sched.c.obj)
 .text.ready_thread
                0x0000000000006c50       0x68 zephyr/kernel/libkernel.a(sched.c.obj)
 .text.z_thread_halt
                0x0000000000006cb8       0xb4 zephyr/kernel/libkernel.a(sched.c.obj)
 .text.move_thread_to_end_of_prio_q
                0x0000000000006d6c       0x7c zephyr/kernel/libkernel.a(sched.c.obj)
                0x0000000000006d6c                move_thread_to_end_of_prio_q
 .text.z_pend_curr
                0x0000000000006de8       0x58 zephyr/kernel/libkernel.a(sched.c.obj)
                0x0000000000006de8                z_pend_curr
 .text.z_thread_prio_set
                0x0000000000006e40       0x90 zephyr/kernel/libkernel.a(sched.c.obj)
                0x0000000000006e40                z_thread_prio_set
 .text.z_reschedule
                0x0000000000006ed0       0x24 zephyr/kernel/libkernel.a(sched.c.obj)
                0x0000000000006ed0                z_reschedule
 .text.z_sched_start
                0x0000000000006ef4       0x3c zephyr/kernel/libkernel.a(sched.c.obj)
                0x0000000000006ef4                z_sched_start
 .text.z_reschedule_irqlock
                0x0000000000006f30       0x28 zephyr/kernel/libkernel.a(sched.c.obj)
                0x0000000000006f30                z_reschedule_irqlock
 .text.k_sched_lock
                0x0000000000006f58       0x28 zephyr/kernel/libkernel.a(sched.c.obj)
                0x0000000000006f58                k_sched_lock
 .text.k_sched_unlock
                0x0000000000006f80       0x40 zephyr/kernel/libkernel.a(sched.c.obj)
                0x0000000000006f80                k_sched_unlock
 .text.z_sched_init
                0x0000000000006fc0       0x10 zephyr/kernel/libkernel.a(sched.c.obj)
                0x0000000000006fc0                z_sched_init
 .text.z_impl_k_yield
                0x0000000000006fd0       0x7c zephyr/kernel/libkernel.a(sched.c.obj)
                0x0000000000006fd0                z_impl_k_yield
 .text.z_tick_sleep
                0x000000000000704c       0x88 zephyr/kernel/libkernel.a(sched.c.obj)
 .text.z_impl_k_sleep
                0x00000000000070d4       0x3c zephyr/kernel/libkernel.a(sched.c.obj)
                0x00000000000070d4                z_impl_k_sleep
 .text.z_impl_k_usleep
                0x0000000000007110       0x3c zephyr/kernel/libkernel.a(sched.c.obj)
                0x0000000000007110                z_impl_k_usleep
 .text.z_impl_k_sched_current_thread_query
                0x000000000000714c        0xc zephyr/kernel/libkernel.a(sched.c.obj)
                0x000000000000714c                z_impl_k_sched_current_thread_query
 .text.z_sched_wait
                0x0000000000007158       0x24 zephyr/kernel/libkernel.a(sched.c.obj)
                0x0000000000007158                z_sched_wait
 .text.slice_timeout
                0x000000000000717c       0x20 zephyr/kernel/libkernel.a(timeslicing.c.obj)
 .text.thread_is_sliceable
                0x000000000000719c       0x3c zephyr/kernel/libkernel.a(timeslicing.c.obj)
                0x000000000000719c                thread_is_sliceable
 .text.z_reset_time_slice
                0x00000000000071d8       0x50 zephyr/kernel/libkernel.a(timeslicing.c.obj)
                0x00000000000071d8                z_reset_time_slice
 .text.z_time_slice
                0x0000000000007228       0x60 zephyr/kernel/libkernel.a(timeslicing.c.obj)
                0x0000000000007228                z_time_slice
 .text.z_thread_monitor_exit
                0x0000000000007288       0x3c zephyr/kernel/libkernel.a(thread_monitor.c.obj)
                0x0000000000007288                z_thread_monitor_exit
 .text.z_data_copy
                0x00000000000072c4       0x34 zephyr/kernel/libkernel.a(xip.c.obj)
                0x00000000000072c4                z_data_copy
 .text.elapsed  0x00000000000072f8       0x14 zephyr/kernel/libkernel.a(timeout.c.obj)
 .text.remove_timeout
                0x000000000000730c       0x38 zephyr/kernel/libkernel.a(timeout.c.obj)
 .text.next_timeout
                0x0000000000007344       0x40 zephyr/kernel/libkernel.a(timeout.c.obj)
 .text.z_add_timeout
                0x0000000000007384       0xf4 zephyr/kernel/libkernel.a(timeout.c.obj)
                0x0000000000007384                z_add_timeout
 .text.sys_clock_announce
                0x0000000000007478       0xd0 zephyr/kernel/libkernel.a(timeout.c.obj)
                0x0000000000007478                sys_clock_announce
 .text.sys_clock_tick_get
                0x0000000000007548       0x30 zephyr/kernel/libkernel.a(timeout.c.obj)
                0x0000000000007548                sys_clock_tick_get
 .text.z_thread_aligned_alloc
                0x0000000000007578       0x40 zephyr/kernel/libkernel.a(mempool.c.obj)
                0x0000000000007578                z_thread_aligned_alloc
 .text.boot_banner
                0x00000000000075b8        0xc zephyr/kernel/libkernel.a(banner.c.obj)
                0x00000000000075b8                boot_banner
 .text.statics_init
                0x00000000000075c4       0x24 zephyr/kernel/libkernel.a(kheap.c.obj)
 .text.k_sys_work_q_init
                0x00000000000075e8       0x34 zephyr/kernel/libkernel.a(system_work_q.c.obj)
 .text.__l_vfprintf
                0x000000000000761c      0x4b8 /usr/local/zephyr-sdk-0.16.5-1/arm-zephyr-eabi/bin/../lib/gcc/../../picolibc/arm-zephyr-eabi/lib/thumb/v7e-m/nofp/libc.a(libc_tinystdio_vflprintf.c.o)
                0x000000000000761c                __l_vfprintf
 .text._OffsetAbsSyms
                0x0000000000007ad4        0x2 zephyr/CMakeFiles/offsets.dir/./arch/arm/core/offsets/offsets.c.obj
                0x0000000000007ad4                _OffsetAbsSyms
 .text.gpio_pin_configure_dt.constprop.0
                0x0000000000007ad6       0x34 app/libapp.a(main.c.obj)
 .text.chunk_size
                0x0000000000007b0a        0xa zephyr/libzephyr.a(heap.c.obj)
 .text.free_list_add
                0x0000000000007b14       0x4e zephyr/libzephyr.a(heap.c.obj)
 .text.free_list_remove_bidx
                0x0000000000007b62       0x3a zephyr/libzephyr.a(heap.c.obj)
 .text.free_list_remove
                0x0000000000007b9c       0x1a zephyr/libzephyr.a(heap.c.obj)
 .text.alloc_chunk
                0x0000000000007bb6       0x6e zephyr/libzephyr.a(heap.c.obj)
 .text.merge_chunks
                0x0000000000007c24       0x2c zephyr/libzephyr.a(heap.c.obj)
 .text.split_chunks
                0x0000000000007c50       0x34 zephyr/libzephyr.a(heap.c.obj)
 .text.free_chunk
                0x0000000000007c84       0x62 zephyr/libzephyr.a(heap.c.obj)
 .text.sys_heap_free
                0x0000000000007ce6       0x1e zephyr/libzephyr.a(heap.c.obj)
                0x0000000000007ce6                sys_heap_free
 .text.sys_heap_alloc
                0x0000000000007d04       0x52 zephyr/libzephyr.a(heap.c.obj)
                0x0000000000007d04                sys_heap_alloc
 .text.sys_heap_aligned_alloc
                0x0000000000007d56       0xd0 zephyr/libzephyr.a(heap.c.obj)
                0x0000000000007d56                sys_heap_aligned_alloc
 .text.sys_heap_init
                0x0000000000007e26       0x7a zephyr/libzephyr.a(heap.c.obj)
                0x0000000000007e26                sys_heap_init
 .text.arch_printk_char_out
                0x0000000000007ea0        0x4 zephyr/libzephyr.a(printk.c.obj)
                0x0000000000007ea0                arch_printk_char_out
 .text.printk   0x0000000000007ea4       0x1a zephyr/libzephyr.a(printk.c.obj)
                0x0000000000007ea4                printk
 .text.sys_slist_find_and_remove
                0x0000000000007ebe       0x36 zephyr/libzephyr.a(onoff.c.obj)
 .text.process_recheck
                0x0000000000007ef4       0x38 zephyr/libzephyr.a(onoff.c.obj)
 .text.validate_args
                0x0000000000007f2c       0x20 zephyr/libzephyr.a(onoff.c.obj)
 .text.notify_one
                0x0000000000007f4c       0x2c zephyr/libzephyr.a(onoff.c.obj)
 .text.transition_complete
                0x0000000000007f78       0x1a zephyr/libzephyr.a(onoff.c.obj)
 .text.onoff_manager_init
                0x0000000000007f92       0x26 zephyr/libzephyr.a(onoff.c.obj)
                0x0000000000007f92                onoff_manager_init
 .text.onoff_request
                0x0000000000007fb8       0xae zephyr/libzephyr.a(onoff.c.obj)
                0x0000000000007fb8                onoff_request
 .text.onoff_release
                0x0000000000008066       0x48 zephyr/libzephyr.a(onoff.c.obj)
                0x0000000000008066                onoff_release
 .text.onoff_cancel
                0x00000000000080ae       0x36 zephyr/libzephyr.a(onoff.c.obj)
                0x00000000000080ae                onoff_cancel
 .text.sys_notify_validate
                0x00000000000080e4       0x22 zephyr/libzephyr.a(notify.c.obj)
                0x00000000000080e4                sys_notify_validate
 .text.sys_notify_finalize
                0x0000000000008106       0x1a zephyr/libzephyr.a(notify.c.obj)
                0x0000000000008106                sys_notify_finalize
 .text.ring_buf_put_claim
                0x0000000000008120       0x3e zephyr/libzephyr.a(ring_buffer.c.obj)
                0x0000000000008120                ring_buf_put_claim
 .text.ring_buf_put_finish
                0x000000000000815e       0x2a zephyr/libzephyr.a(ring_buffer.c.obj)
                0x000000000000815e                ring_buf_put_finish
 .text.ring_buf_put
                0x0000000000008188       0x3e zephyr/libzephyr.a(ring_buffer.c.obj)
                0x0000000000008188                ring_buf_put
 .text.ring_buf_get_claim
                0x00000000000081c6       0x40 zephyr/libzephyr.a(ring_buffer.c.obj)
                0x00000000000081c6                ring_buf_get_claim
 .text.ring_buf_get_finish
                0x0000000000008206       0x2a zephyr/libzephyr.a(ring_buffer.c.obj)
                0x0000000000008206                ring_buf_get_finish
 .text.ring_buf_get
                0x0000000000008230       0x40 zephyr/libzephyr.a(ring_buffer.c.obj)
                0x0000000000008230                ring_buf_get
 .text._ConfigAbsSyms
                0x0000000000008270        0x2 zephyr/libzephyr.a(configs.c.obj)
                0x0000000000008270                _ConfigAbsSyms
 .text.get_ep_bm_from_addr
                0x0000000000008272       0x1c zephyr/libzephyr.a(usb_device.c.obj)
 .text.usb_write
                0x000000000000828e       0x30 zephyr/libzephyr.a(usb_device.c.obj)
                0x000000000000828e                usb_write
 .text.usb_get_dev_data_by_cfg
                0x00000000000082be       0x18 zephyr/libzephyr.a(usb_descriptor.c.obj)
                0x00000000000082be                usb_get_dev_data_by_cfg
 .text.usb_get_dev_data_by_iface
                0x00000000000082d6       0x1c zephyr/libzephyr.a(usb_descriptor.c.obj)
                0x00000000000082d6                usb_get_dev_data_by_iface
 .text.usb_get_dev_data_by_ep
                0x00000000000082f2       0x2c zephyr/libzephyr.a(usb_descriptor.c.obj)
                0x00000000000082f2                usb_get_dev_data_by_ep
 .text.usb_transfer_is_busy
                0x000000000000831e       0x16 zephyr/libzephyr.a(usb_transfer.c.obj)
                0x000000000000831e                usb_transfer_is_busy
 .text.cdc_interface_config
                0x0000000000008334       0x14 zephyr/libzephyr.a(cdc_acm.c.obj)
 .text.cdc_acm_irq_callback_work_handler
                0x0000000000008348        0xa zephyr/libzephyr.a(cdc_acm.c.obj)
 .text.cdc_acm_irq_tx_disable
                0x0000000000008352        0xa zephyr/libzephyr.a(cdc_acm.c.obj)
 .text.cdc_acm_irq_tx_ready
                0x000000000000835c        0xe zephyr/libzephyr.a(cdc_acm.c.obj)
 .text.cdc_acm_irq_rx_disable
                0x000000000000836a        0xa zephyr/libzephyr.a(cdc_acm.c.obj)
 .text.cdc_acm_irq_rx_ready
                0x0000000000008374        0x8 zephyr/libzephyr.a(cdc_acm.c.obj)
 .text.cdc_acm_irq_is_pending
                0x000000000000837c       0x1e zephyr/libzephyr.a(cdc_acm.c.obj)
 .text.cdc_acm_irq_update
                0x000000000000839a        0x4 zephyr/libzephyr.a(cdc_acm.c.obj)
 .text.cdc_acm_irq_callback_set
                0x000000000000839e        0x8 zephyr/libzephyr.a(cdc_acm.c.obj)
 .text.cdc_acm_fifo_read
                0x00000000000083a6       0x54 zephyr/libzephyr.a(cdc_acm.c.obj)
 .text.cdc_acm_poll_in
                0x00000000000083fa       0x12 zephyr/libzephyr.a(cdc_acm.c.obj)
 .text.z_arm_fatal_error
                0x000000000000840c        0x4 zephyr/arch/arch/arm/core/libarch__arm__core.a(fatal.c.obj)
                0x000000000000840c                z_arm_fatal_error
 .text.z_do_kernel_oops
                0x0000000000008410        0x8 zephyr/arch/arch/arm/core/libarch__arm__core.a(fatal.c.obj)
                0x0000000000008410                z_do_kernel_oops
 .text.z_arm_nmi
                0x0000000000008418        0xe zephyr/arch/arch/arm/core/libarch__arm__core.a(nmi.c.obj)
                0x0000000000008418                z_arm_nmi
 .text.z_irq_spurious
                0x0000000000008426        0x8 zephyr/arch/arch/arm/core/cortex_m/libarch__arm__core__cortex_m.a(irq_manage.c.obj)
                0x0000000000008426                z_irq_spurious
 .text.arch_irq_unlock_outlined
                0x000000000000842e        0xa zephyr/arch/arch/arm/core/cortex_m/libarch__arm__core__cortex_m.a(thread.c.obj)
                0x000000000000842e                arch_irq_unlock_outlined
 .text.arch_cpu_idle
                0x0000000000008438       0x1a zephyr/arch/arch/arm/core/cortex_m/libarch__arm__core__cortex_m.a(cpu_idle.c.obj)
                0x0000000000008438                arch_cpu_idle
 .text.arch_cpu_atomic_idle
                0x0000000000008452       0x1e zephyr/arch/arch/arm/core/cortex_m/libarch__arm__core__cortex_m.a(cpu_idle.c.obj)
                0x0000000000008452                arch_cpu_atomic_idle
 .text.size_to_mpu_rasr_size
                0x0000000000008470       0x20 zephyr/arch/arch/arm/core/mpu/libarch__arm__core__mpu.a(arm_mpu.c.obj)
 .text.picolibc_put
                0x0000000000008490        0xa zephyr/lib/libc/picolibc/liblib__libc__picolibc.a(libc-hooks.c.obj)
 .text.ep_ctx_reset
                0x000000000000849a       0x26 zephyr/drivers/usb/device/libdrivers__usb__device.a(usb_dc_nrfx.c.obj)
 .text.k_mutex_lock.constprop.0.isra.0
                0x00000000000084c0        0x4 zephyr/drivers/usb/device/libdrivers__usb__device.a(usb_dc_nrfx.c.obj)
 .text.k_mutex_unlock.isra.0
                0x00000000000084c4        0x4 zephyr/drivers/usb/device/libdrivers__usb__device.a(usb_dc_nrfx.c.obj)
 .text.usb_dc_ep_check_cap
                0x00000000000084c8       0x2a zephyr/drivers/usb/device/libdrivers__usb__device.a(usb_dc_nrfx.c.obj)
                0x00000000000084c8                usb_dc_ep_check_cap
 .text.usb_dc_ep_disable
                0x00000000000084f2       0x32 zephyr/drivers/usb/device/libdrivers__usb__device.a(usb_dc_nrfx.c.obj)
                0x00000000000084f2                usb_dc_ep_disable
 .text.usb_dc_ep_read
                0x0000000000008524       0x1e zephyr/drivers/usb/device/libdrivers__usb__device.a(usb_dc_nrfx.c.obj)
                0x0000000000008524                usb_dc_ep_read
 .text.ep2bit   0x0000000000008542       0x10 zephyr/drivers/usb/common/nrf_usbd_common/libdrivers__usb__common__nrf_usbd_common.a(nrf_usbd_common.c.obj)
 .text.nrf_usbd_common_ep_max_packet_size_set
                0x0000000000008552        0xa zephyr/drivers/usb/common/nrf_usbd_common/libdrivers__usb__common__nrf_usbd_common.a(nrf_usbd_common.c.obj)
                0x0000000000008552                nrf_usbd_common_ep_max_packet_size_set
 .text.nrf_usbd_common_ep_status_get
                0x000000000000855c       0x2c zephyr/drivers/usb/common/nrf_usbd_common/libdrivers__usb__common__nrf_usbd_common.a(nrf_usbd_common.c.obj)
                0x000000000000855c                nrf_usbd_common_ep_status_get
 .text.get_status
                0x0000000000008588       0x12 zephyr/drivers/clock_control/libdrivers__clock_control.a(clock_control_nrf.c.obj)
 .text.stop     0x000000000000859a       0x52 zephyr/drivers/clock_control/libdrivers__clock_control.a(clock_control_nrf.c.obj)
 .text.api_stop
                0x00000000000085ec        0x6 zephyr/drivers/clock_control/libdrivers__clock_control.a(clock_control_nrf.c.obj)
 .text.async_start
                0x00000000000085f2       0x5c zephyr/drivers/clock_control/libdrivers__clock_control.a(clock_control_nrf.c.obj)
 .text.api_start
                0x000000000000864e        0xe zephyr/drivers/clock_control/libdrivers__clock_control.a(clock_control_nrf.c.obj)
 .text.onoff_started_callback
                0x000000000000865c       0x12 zephyr/drivers/clock_control/libdrivers__clock_control.a(clock_control_nrf.c.obj)
 .text.lfclk_start
                0x000000000000866e        0x6 zephyr/drivers/clock_control/libdrivers__clock_control.a(clock_control_nrf.c.obj)
 .text.lfclk_stop
                0x0000000000008674        0x6 zephyr/drivers/clock_control/libdrivers__clock_control.a(clock_control_nrf.c.obj)
 .text.blocking_start_callback
                0x000000000000867a        0x6 zephyr/drivers/clock_control/libdrivers__clock_control.a(clock_control_nrf.c.obj)
 .text.console_out
                0x0000000000008680       0x18 zephyr/drivers/console/libdrivers__console.a(uart_console.c.obj)
 .text.gpio_nrfx_port_get_raw
                0x0000000000008698        0xe zephyr/drivers/gpio/libdrivers__gpio.a(gpio_nrfx.c.obj)
 .text.gpio_nrfx_port_set_masked_raw
                0x00000000000086a6       0x18 zephyr/drivers/gpio/libdrivers__gpio.a(gpio_nrfx.c.obj)
 .text.gpio_nrfx_port_set_bits_raw
                0x00000000000086be        0xc zephyr/drivers/gpio/libdrivers__gpio.a(gpio_nrfx.c.obj)
 .text.gpio_nrfx_port_clear_bits_raw
                0x00000000000086ca        0xc zephyr/drivers/gpio/libdrivers__gpio.a(gpio_nrfx.c.obj)
 .text.gpio_nrfx_port_toggle_bits
                0x00000000000086d6       0x1a zephyr/drivers/gpio/libdrivers__gpio.a(gpio_nrfx.c.obj)
 .text.gpio_nrfx_manage_callback
                0x00000000000086f0       0x52 zephyr/drivers/gpio/libdrivers__gpio.a(gpio_nrfx.c.obj)
 .text.z_impl_hwinfo_get_device_id
                0x0000000000008742       0x28 zephyr/drivers/hwinfo/libdrivers__hwinfo.a(hwinfo_nrf.c.obj)
                0x0000000000008742                z_impl_hwinfo_get_device_id
 .text.pinctrl_lookup_state
                0x000000000000876a       0x26 zephyr/drivers/pinctrl/libdrivers__pinctrl.a(common.c.obj)
                0x000000000000876a                pinctrl_lookup_state
 .text.uarte_nrfx_err_check
                0x0000000000008790        0xe zephyr/drivers/serial/libdrivers__serial.a(uart_nrfx_uarte.c.obj)
 .text.tx_start
                0x000000000000879e       0x3e zephyr/drivers/serial/libdrivers__serial.a(uart_nrfx_uarte.c.obj)
 .text.uarte_nrfx_poll_in
                0x00000000000087dc       0x28 zephyr/drivers/serial/libdrivers__serial.a(uart_nrfx_uarte.c.obj)
 .text.uarte_nrfx_fifo_read
                0x0000000000008804       0x2e zephyr/drivers/serial/libdrivers__serial.a(uart_nrfx_uarte.c.obj)
 .text.uarte_nrfx_irq_tx_enable
                0x0000000000008832       0x2c zephyr/drivers/serial/libdrivers__serial.a(uart_nrfx_uarte.c.obj)
 .text.uarte_nrfx_irq_tx_disable
                0x000000000000885e        0xa zephyr/drivers/serial/libdrivers__serial.a(uart_nrfx_uarte.c.obj)
 .text.uarte_nrfx_irq_tx_ready_complete
                0x0000000000008868       0x2a zephyr/drivers/serial/libdrivers__serial.a(uart_nrfx_uarte.c.obj)
 .text.uarte_nrfx_irq_rx_ready
                0x0000000000008892       0x10 zephyr/drivers/serial/libdrivers__serial.a(uart_nrfx_uarte.c.obj)
 .text.uarte_nrfx_irq_rx_enable
                0x00000000000088a2        0xc zephyr/drivers/serial/libdrivers__serial.a(uart_nrfx_uarte.c.obj)
 .text.uarte_nrfx_irq_rx_disable
                0x00000000000088ae        0xc zephyr/drivers/serial/libdrivers__serial.a(uart_nrfx_uarte.c.obj)
 .text.uarte_nrfx_irq_err_enable
                0x00000000000088ba        0xe zephyr/drivers/serial/libdrivers__serial.a(uart_nrfx_uarte.c.obj)
 .text.uarte_nrfx_irq_err_disable
                0x00000000000088c8        0xe zephyr/drivers/serial/libdrivers__serial.a(uart_nrfx_uarte.c.obj)
 .text.uarte_nrfx_irq_is_pending
                0x00000000000088d6       0x36 zephyr/drivers/serial/libdrivers__serial.a(uart_nrfx_uarte.c.obj)
 .text.uarte_nrfx_irq_update
                0x000000000000890c        0x4 zephyr/drivers/serial/libdrivers__serial.a(uart_nrfx_uarte.c.obj)
 .text.uarte_nrfx_irq_callback_set
                0x0000000000008910        0xc zephyr/drivers/serial/libdrivers__serial.a(uart_nrfx_uarte.c.obj)
 .text.is_tx_ready.isra.0
                0x000000000000891c       0x20 zephyr/drivers/serial/libdrivers__serial.a(uart_nrfx_uarte.c.obj)
 .text.uarte_nrfx_fifo_fill
                0x000000000000893c       0x76 zephyr/drivers/serial/libdrivers__serial.a(uart_nrfx_uarte.c.obj)
 .text.uarte_nrfx_isr_int
                0x00000000000089b2       0xbc zephyr/drivers/serial/libdrivers__serial.a(uart_nrfx_uarte.c.obj)
 .text.irq_connect0
                0x0000000000008a6e        0xa zephyr/drivers/spi/libdrivers__spi.a(spi_nrfx_spi.c.obj)
 .text.spi_context_get_next_buf.constprop.0
                0x0000000000008a78       0x26 zephyr/drivers/spi/libdrivers__spi.a(spi_nrfx_spi.c.obj)
 .text.gpio_pin_set_dt.isra.0
                0x0000000000008a9e       0x28 zephyr/drivers/spi/libdrivers__spi.a(spi_nrfx_spi.c.obj)
 .text.spi_context_unlock_unconditionally
                0x0000000000008ac6       0x30 zephyr/drivers/spi/libdrivers__spi.a(spi_nrfx_spi.c.obj)
 .text.spi_nrfx_release
                0x0000000000008af6       0x24 zephyr/drivers/spi/libdrivers__spi.a(spi_nrfx_spi.c.obj)
 .text.spi_nrfx_init
                0x0000000000008b1a       0xc6 zephyr/drivers/spi/libdrivers__spi.a(spi_nrfx_spi.c.obj)
 .text.event_handler
                0x0000000000008be0       0x9c zephyr/drivers/spi/libdrivers__spi.a(spi_nrfx_spi.c.obj)
 .text.spi_nrfx_wake_request
                0x0000000000008c7c       0x50 zephyr/drivers/spi/libdrivers__spi.a(spi_nrfx_common.c.obj)
                0x0000000000008c7c                spi_nrfx_wake_request
 .text.event_clear
                0x0000000000008ccc       0x18 zephyr/drivers/timer/libdrivers__timer.a(nrf_rtc_timer.c.obj)
 .text.sys_clock_cycle_get_32
                0x0000000000008ce4        0x8 zephyr/drivers/timer/libdrivers__timer.a(nrf_rtc_timer.c.obj)
                0x0000000000008ce4                sys_clock_cycle_get_32
 .text.nrfx_isr
                0x0000000000008cec        0x2 modules/hal_nordic/nrfx/libmodules__hal_nordic__nrfx.a(nrfx_glue.c.obj)
                0x0000000000008cec                nrfx_isr
 .text.nrfx_busy_wait
                0x0000000000008cee        0x4 modules/hal_nordic/nrfx/libmodules__hal_nordic__nrfx.a(nrfx_glue.c.obj)
                0x0000000000008cee                nrfx_busy_wait
 .text.nrfx_gppi_channel_endpoints_setup
                0x0000000000008cf2       0x14 modules/hal_nordic/nrfx/libmodules__hal_nordic__nrfx.a(nrfx_gppi_ppi.c.obj)
                0x0000000000008cf2                nrfx_gppi_channel_endpoints_setup
 .text.nrfx_clock_stop
                0x0000000000008d06        0x4 modules/hal_nordic/nrfx/libmodules__hal_nordic__nrfx.a(nrfx_clock.c.obj)
                0x0000000000008d06                nrfx_clock_stop
 .text.nrf_gpio_reconfigure
                0x0000000000008d0a       0x92 modules/hal_nordic/nrfx/libmodules__hal_nordic__nrfx.a(nrfx_gpiote.c.obj)
 .text.nrf_gpio_cfg_sense_set
                0x0000000000008d9c       0x1e modules/hal_nordic/nrfx/libmodules__hal_nordic__nrfx.a(nrfx_gpiote.c.obj)
 .text.pin_in_event_get.isra.0
                0x0000000000008dba       0x22 modules/hal_nordic/nrfx/libmodules__hal_nordic__nrfx.a(nrfx_gpiote.c.obj)
 .text.pin_trigger_disable
                0x0000000000008ddc       0x48 modules/hal_nordic/nrfx/libmodules__hal_nordic__nrfx.a(nrfx_gpiote.c.obj)
 .text.nrfx_gpiote_pin_uninit
                0x0000000000008e24        0x4 modules/hal_nordic/nrfx/libmodules__hal_nordic__nrfx.a(nrfx_gpiote.c.obj)
                0x0000000000008e24                nrfx_gpiote_pin_uninit
 .text.nrfx_gpiote_trigger_disable
                0x0000000000008e28        0x4 modules/hal_nordic/nrfx/libmodules__hal_nordic__nrfx.a(nrfx_gpiote.c.obj)
                0x0000000000008e28                nrfx_gpiote_trigger_disable
 .text.nrfx_gpiote_in_event_get
                0x0000000000008e2c        0x6 modules/hal_nordic/nrfx/libmodules__hal_nordic__nrfx.a(nrfx_gpiote.c.obj)
                0x0000000000008e2c                nrfx_gpiote_in_event_get
 .text.nrf_power_event_get_and_clear.constprop.0
                0x0000000000008e32       0x18 modules/hal_nordic/nrfx/libmodules__hal_nordic__nrfx.a(nrfx_power.c.obj)
 .text.nrfx_power_usbevt_enable
                0x0000000000008e4a        0xe modules/hal_nordic/nrfx/libmodules__hal_nordic__nrfx.a(nrfx_power.c.obj)
                0x0000000000008e4a                nrfx_power_usbevt_enable
 .text.nrfx_power_usbevt_disable
                0x0000000000008e58        0xe modules/hal_nordic/nrfx/libmodules__hal_nordic__nrfx.a(nrfx_power.c.obj)
                0x0000000000008e58                nrfx_power_usbevt_disable
 .text.nrfx_power_clock_irq_handler
                0x0000000000008e66        0xe modules/hal_nordic/nrfx/libmodules__hal_nordic__nrfx.a(nrfx_power.c.obj)
                0x0000000000008e66                nrfx_power_clock_irq_handler
 .text.nrf_gpio_pin_set
                0x0000000000008e74       0x1a modules/hal_nordic/nrfx/libmodules__hal_nordic__nrfx.a(nrfx_spi.c.obj)
 .text.nrf_gpio_pin_clear
                0x0000000000008e8e       0x1a modules/hal_nordic/nrfx/libmodules__hal_nordic__nrfx.a(nrfx_spi.c.obj)
 .text.transfer_byte
                0x0000000000008ea8       0x66 modules/hal_nordic/nrfx/libmodules__hal_nordic__nrfx.a(nrfx_spi.c.obj)
 .text.z_impl_k_busy_wait
                0x0000000000008f0e        0x8 zephyr/kernel/libkernel.a(busy_wait.c.obj)
                0x0000000000008f0e                z_impl_k_busy_wait
 .text.z_device_state_init
                0x0000000000008f16        0x2 zephyr/kernel/libkernel.a(device.c.obj)
                0x0000000000008f16                z_device_state_init
 .text.z_device_is_ready
                0x0000000000008f18       0x16 zephyr/kernel/libkernel.a(device.c.obj)
                0x0000000000008f18                z_device_is_ready
 .text.arch_system_halt
                0x0000000000008f2e       0x10 zephyr/kernel/libkernel.a(fatal.c.obj)
                0x0000000000008f2e                arch_system_halt
 .text.k_sys_fatal_error_handler
                0x0000000000008f3e        0x6 zephyr/kernel/libkernel.a(fatal.c.obj)
                0x0000000000008f3e                k_sys_fatal_error_handler
 .text.do_device_init
                0x0000000000008f44       0x30 zephyr/kernel/libkernel.a(init.c.obj)
 .text.z_early_memset
                0x0000000000008f74        0x4 zephyr/kernel/libkernel.a(init.c.obj)
                0x0000000000008f74                z_early_memset
 .text.z_early_memcpy
                0x0000000000008f78        0x4 zephyr/kernel/libkernel.a(init.c.obj)
                0x0000000000008f78                z_early_memcpy
 .text.create_free_list
                0x0000000000008f7c       0x2c zephyr/kernel/libkernel.a(mem_slab.c.obj)
 .text.k_mem_slab_free
                0x0000000000008fa8       0x4c zephyr/kernel/libkernel.a(mem_slab.c.obj)
                0x0000000000008fa8                k_mem_slab_free
 .text.idle     0x0000000000008ff4       0x16 zephyr/kernel/libkernel.a(idle.c.obj)
                0x0000000000008ff4                idle
 .text.adjust_owner_prio.isra.0
                0x000000000000900a       0x10 zephyr/kernel/libkernel.a(mutex.c.obj)
 .text.z_impl_k_mutex_init
                0x000000000000901a        0xe zephyr/kernel/libkernel.a(mutex.c.obj)
                0x000000000000901a                z_impl_k_mutex_init
 .text.queue_insert
                0x0000000000009028       0xc4 zephyr/kernel/libkernel.a(queue.c.obj)
 .text.z_queue_node_peek
                0x00000000000090ec       0x18 zephyr/kernel/libkernel.a(queue.c.obj)
                0x00000000000090ec                z_queue_node_peek
 .text.k_queue_append
                0x0000000000009104       0x16 zephyr/kernel/libkernel.a(queue.c.obj)
                0x0000000000009104                k_queue_append
 .text.z_impl_k_sem_init
                0x000000000000911a       0x18 zephyr/kernel/libkernel.a(sem.c.obj)
                0x000000000000911a                z_impl_k_sem_init
 .text.flag_test_and_clear
                0x0000000000009132       0x16 zephyr/kernel/libkernel.a(work.c.obj)
 .text.notify_queue_locked.isra.0
                0x0000000000009148        0xe zephyr/kernel/libkernel.a(work.c.obj)
 .text.work_timeout
                0x0000000000009156       0x3c zephyr/kernel/libkernel.a(work.c.obj)
 .text.k_work_init
                0x0000000000009192       0x12 zephyr/kernel/libkernel.a(work.c.obj)
                0x0000000000009192                k_work_init
 .text.z_work_submit_to_queue
                0x00000000000091a4       0x26 zephyr/kernel/libkernel.a(work.c.obj)
                0x00000000000091a4                z_work_submit_to_queue
 .text.k_work_submit_to_queue
                0x00000000000091ca       0x20 zephyr/kernel/libkernel.a(work.c.obj)
                0x00000000000091ca                k_work_submit_to_queue
 .text.k_work_init_delayable
                0x00000000000091ea       0x18 zephyr/kernel/libkernel.a(work.c.obj)
                0x00000000000091ea                k_work_init_delayable
 .text.k_is_in_isr
                0x0000000000009202        0xc zephyr/kernel/libkernel.a(thread.c.obj)
                0x0000000000009202                k_is_in_isr
 .text.z_impl_k_thread_start
                0x000000000000920e        0x4 zephyr/kernel/libkernel.a(thread.c.obj)
                0x000000000000920e                z_impl_k_thread_start
 .text.unpend_thread_no_timeout
                0x0000000000009212       0x1a zephyr/kernel/libkernel.a(sched.c.obj)
 .text.add_to_waitq_locked
                0x000000000000922c       0x50 zephyr/kernel/libkernel.a(sched.c.obj)
 .text.z_ready_thread
                0x000000000000927c       0x1e zephyr/kernel/libkernel.a(sched.c.obj)
                0x000000000000927c                z_ready_thread
 .text.z_impl_k_thread_suspend
                0x000000000000929a       0x34 zephyr/kernel/libkernel.a(sched.c.obj)
                0x000000000000929a                z_impl_k_thread_suspend
 .text.z_sched_wake_thread
                0x00000000000092ce       0x44 zephyr/kernel/libkernel.a(sched.c.obj)
                0x00000000000092ce                z_sched_wake_thread
 .text.z_thread_timeout
                0x0000000000009312        0x8 zephyr/kernel/libkernel.a(sched.c.obj)
                0x0000000000009312                z_thread_timeout
 .text.z_unpend_first_thread
                0x000000000000931a       0x30 zephyr/kernel/libkernel.a(sched.c.obj)
                0x000000000000931a                z_unpend_first_thread
 .text.z_unpend_thread
                0x000000000000934a       0x2e zephyr/kernel/libkernel.a(sched.c.obj)
                0x000000000000934a                z_unpend_thread
 .text.z_unpend_all
                0x0000000000009378       0x20 zephyr/kernel/libkernel.a(sched.c.obj)
                0x0000000000009378                z_unpend_all
 .text.z_thread_abort
                0x0000000000009398       0x44 zephyr/kernel/libkernel.a(sched.c.obj)
                0x0000000000009398                z_thread_abort
 .text.z_sched_wake
                0x00000000000093dc       0x40 zephyr/kernel/libkernel.a(sched.c.obj)
                0x00000000000093dc                z_sched_wake
 .text.z_abort_timeout
                0x000000000000941c       0x2a zephyr/kernel/libkernel.a(timeout.c.obj)
                0x000000000000941c                z_abort_timeout
 .text.sys_clock_tick_get_32
                0x0000000000009446        0x8 zephyr/kernel/libkernel.a(timeout.c.obj)
                0x0000000000009446                sys_clock_tick_get_32
 .text.sys_timepoint_calc
                0x000000000000944e       0x48 zephyr/kernel/libkernel.a(timeout.c.obj)
                0x000000000000944e                sys_timepoint_calc
 .text.sys_timepoint_timeout
                0x0000000000009496       0x42 zephyr/kernel/libkernel.a(timeout.c.obj)
                0x0000000000009496                sys_timepoint_timeout
 .text.k_free   0x00000000000094d8        0xe zephyr/kernel/libkernel.a(mempool.c.obj)
                0x00000000000094d8                k_free
 .text.k_heap_init
                0x00000000000094e6       0x10 zephyr/kernel/libkernel.a(kheap.c.obj)
                0x00000000000094e6                k_heap_init
 .text.k_heap_aligned_alloc
                0x00000000000094f6       0x82 zephyr/kernel/libkernel.a(kheap.c.obj)
                0x00000000000094f6                k_heap_aligned_alloc
 .text.k_heap_free
                0x0000000000009578       0x38 zephyr/kernel/libkernel.a(kheap.c.obj)
                0x0000000000009578                k_heap_free
 .text.z_priq_dumb_remove
                0x00000000000095b0       0x10 zephyr/kernel/libkernel.a(priority_queues.c.obj)
                0x00000000000095b0                z_priq_dumb_remove
 .text.z_priq_dumb_best
                0x00000000000095c0        0xc zephyr/kernel/libkernel.a(priority_queues.c.obj)
                0x00000000000095c0                z_priq_dumb_best
 .text.memcpy   0x00000000000095cc       0x1c /usr/local/zephyr-sdk-0.16.5-1/arm-zephyr-eabi/bin/../lib/gcc/../../picolibc/arm-zephyr-eabi/lib/thumb/v7e-m/nofp/libc.a(memcpy.c.o)
                0x00000000000095cc                memcpy
                0x00000000000095cc                __aeabi_memcpy
                0x00000000000095cc                __aeabi_memcpy4
                0x00000000000095cc                __aeabi_memcpy8
 .text.memset   0x00000000000095e8       0x10 /usr/local/zephyr-sdk-0.16.5-1/arm-zephyr-eabi/bin/../lib/gcc/../../picolibc/arm-zephyr-eabi/lib/thumb/v7e-m/nofp/libc.a(memset.c.o)
                0x00000000000095e8                memset
 .text.strncpy  0x00000000000095f8       0x20 /usr/local/zephyr-sdk-0.16.5-1/arm-zephyr-eabi/bin/../lib/gcc/../../picolibc/arm-zephyr-eabi/lib/thumb/v7e-m/nofp/libc.a(libc_string_strncpy.c.o)
                0x00000000000095f8                strncpy
 .text.strnlen  0x0000000000009618       0x18 /usr/local/zephyr-sdk-0.16.5-1/arm-zephyr-eabi/bin/../lib/gcc/../../picolibc/arm-zephyr-eabi/lib/thumb/v7e-m/nofp/libc.a(libc_string_strnlen.c.o)
                0x0000000000009618                strnlen
 .text.__ultoa_invert
                0x0000000000009630       0xae /usr/local/zephyr-sdk-0.16.5-1/arm-zephyr-eabi/bin/../lib/gcc/../../picolibc/arm-zephyr-eabi/lib/thumb/v7e-m/nofp/libc.a(libc_tinystdio_vflprintf.c.o)
 *(SORT_BY_ALIGNMENT(.TEXT.*))
 *fill*         0x00000000000096de        0x2 
 .TEXT.__aeabi_read_tp
                0x00000000000096e0        0xc zephyr/arch/arch/arm/core/cortex_m/libarch__arm__core__cortex_m.a(__aeabi_read_tp.S.obj)
                0x00000000000096e0                __aeabi_read_tp
 *(SORT_BY_ALIGNMENT(.gnu.linkonce.t.*))
 *(SORT_BY_ALIGNMENT(.glue_7t))
 .glue_7t       0x00000000000096ec        0x0 linker stubs
 *(SORT_BY_ALIGNMENT(.glue_7))
 .glue_7        0x00000000000096ec        0x0 linker stubs
 *(SORT_BY_ALIGNMENT(.vfp11_veneer))
 .vfp11_veneer  0x00000000000096ec        0x0 linker stubs
 *(SORT_BY_ALIGNMENT(.v4_bx))
 .v4_bx         0x00000000000096ec        0x0 linker stubs
                0x00000000000096ec                . = ALIGN (0x4)
                0x00000000000096ec                __text_region_end = .

.ARM.exidx      0x00000000000096ec        0x8
                0x00000000000096ec                __exidx_start = .
 *(SORT_BY_ALIGNMENT(.ARM.exidx*) SORT_BY_ALIGNMENT(gnu.linkonce.armexidx.*))
 .ARM.exidx     0x00000000000096ec        0x8 /usr/local/zephyr-sdk-0.16.5-1/arm-zephyr-eabi/bin/../lib/gcc/arm-zephyr-eabi/12.2.0/thumb/v7e-m/nofp/libgcc.a(_udivmoddi4.o)
 .ARM.exidx     0x00000000000096f4        0x0 /usr/local/zephyr-sdk-0.16.5-1/arm-zephyr-eabi/bin/../lib/gcc/../../picolibc/arm-zephyr-eabi/lib/thumb/v7e-m/nofp/libc.a(strlen.S.o)
                                          0x8 (size before relaxing)
                0x00000000000096f4                __exidx_end = .
                0x00000000000096f4                __rodata_region_start = .

initlevel       0x00000000000096f4       0x88
                0x00000000000096f4                __init_start = .
                0x00000000000096f4                __init_EARLY_start = .
 *(SORT_BY_NAME(SORT_BY_ALIGNMENT(.z_init_EARLY?_*)))
 *(SORT_BY_NAME(SORT_BY_ALIGNMENT(.z_init_EARLY??_*)))
                0x00000000000096f4                __init_PRE_KERNEL_1_start = .
 *(SORT_BY_NAME(SORT_BY_ALIGNMENT(.z_init_PRE_KERNEL_1?_*)))
 .z_init_PRE_KERNEL_10_0_
                0x00000000000096f4        0x8 zephyr/soc/soc/nrf52840/libsoc__nordic.a(soc.c.obj)
 *(SORT_BY_NAME(SORT_BY_ALIGNMENT(.z_init_PRE_KERNEL_1??_*)))
 .z_init_PRE_KERNEL_130_00055_
                0x00000000000096fc        0x8 zephyr/drivers/clock_control/libdrivers__clock_control.a(clock_control_nrf.c.obj)
 .z_init_PRE_KERNEL_130_0_
                0x0000000000009704        0x8 zephyr/kernel/libkernel.a(mem_slab.c.obj)
 .z_init_PRE_KERNEL_130_0_
                0x000000000000970c        0x8 zephyr/kernel/libkernel.a(kheap.c.obj)
 .z_init_PRE_KERNEL_140_00009_
                0x0000000000009714        0x8 zephyr/drivers/gpio/libdrivers__gpio.a(gpio_nrfx.c.obj)
 .z_init_PRE_KERNEL_140_00015_
                0x000000000000971c        0x8 zephyr/drivers/gpio/libdrivers__gpio.a(gpio_nrfx.c.obj)
 .z_init_PRE_KERNEL_140_0_
                0x0000000000009724        0x8 zephyr/boards/nordic/nrf52840dongle/libboards__nordic__nrf52840dongle.a(board.c.obj)
 .z_init_PRE_KERNEL_150_00091_
                0x000000000000972c        0x8 zephyr/drivers/serial/libdrivers__serial.a(uart_nrfx_uarte.c.obj)
 .z_init_PRE_KERNEL_150_00113_
                0x0000000000009734        0x8 zephyr/libzephyr.a(cdc_acm.c.obj)
 .z_init_PRE_KERNEL_160_0_
                0x000000000000973c        0x8 zephyr/drivers/console/libdrivers__console.a(uart_console.c.obj)
                0x0000000000009744                __init_PRE_KERNEL_2_start = .
 *(SORT_BY_NAME(SORT_BY_ALIGNMENT(.z_init_PRE_KERNEL_2?_*)))
 .z_init_PRE_KERNEL_20_0_
                0x0000000000009744        0x8 zephyr/drivers/timer/libdrivers__timer.a(nrf_rtc_timer.c.obj)
 *(SORT_BY_NAME(SORT_BY_ALIGNMENT(.z_init_PRE_KERNEL_2??_*)))
                0x000000000000974c                __init_POST_KERNEL_start = .
 *(SORT_BY_NAME(SORT_BY_ALIGNMENT(.z_init_POST_KERNEL?_*)))
 *(SORT_BY_NAME(SORT_BY_ALIGNMENT(.z_init_POST_KERNEL??_*)))
 .z_init_POST_KERNEL40_0_
                0x000000000000974c        0x8 zephyr/libzephyr.a(usb_work_q.c.obj)
 .z_init_POST_KERNEL40_0_
                0x0000000000009754        0x8 zephyr/lib/libc/common/liblib__libc__common.a(malloc.c.obj)
 .z_init_POST_KERNEL40_0_
                0x000000000000975c        0x8 zephyr/kernel/libkernel.a(system_work_q.c.obj)
 .z_init_POST_KERNEL50_0_
                0x0000000000009764        0x8 zephyr/drivers/usb/device/libdrivers__usb__device.a(usb_dc_nrfx.c.obj)
 .z_init_POST_KERNEL70_00109_
                0x000000000000976c        0x8 zephyr/drivers/spi/libdrivers__spi.a(spi_nrfx_spi.c.obj)
 .z_init_POST_KERNEL90_0_
                0x0000000000009774        0x8 zephyr/libzephyr.a(usb_device.c.obj)
                0x000000000000977c                __init_APPLICATION_start = .
 *(SORT_BY_NAME(SORT_BY_ALIGNMENT(.z_init_APPLICATION?_*)))
 *(SORT_BY_NAME(SORT_BY_ALIGNMENT(.z_init_APPLICATION??_*)))
                0x000000000000977c                __init_SMP_start = .
 *(SORT_BY_NAME(SORT_BY_ALIGNMENT(.z_init_SMP?_*)))
 *(SORT_BY_NAME(SORT_BY_ALIGNMENT(.z_init_SMP??_*)))
                0x000000000000977c                __init_end = .
                0x000000000000977c                __deferred_init_list_start = .
 *(SORT_BY_ALIGNMENT(.z_deferred_init))
                0x000000000000977c                __deferred_init_list_end = .

device_area     0x000000000000977c       0x78
                0x000000000000977c                _device_list_start = .
 *(SORT_BY_NAME(SORT_BY_ALIGNMENT(._device.static.*_?_*)))
 *(SORT_BY_NAME(SORT_BY_ALIGNMENT(._device.static.*_??_*)))
 ._device.static.1_30_
                0x000000000000977c       0x14 zephyr/drivers/clock_control/libdrivers__clock_control.a(clock_control_nrf.c.obj)
                0x000000000000977c                __device_dts_ord_55
 ._device.static.1_40_
                0x0000000000009790       0x28 zephyr/drivers/gpio/libdrivers__gpio.a(gpio_nrfx.c.obj)
                0x0000000000009790                __device_dts_ord_9
                0x00000000000097a4                __device_dts_ord_15
 ._device.static.1_50_
                0x00000000000097b8       0x14 zephyr/libzephyr.a(cdc_acm.c.obj)
                0x00000000000097b8                __device_dts_ord_113
 ._device.static.1_50_
                0x00000000000097cc       0x14 zephyr/drivers/serial/libdrivers__serial.a(uart_nrfx_uarte.c.obj)
                0x00000000000097cc                __device_dts_ord_91
 ._device.static.3_70_
                0x00000000000097e0       0x14 zephyr/drivers/spi/libdrivers__spi.a(spi_nrfx_spi.c.obj)
                0x00000000000097e0                __device_dts_ord_109
                0x00000000000097f4                _device_list_end = .

sw_isr_table    0x00000000000097f4      0x180
                0x00000000000097f4                . = ALIGN (0x4)
 *(SORT_BY_ALIGNMENT(.gnu.linkonce.sw_isr_table*))
 .gnu.linkonce.sw_isr_table
                0x00000000000097f4      0x180 zephyr/arch/common/libisr_tables.a(isr_tables.c.obj)
                0x00000000000097f4                _sw_isr_table

initlevel_error
                0x00000000000096f4        0x0
 *(SORT_BY_NAME(SORT_BY_ALIGNMENT(.z_init_[_A-Z0-9]*)))
                0x0000000000000001                ASSERT ((SIZEOF (initlevel_error) == 0x0), Undefined initialization levels used.)

app_shmem_regions
                0x0000000000009974        0x0
                0x0000000000009974                __app_shmem_regions_start = .
 *(SORT_BY_NAME(SORT_BY_ALIGNMENT(.app_regions.*)))
                0x0000000000009974                __app_shmem_regions_end = .

k_p4wq_initparam_area
                0x0000000000009974        0x0
                0x0000000000009974                _k_p4wq_initparam_list_start = .
 *(SORT_BY_NAME(SORT_BY_ALIGNMENT(._k_p4wq_initparam.static.*)))
                0x0000000000009974                _k_p4wq_initparam_list_end = .

_static_thread_data_area
                0x0000000000009978       0x60
                0x0000000000009978                __static_thread_data_list_start = .
 *(SORT_BY_NAME(SORT_BY_ALIGNMENT(.__static_thread_data.static.*)))
 .__static_thread_data.static._k_thread_data_my_tid_
                0x0000000000009978       0x30 app/libapp.a(main.c.obj)
                0x0000000000009978                _k_thread_data_my_tid