Archive member included to satisfy reference by file (symbol)

app/libapp.a(main.c.obj)      (--whole-archive)
app/libapp.a(SdFat.c.obj)     (--whole-archive)
app/libapp.a(my_timer.c.obj)  (--whole-archive)
app/libapp.a(led_indication.c.obj)
                              (--whole-archive)
zephyr/libzephyr.a(cbprintf_packaged.c.obj)
                              (--whole-archive)
zephyr/libzephyr.a(dec.c.obj)
                              (--whole-archive)
zephyr/libzephyr.a(fdtable.c.obj)
                              (--whole-archive)
zephyr/libzephyr.a(hex.c.obj)
                              (--whole-archive)
zephyr/libzephyr.a(printk.c.obj)
                              (--whole-archive)
zephyr/libzephyr.a(rb.c.obj)  (--whole-archive)
zephyr/libzephyr.a(sem.c.obj)
                              (--whole-archive)
zephyr/libzephyr.a(thread_entry.c.obj)
                              (--whole-archive)
zephyr/libzephyr.a(timeutil.c.obj)
                              (--whole-archive)
zephyr/libzephyr.a(heap.c.obj)
                              (--whole-archive)
zephyr/libzephyr.a(heap-validate.c.obj)
                              (--whole-archive)
zephyr/libzephyr.a(bitarray.c.obj)
                              (--whole-archive)
zephyr/libzephyr.a(multi_heap.c.obj)
                              (--whole-archive)
zephyr/libzephyr.a(onoff.c.obj)
                              (--whole-archive)
zephyr/libzephyr.a(notify.c.obj)
                              (--whole-archive)
zephyr/libzephyr.a(crc32c_sw.c.obj)
                              (--whole-archive)
zephyr/libzephyr.a(crc32_sw.c.obj)
                              (--whole-archive)
zephyr/libzephyr.a(crc16_sw.c.obj)
                              (--whole-archive)
zephyr/libzephyr.a(crc8_sw.c.obj)
                              (--whole-archive)
zephyr/libzephyr.a(crc7_sw.c.obj)
                              (--whole-archive)
zephyr/libzephyr.a(cbprintf_complete.c.obj)
                              (--whole-archive)
zephyr/libzephyr.a(cbprintf.c.obj)
                              (--whole-archive)
zephyr/libzephyr.a(ring_buffer.c.obj)
                              (--whole-archive)
zephyr/libzephyr.a(assert.c.obj)
                              (--whole-archive)
zephyr/libzephyr.a(configs.c.obj)
                              (--whole-archive)
zephyr/libzephyr.a(soc_nrf_common.S.obj)
                              (--whole-archive)
zephyr/libzephyr.a(validate_base_addresses.c.obj)
                              (--whole-archive)
zephyr/libzephyr.a(validate_enabled_instances.c.obj)
                              (--whole-archive)
zephyr/libzephyr.a(pm.c.obj)  (--whole-archive)
zephyr/libzephyr.a(policy.c.obj)
                              (--whole-archive)
zephyr/libzephyr.a(state.c.obj)
                              (--whole-archive)
zephyr/libzephyr.a(tracing_none.c.obj)
                              (--whole-archive)
zephyr/libzephyr.a(usb_device.c.obj)
                              (--whole-archive)
zephyr/libzephyr.a(usb_descriptor.c.obj)
                              (--whole-archive)
zephyr/libzephyr.a(usb_transfer.c.obj)
                              (--whole-archive)
zephyr/libzephyr.a(cdc_acm.c.obj)
                              (--whole-archive)
zephyr/libzephyr.a(usb_work_q.c.obj)
                              (--whole-archive)
zephyr/libzephyr.a(sh1106_gfx.c.obj)
                              (--whole-archive)
zephyr/libzephyr.a(getline.c.obj)
                              (--whole-archive)
zephyr/arch/common/libarch__common.a(sw_isr_common.c.obj)
                              (--whole-archive)
zephyr/arch/arch/arm/core/aarch32/libarch__arm__core__aarch32.a(cpu_idle.S.obj)
                              (--whole-archive)
zephyr/arch/arch/arm/core/aarch32/libarch__arm__core__aarch32.a(fatal.c.obj)
                              (--whole-archive)
zephyr/arch/arch/arm/core/aarch32/libarch__arm__core__aarch32.a(irq_manage.c.obj)
                              (--whole-archive)
zephyr/arch/arch/arm/core/aarch32/libarch__arm__core__aarch32.a(nmi.c.obj)
                              (--whole-archive)
zephyr/arch/arch/arm/core/aarch32/libarch__arm__core__aarch32.a(nmi_on_reset.S.obj)
                              (--whole-archive)
zephyr/arch/arch/arm/core/aarch32/libarch__arm__core__aarch32.a(prep_c.c.obj)
                              (--whole-archive)
zephyr/arch/arch/arm/core/aarch32/libarch__arm__core__aarch32.a(swap.c.obj)
                              (--whole-archive)
zephyr/arch/arch/arm/core/aarch32/libarch__arm__core__aarch32.a(swap_helper.S.obj)
                              (--whole-archive)
zephyr/arch/arch/arm/core/aarch32/libarch__arm__core__aarch32.a(thread.c.obj)
                              (--whole-archive)
zephyr/arch/arch/arm/core/aarch32/libarch__arm__core__aarch32.a(isr_wrapper.S.obj)
                              (--whole-archive)
zephyr/arch/arch/arm/core/aarch32/cortex_m/libarch__arm__core__aarch32__cortex_m.a(exc_exit.S.obj)
[...]
Memory Configuration

Name             Origin             Length             Attributes
FLASH            0x0000000000001000 0x00000000000ff000 xr
RAM              0x0000000020000000 0x0000000000040000 xw
IDT_LIST         0x00000000fffff7ff 0x0000000000000800 xw
*default*        0x0000000000000000 0xffffffffffffffff

Linker script and memory map

LOAD zephyr/CMakeFiles/zephyr_pre0.dir/misc/empty_file.c.obj
LOAD zephyr/CMakeFiles/offsets.dir/./arch/arm/core/offsets/offsets.c.obj
LOAD app/libapp.a
LOAD zephyr/libzephyr.a
LOAD zephyr/arch/common/libarch__common.a
LOAD zephyr/arch/arch/arm/core/aarch32/libarch__arm__core__aarch32.a
LOAD zephyr/arch/arch/arm/core/aarch32/cortex_m/libarch__arm__core__aarch32__cortex_m.a
LOAD zephyr/arch/arch/arm/core/aarch32/mpu/libarch__arm__core__aarch32__mpu.a
LOAD zephyr/lib/libc/minimal/liblib__libc__minimal.a
LOAD zephyr/lib/libc/common/liblib__libc__common.a
LOAD zephyr/soc/arm/common/cortex_m/libsoc__arm__common__cortex_m.a
LOAD zephyr/soc/arm/nordic_nrf/nrf52/libsoc__arm__nordic_nrf__nrf52.a
LOAD zephyr/boards/arm/nrf52840dongle_nrf52840/libboards__arm__nrf52840dongle_nrf52840.a
LOAD zephyr/subsys/sd/libsubsys__sd.a
LOAD zephyr/drivers/usb/device/libdrivers__usb__device.a
LOAD zephyr/drivers/clock_control/libdrivers__clock_control.a
LOAD zephyr/drivers/console/libdrivers__console.a
LOAD zephyr/drivers/display/libdrivers__display.a
LOAD zephyr/drivers/gpio/libdrivers__gpio.a
LOAD zephyr/drivers/hwinfo/libdrivers__hwinfo.a
LOAD zephyr/drivers/i2c/libdrivers__i2c.a
LOAD zephyr/drivers/pinctrl/libdrivers__pinctrl.a
LOAD zephyr/drivers/sdhc/libdrivers__sdhc.a
LOAD zephyr/drivers/serial/libdrivers__serial.a
LOAD zephyr/drivers/spi/libdrivers__spi.a
LOAD zephyr/drivers/timer/libdrivers__timer.a
LOAD modules/hal_nordic/nrfx/libmodules__hal_nordic__nrfx.a
LOAD zephyr/kernel/libkernel.a
LOAD /usr/local/zephyr-sdk-0.16.2-rc1/arm-zephyr-eabi/bin/../lib/gcc/arm-zephyr-eabi/12.2.0/thumb/v7e-m/nofp/libgcc.a
LOAD zephyr/arch/common/libisr_tables.a
                0x0000000000000020                _region_min_align = 0x20

.rel.plt        0x0000000000001000        0x0
 *(SORT_BY_ALIGNMENT(.rel.plt))
                [!provide]                        PROVIDE (__rel_iplt_start = .)
 *(SORT_BY_ALIGNMENT(.rel.iplt))
 .rel.iplt      0x0000000000001000        0x0 app/libapp.a(main.c.obj)
                [!provide]                        PROVIDE (__rel_iplt_end = .)

.rela.plt       0x0000000000000000        0x0
 *(SORT_BY_ALIGNMENT(.rela.plt))
                [!provide]                        PROVIDE (__rela_iplt_start = .)
 *(SORT_BY_ALIGNMENT(.rela.iplt))
                [!provide]                        PROVIDE (__rela_iplt_end = .)

.rel.dyn
 *(SORT_BY_ALIGNMENT(.rel.*))

.rela.dyn
 *(SORT_BY_ALIGNMENT(.rela.*))

/DISCARD/
 *(SORT_BY_ALIGNMENT(.plt))

/DISCARD/
 *(SORT_BY_ALIGNMENT(.iplt))
                0x0000000000001000                __rom_region_start = 0x1000

rom_start       0x0000000000001000      0x100
                0x0000000000000000                . = 0x0
                0x0000000000000000                . = ALIGN (0x4)
                0x0000000000000000                . = ALIGN (0x80)
                0x0000000000000000                . = ALIGN (0x100)
                0x0000000000001000                _vector_start = .
 *(SORT_BY_ALIGNMENT(.exc_vector_table))
 *(SORT_BY_ALIGNMENT(.exc_vector_table.*))
 .exc_vector_table._vector_table_section
                0x0000000000001000       0x40 zephyr/arch/arch/arm/core/aarch32/cortex_m/libarch__arm__core__aarch32__cortex_m.a(vector_table.S.obj)
                0x0000000000001000                _vector_table
 *(SORT_BY_ALIGNMENT(.vectors))
                0x0000000000001100                _vector_end = .
                0x0000000000001040                . = ALIGN (0x4)
 *(SORT_BY_ALIGNMENT(.gnu.linkonce.irq_vector_table*))
 .gnu.linkonce.irq_vector_table
                0x0000000000001040       0xc0 zephyr/arch/common/libisr_tables.a(isr_tables.c.obj)
                0x0000000000001040                _irq_vector_table
                0x0000000000001100                _vector_end = .

text            0x0000000000001100     0xd024
                0x0000000000001100                __text_region_start = .
 *(SORT_BY_ALIGNMENT(.text))
 .text          0x0000000000001100      0x378 /usr/local/zephyr-sdk-0.16.2-rc1/arm-zephyr-eabi/bin/../lib/gcc/arm-zephyr-eabi/12.2.0/thumb/v7e-m/nofp/libgcc.a(_arm_addsubdf3.o)
                0x0000000000001100                __aeabi_drsub
                0x0000000000001108                __subdf3
                0x0000000000001108                __aeabi_dsub
                0x000000000000110c                __aeabi_dadd
                0x000000000000110c                __adddf3
                0x0000000000001384                __aeabi_ui2d
                0x0000000000001384                __floatunsidf
                0x00000000000013a4                __floatsidf
                0x00000000000013a4                __aeabi_i2d
                0x00000000000013c8                __extendsfdf2
                0x00000000000013c8                __aeabi_f2d
                0x000000000000140c                __aeabi_ul2d
                0x000000000000140c                __floatundidf
                0x000000000000141c                __aeabi_l2d
                0x000000000000141c                __floatdidf
 .text          0x0000000000001478      0x424 /usr/local/zephyr-sdk-0.16.2-rc1/arm-zephyr-eabi/bin/../lib/gcc/arm-zephyr-eabi/12.2.0/thumb/v7e-m/nofp/libgcc.a(_arm_muldivdf3.o)
                0x0000000000001478                __aeabi_dmul
                0x0000000000001478                __muldf3
                0x00000000000016cc                __aeabi_ddiv
                0x00000000000016cc                __divdf3
 .text          0x000000000000189c       0xa0 /usr/local/zephyr-sdk-0.16.2-rc1/arm-zephyr-eabi/bin/../lib/gcc/arm-zephyr-eabi/12.2.0/thumb/v7e-m/nofp/libgcc.a(_arm_truncdfsf2.o)
                0x000000000000189c                __aeabi_d2f
                0x000000000000189c                __truncdfsf2
 .text          0x000000000000193c      0x21c /usr/local/zephyr-sdk-0.16.2-rc1/arm-zephyr-eabi/bin/../lib/gcc/arm-zephyr-eabi/12.2.0/thumb/v7e-m/nofp/libgcc.a(_arm_addsubsf3.o)
                0x000000000000193c                __aeabi_frsub
                0x0000000000001944                __aeabi_fsub
                0x0000000000001944                __subsf3
                0x0000000000001948                __aeabi_fadd
                0x0000000000001948                __addsf3
                0x0000000000001aa8                __aeabi_ui2f
                0x0000000000001aa8                __floatunsisf
                0x0000000000001ab0                __floatsisf
                0x0000000000001ab0                __aeabi_i2f
                0x0000000000001acc                __aeabi_ul2f
                0x0000000000001acc                __floatundisf
                0x0000000000001adc                __aeabi_l2f
                0x0000000000001adc                __floatdisf
 .text          0x0000000000001b58      0x2a0 /usr/local/zephyr-sdk-0.16.2-rc1/arm-zephyr-eabi/bin/../lib/gcc/arm-zephyr-eabi/12.2.0/thumb/v7e-m/nofp/libgcc.a(_arm_muldivsf3.o)
                0x0000000000001b58                __mulsf3
                0x0000000000001b58                __aeabi_fmul
                0x0000000000001cc0                __divsf3
                0x0000000000001cc0                __aeabi_fdiv
 .text          0x0000000000001df8       0x40 /usr/local/zephyr-sdk-0.16.2-rc1/arm-zephyr-eabi/bin/../lib/gcc/arm-zephyr-eabi/12.2.0/thumb/v7e-m/nofp/libgcc.a(_arm_fixunssfsi.o)
                0x0000000000001df8                __aeabi_f2uiz
                0x0000000000001df8                __fixunssfsi
 .text          0x0000000000001e38       0x30 /usr/local/zephyr-sdk-0.16.2-rc1/arm-zephyr-eabi/bin/../lib/gcc/arm-zephyr-eabi/12.2.0/thumb/v7e-m/nofp/libgcc.a(_aeabi_uldivmod.o)
                0x0000000000001e38                __aeabi_uldivmod
 .text          0x0000000000001e68        0x4 /usr/local/zephyr-sdk-0.16.2-rc1/arm-zephyr-eabi/bin/../lib/gcc/arm-zephyr-eabi/12.2.0/thumb/v7e-m/nofp/libgcc.a(_dvmd_tls.o)
                0x0000000000001e68                __aeabi_ldiv0
                0x0000000000001e68                __aeabi_idiv0
 .text          0x0000000000001e6c      0x2a0 /usr/local/zephyr-sdk-0.16.2-rc1/arm-zephyr-eabi/bin/../lib/gcc/arm-zephyr-eabi/12.2.0/thumb/v7e-m/nofp/libgcc.a(_udivmoddi4.o)
                0x0000000000001e6c                __udivmoddi4
 *(SORT_BY_ALIGNMENT(.text.*))
 .text.myThread1
                0x000000000000210c       0xa4 app/libapp.a(main.c.obj)
                0x000000000000210c                myThread1
 .text.myThread0
                0x00000000000021b0       0x4c app/libapp.a(main.c.obj)
                0x00000000000021b0                myThread0
 .text.startSecOfClus
                0x00000000000021fc       0x18 app/libapp.a(SdFat.c.obj)
 .text.SD_readSector.constprop.0
                0x0000000000002214       0x14 app/libapp.a(SdFat.c.obj)
 .text.dispFile.constprop.0.isra.0
                0x0000000000002228      0x120 app/libapp.a(SdFat.c.obj)
 .text.fatNextClus
                0x0000000000002348       0x2c app/libapp.a(SdFat.c.obj)
 .text.printContent.isra.0
                0x0000000000002374       0x84 app/libapp.a(SdFat.c.obj)
 .text.rootDir  0x00000000000023f8       0x3c app/libapp.a(SdFat.c.obj)
                0x00000000000023f8                rootDir
 .text.nextFile
                0x0000000000002434      0x300 app/libapp.a(SdFat.c.obj)
                0x0000000000002434                nextFile
 .text.fileExists
                0x0000000000002734       0xa0 app/libapp.a(SdFat.c.obj)
 .text.listDir  0x00000000000027d4       0x98 app/libapp.a(SdFat.c.obj)
                0x00000000000027d4                listDir
 .text.SdFat_init
                0x000000000000286c      0x150 app/libapp.a(SdFat.c.obj)
                0x000000000000286c                SdFat_init
 .text.set_trig_flag
                0x00000000000029bc       0x2c app/libapp.a(my_timer.c.obj)
 .text.get_next_trig_ticks
                0x00000000000029e8       0x34 app/libapp.a(my_timer.c.obj)
                0x00000000000029e8                get_next_trig_ticks
 .text.myTimer_start
                0x0000000000002a1c       0x8c app/libapp.a(my_timer.c.obj)
                0x0000000000002a1c                myTimer_start
 .text.myTimer_stop
                0x0000000000002aa8       0x3c app/libapp.a(my_timer.c.obj)
                0x0000000000002aa8                myTimer_stop
 .text.handle_timers
                0x0000000000002ae4       0x7c app/libapp.a(my_timer.c.obj)
                0x0000000000002ae4                handle_timers
 .text.rtc2_irq_handler
                0x0000000000002b60       0x24 app/libapp.a(my_timer.c.obj)
                0x0000000000002b60                rtc2_irq_handler
 .text.myTimer_init
                0x0000000000002b84       0x28 app/libapp.a(my_timer.c.obj)
                0x0000000000002b84                myTimer_init
 .text.fast_blink_timer_base_handler
                0x0000000000002bac       0x10 app/libapp.a(led_indication.c.obj)
                0x0000000000002bac                fast_blink_timer_base_handler
 .text.gpio_pin_toggle_dt.constprop.0.isra.0
                0x0000000000002bbc       0x10 app/libapp.a(led_indication.c.obj)
 .text.fast_blink_timer_core_handler
                0x0000000000002bcc       0x28 app/libapp.a(led_indication.c.obj)
                0x0000000000002bcc                fast_blink_timer_core_handler
 .text.led_indication_set
                0x0000000000002bf4       0x58 app/libapp.a(led_indication.c.obj)
                0x0000000000002bf4                led_indication_set
 .text.led_indication_init
                0x0000000000002c4c       0x34 app/libapp.a(led_indication.c.obj)
                0x0000000000002c4c                led_indication_init
 .text.char_out
                0x0000000000002c80        0xc zephyr/libzephyr.a(printk.c.obj)
 .text.__printk_hook_install
                0x0000000000002c8c        0xc zephyr/libzephyr.a(printk.c.obj)
                0x0000000000002c8c                __printk_hook_install
 .text.vprintk  0x0000000000002c98       0x1c zephyr/libzephyr.a(printk.c.obj)
                0x0000000000002c98                vprintk
 .text.process_event
                0x0000000000002cb4      0x21c zephyr/libzephyr.a(onoff.c.obj)
 .text.z_cbvprintf_impl
                0x0000000000002ed0      0x764 zephyr/libzephyr.a(cbprintf_complete.c.obj)
                0x0000000000002ed0                z_cbvprintf_impl
 .text.z_arm_platform_init
                0x0000000000003634        0x4 zephyr/libzephyr.a(soc_nrf_common.S.obj)
                0x0000000000003634                z_arm_platform_init
 .text.pm_state_notify
                0x0000000000003638       0x5c zephyr/libzephyr.a(pm.c.obj)
 .text.pm_system_resume
                0x0000000000003694       0x78 zephyr/libzephyr.a(pm.c.obj)
                0x0000000000003694                pm_system_resume
 .text.pm_system_suspend
                0x000000000000370c       0xf8 zephyr/libzephyr.a(pm.c.obj)
                0x000000000000370c                pm_system_suspend
 .text.pm_policy_next_state
                0x0000000000003804       0xf8 zephyr/libzephyr.a(policy.c.obj)
                0x0000000000003804                pm_policy_next_state
 .text.pm_state_cpu_get_all
                0x00000000000038fc       0x10 zephyr/libzephyr.a(state.c.obj)
                0x00000000000038fc                pm_state_cpu_get_all
 .text.class_handler
                0x000000000000390c       0x40 zephyr/libzephyr.a(usb_device.c.obj)
 .text.custom_handler
                0x000000000000394c       0x60 zephyr/libzephyr.a(usb_device.c.obj)
 .text.vendor_handler
                0x00000000000039ac       0x3c zephyr/libzephyr.a(usb_device.c.obj)
 .text.disable_endpoint
                0x00000000000039e8       0x2c zephyr/libzephyr.a(usb_device.c.obj)
 .text.usb_reset_alt_setting
                0x0000000000003a14       0x10 zephyr/libzephyr.a(usb_device.c.obj)
 .text.is_ep_valid.part.0
                0x0000000000003a24       0x38 zephyr/libzephyr.a(usb_device.c.obj)
 .text.usb_handle_request.constprop.0
                0x0000000000003a5c       0x2c zephyr/libzephyr.a(usb_device.c.obj)
 .text.forward_status_cb
                0x0000000000003a88       0xac zephyr/libzephyr.a(usb_device.c.obj)
 .text.usb_halt_endpoint_req.isra.0
                0x0000000000003b34       0x50 zephyr/libzephyr.a(usb_device.c.obj)
 .text.set_endpoint
                0x0000000000003b84       0x84 zephyr/libzephyr.a(usb_device.c.obj)
 .text.usb_handle_standard_request
                0x0000000000003c08      0x29c zephyr/libzephyr.a(usb_device.c.obj)
 .text.usb_data_to_host
                0x0000000000003ea4       0x60 zephyr/libzephyr.a(usb_device.c.obj)
 .text.usb_handle_control_transfer
                0x0000000000003f04       0xdc zephyr/libzephyr.a(usb_device.c.obj)
 .text.usb_set_config
                0x0000000000003fe0       0x2c zephyr/libzephyr.a(usb_device.c.obj)
                0x0000000000003fe0                usb_set_config
 .text.usb_enable
                0x000000000000400c      0x124 zephyr/libzephyr.a(usb_device.c.obj)
                0x000000000000400c                usb_enable
 .text.usb_device_init
                0x0000000000004130       0x30 zephyr/libzephyr.a(usb_device.c.obj)
 .text.usb_update_sn_string_descriptor
                0x0000000000004160       0x88 zephyr/libzephyr.a(usb_descriptor.c.obj)
                0x0000000000004160                usb_update_sn_string_descriptor
 .text.usb_get_device_descriptor
                0x00000000000041e8      0x1dc zephyr/libzephyr.a(usb_descriptor.c.obj)
                0x00000000000041e8                usb_get_device_descriptor
 .text.usb_ep_get_transfer
                0x00000000000043c4       0x2c zephyr/libzephyr.a(usb_transfer.c.obj)
 .text.usb_transfer_work
                0x00000000000043f0      0x108 zephyr/libzephyr.a(usb_transfer.c.obj)
 .text.usb_transfer_ep_callback
                0x00000000000044f8       0x5c zephyr/libzephyr.a(usb_transfer.c.obj)
                0x00000000000044f8                usb_transfer_ep_callback
 .text.usb_transfer
                0x0000000000004554       0xe4 zephyr/libzephyr.a(usb_transfer.c.obj)
                0x0000000000004554                usb_transfer
 .text.usb_cancel_transfer
                0x0000000000004638       0x3c zephyr/libzephyr.a(usb_transfer.c.obj)
                0x0000000000004638                usb_cancel_transfer
 .text.usb_cancel_transfers
                0x0000000000004674       0x48 zephyr/libzephyr.a(usb_transfer.c.obj)
                0x0000000000004674                usb_cancel_transfers
 .text.usb_transfer_init
                0x00000000000046bc       0x34 zephyr/libzephyr.a(usb_transfer.c.obj)
                0x00000000000046bc                usb_transfer_init
 .text.cdc_acm_class_handle_req
                0x00000000000046f0       0x58 zephyr/libzephyr.a(cdc_acm.c.obj)
                0x00000000000046f0                cdc_acm_class_handle_req
 .text.cdc_acm_int_in
                0x0000000000004748       0x18 zephyr/libzephyr.a(cdc_acm.c.obj)
 .text.cdc_acm_irq_rx_enable
                0x0000000000004760       0x20 zephyr/libzephyr.a(cdc_acm.c.obj)
 .text.cdc_acm_irq_tx_enable
                0x0000000000004780       0x20 zephyr/libzephyr.a(cdc_acm.c.obj)
 .text.cdc_acm_reset_port
                0x00000000000047a0       0x3c zephyr/libzephyr.a(cdc_acm.c.obj)
 .text.cdc_acm_fifo_fill
                0x00000000000047dc       0x38 zephyr/libzephyr.a(cdc_acm.c.obj)
 .text.cdc_acm_poll_out
                0x0000000000004814       0x64 zephyr/libzephyr.a(cdc_acm.c.obj)
 .text.tx_work_handler
                0x0000000000004878       0x5c zephyr/libzephyr.a(cdc_acm.c.obj)
 .text.cdc_acm_write_cb
                0x00000000000048d4       0x44 zephyr/libzephyr.a(cdc_acm.c.obj)
 .text.cdc_acm_init
                0x0000000000004918       0x48 zephyr/libzephyr.a(cdc_acm.c.obj)
 .text.cdc_acm_read_cb
                0x0000000000004960       0x6c zephyr/libzephyr.a(cdc_acm.c.obj)
 .text.cdc_acm_dev_status_cb
                0x00000000000049cc       0x88 zephyr/libzephyr.a(cdc_acm.c.obj)
 .text.z_usb_work_q_init
                0x0000000000004a54       0x34 zephyr/libzephyr.a(usb_work_q.c.obj)
 .text.oled_clearPart
                0x0000000000004a88       0x38 zephyr/libzephyr.a(sh1106_gfx.c.obj)
                0x0000000000004a88                oled_clearPart
 .text.oled_printChar
                0x0000000000004ac0      0x100 zephyr/libzephyr.a(sh1106_gfx.c.obj)
                0x0000000000004ac0                oled_printChar
 .text.oled_printString
                0x0000000000004bc0       0x64 zephyr/libzephyr.a(sh1106_gfx.c.obj)
                0x0000000000004bc0                oled_printString
 .text.oled_displayBmp
                0x0000000000004c24       0x60 zephyr/libzephyr.a(sh1106_gfx.c.obj)
                0x0000000000004c24                oled_displayBmp
 .text.oled_printLog
                0x0000000000004c84       0x68 zephyr/libzephyr.a(sh1106_gfx.c.obj)
                0x0000000000004c84                oled_printLog
 .text.console_getline
                0x0000000000004cec       0x30 zephyr/libzephyr.a(getline.c.obj)
                0x0000000000004cec                console_getline
 .text.console_getline_init
                0x0000000000004d1c       0x34 zephyr/libzephyr.a(getline.c.obj)
                0x0000000000004d1c                console_getline_init
 .text.z_arm_cpu_idle_init
                0x0000000000004d50        0xc zephyr/arch/arch/arm/core/aarch32/libarch__arm__core__aarch32.a(cpu_idle.S.obj)
                0x0000000000004d50                z_arm_cpu_idle_init
 .text.arch_cpu_idle
                0x0000000000004d5c       0x1c zephyr/arch/arch/arm/core/aarch32/libarch__arm__core__aarch32.a(cpu_idle.S.obj)
                0x0000000000004d5c                arch_cpu_idle
 .text.arch_cpu_atomic_idle
                0x0000000000004d78       0x18 zephyr/arch/arch/arm/core/aarch32/libarch__arm__core__aarch32.a(cpu_idle.S.obj)
                0x0000000000004d78                arch_cpu_atomic_idle
 .text.arch_irq_enable
                0x0000000000004d90       0x1c zephyr/arch/arch/arm/core/aarch32/libarch__arm__core__aarch32.a(irq_manage.c.obj)
                0x0000000000004d90                arch_irq_enable
 .text.arch_irq_disable
                0x0000000000004dac       0x28 zephyr/arch/arch/arm/core/aarch32/libarch__arm__core__aarch32.a(irq_manage.c.obj)
                0x0000000000004dac                arch_irq_disable
 .text.arch_irq_is_enabled
                0x0000000000004dd4       0x1c zephyr/arch/arch/arm/core/aarch32/libarch__arm__core__aarch32.a(irq_manage.c.obj)
                0x0000000000004dd4                arch_irq_is_enabled
 .text.z_arm_irq_priority_set
                0x0000000000004df0       0x30 zephyr/arch/arch/arm/core/aarch32/libarch__arm__core__aarch32.a(irq_manage.c.obj)
                0x0000000000004df0                z_arm_irq_priority_set
 .text.z_SysNmiOnReset
                0x0000000000004e20        0x8 zephyr/arch/arch/arm/core/aarch32/libarch__arm__core__aarch32.a(nmi_on_reset.S.obj)
                0x0000000000004e20                z_SysNmiOnReset
 .text.z_arm_prep_c
                0x0000000000004e28       0x48 zephyr/arch/arch/arm/core/aarch32/libarch__arm__core__aarch32.a(prep_c.c.obj)
                0x0000000000004e28                z_arm_prep_c
 .text.arch_swap
                0x0000000000004e70       0x34 zephyr/arch/arch/arm/core/aarch32/libarch__arm__core__aarch32.a(swap.c.obj)
                0x0000000000004e70                arch_swap
 .text.z_arm_pendsv
                0x0000000000004ea4       0x54 zephyr/arch/arch/arm/core/aarch32/libarch__arm__core__aarch32.a(swap_helper.S.obj)
                0x0000000000004ea4                z_arm_pendsv
 .text.z_arm_svc
                0x0000000000004ef8       0x20 zephyr/arch/arch/arm/core/aarch32/libarch__arm__core__aarch32.a(swap_helper.S.obj)
                0x0000000000004ef8                z_arm_svc
 .text.arch_new_thread
                0x0000000000004f18       0x38 zephyr/arch/arch/arm/core/aarch32/libarch__arm__core__aarch32.a(thread.c.obj)
                0x0000000000004f18                arch_new_thread
 .text.z_check_thread_stack_fail
                0x0000000000004f50       0x2c zephyr/arch/arch/arm/core/aarch32/libarch__arm__core__aarch32.a(thread.c.obj)
                0x0000000000004f50                z_check_thread_stack_fail
 .text.arch_switch_to_main_thread
                0x0000000000004f7c       0x2c zephyr/arch/arch/arm/core/aarch32/libarch__arm__core__aarch32.a(thread.c.obj)
                0x0000000000004f7c                arch_switch_to_main_thread
 .text._isr_wrapper
                0x0000000000004fa8       0x40 zephyr/arch/arch/arm/core/aarch32/libarch__arm__core__aarch32.a(isr_wrapper.S.obj)
                0x0000000000004fa8                _isr_wrapper
 .text._HandlerModeExit
                0x0000000000004fe8       0x1c zephyr/arch/arch/arm/core/aarch32/cortex_m/libarch__arm__core__aarch32__cortex_m.a(exc_exit.S.obj)
                0x0000000000004fe8                z_arm_exc_exit
                0x0000000000004fe8                z_arm_int_exit
 .text.mem_manage_fault
                0x0000000000005004       0xa0 zephyr/arch/arch/arm/core/aarch32/cortex_m/libarch__arm__core__aarch32__cortex_m.a(fault.c.obj)
 .text.usage_fault.constprop.0
                0x00000000000050a4       0x54 zephyr/arch/arch/arm/core/aarch32/cortex_m/libarch__arm__core__aarch32__cortex_m.a(fault.c.obj)
 .text.bus_fault.constprop.0
                0x00000000000050f8       0x6c zephyr/arch/arch/arm/core/aarch32/cortex_m/libarch__arm__core__aarch32__cortex_m.a(fault.c.obj)
 .text.z_arm_fault
                0x0000000000005164      0x11c zephyr/arch/arch/arm/core/aarch32/cortex_m/libarch__arm__core__aarch32__cortex_m.a(fault.c.obj)
                0x0000000000005164                z_arm_fault
 .text.z_arm_fault_init
                0x0000000000005280       0x10 zephyr/arch/arch/arm/core/aarch32/cortex_m/libarch__arm__core__aarch32__cortex_m.a(fault.c.obj)
                0x0000000000005280                z_arm_fault_init
 .text.__fault  0x0000000000005290       0x14 zephyr/arch/arch/arm/core/aarch32/cortex_m/libarch__arm__core__aarch32__cortex_m.a(fault_s.S.obj)
                0x0000000000005290                z_arm_bus_fault
                0x0000000000005290                z_arm_usage_fault
                0x0000000000005290                z_arm_mpu_fault
                0x0000000000005290                z_arm_exc_spurious
                0x0000000000005290                z_arm_debug_monitor
                0x0000000000005290                z_arm_hard_fault
 .text.z_arm_interrupt_init
                0x00000000000052a4       0x18 zephyr/arch/arch/arm/core/aarch32/cortex_m/libarch__arm__core__aarch32__cortex_m.a(irq_init.c.obj)
                0x00000000000052a4                z_arm_interrupt_init
 .text._reset_section
                0x00000000000052bc       0x30 zephyr/arch/arch/arm/core/aarch32/cortex_m/libarch__arm__core__aarch32__cortex_m.a(reset.S.obj)
                0x00000000000052bc                z_arm_reset
                0x00000000000052bc                __start
 .text.z_impl_k_thread_abort
                0x00000000000052ec       0x2c zephyr/arch/arch/arm/core/aarch32/cortex_m/libarch__arm__core__aarch32__cortex_m.a(thread_abort.c.obj)
                0x00000000000052ec                z_impl_k_thread_abort
 .text.z_arm_configure_static_mpu_regions
                0x0000000000005318       0x18 zephyr/arch/arch/arm/core/aarch32/mpu/libarch__arm__core__aarch32__mpu.a(arm_core_mpu.c.obj)
                0x0000000000005318                z_arm_configure_static_mpu_regions
 .text.z_arm_configure_dynamic_mpu_regions
                0x0000000000005330       0x20 zephyr/arch/arch/arm/core/aarch32/mpu/libarch__arm__core__aarch32__mpu.a(arm_core_mpu.c.obj)
                0x0000000000005330                z_arm_configure_dynamic_mpu_regions
 .text.mpu_configure_regions
                0x0000000000005350       0x88 zephyr/arch/arch/arm/core/aarch32/mpu/libarch__arm__core__aarch32__mpu.a(arm_mpu.c.obj)
 .text.arm_core_mpu_enable
                0x00000000000053d8       0x18 zephyr/arch/arch/arm/core/aarch32/mpu/libarch__arm__core__aarch32__mpu.a(arm_mpu.c.obj)
                0x00000000000053d8                arm_core_mpu_enable
 .text.arm_core_mpu_disable
                0x00000000000053f0       0x14 zephyr/arch/arch/arm/core/aarch32/mpu/libarch__arm__core__aarch32__mpu.a(arm_mpu.c.obj)
                0x00000000000053f0                arm_core_mpu_disable
 .text.arm_core_mpu_configure_static_mpu_regions
                0x0000000000005404       0x14 zephyr/arch/arch/arm/core/aarch32/mpu/libarch__arm__core__aarch32__mpu.a(arm_mpu.c.obj)
                0x0000000000005404                arm_core_mpu_configure_static_mpu_regions
 .text.arm_core_mpu_configure_dynamic_mpu_regions
                0x0000000000005418       0x30 zephyr/arch/arch/arm/core/aarch32/mpu/libarch__arm__core__aarch32__mpu.a(arm_mpu.c.obj)
                0x0000000000005418                arm_core_mpu_configure_dynamic_mpu_regions
 .text.z_arm_mpu_init
                0x0000000000005448       0x60 zephyr/arch/arch/arm/core/aarch32/mpu/libarch__arm__core__aarch32__mpu.a(arm_mpu.c.obj)
                0x0000000000005448                z_arm_mpu_init
 .text.__stdout_hook_install
                0x00000000000054a8        0xc zephyr/lib/libc/minimal/liblib__libc__minimal.a(stdout_console.c.obj)
                0x00000000000054a8                __stdout_hook_install
 .text.nordicsemi_nrf52_init
                0x00000000000054b4       0x44 zephyr/soc/arm/nordic_nrf/nrf52/libsoc__arm__nordic_nrf__nrf52.a(soc.c.obj)
 .text.arch_busy_wait
                0x00000000000054f8       0x14 zephyr/soc/arm/nordic_nrf/nrf52/libsoc__arm__nordic_nrf__nrf52.a(soc.c.obj)
                0x00000000000054f8                arch_busy_wait
 .text.board_nrf52840dongle_nrf52840_init
                0x000000000000550c       0x7c zephyr/boards/arm/nrf52840dongle_nrf52840/libboards__arm__nrf52840dongle_nrf52840.a(board.c.obj)
 .text.sd_init_io
                0x0000000000005588       0x54 zephyr/subsys/sd/libsubsys__sd.a(sd.c.obj)
 .text.sdmmc_wait_ready
                0x00000000000055dc       0x3c zephyr/subsys/sd/libsubsys__sd.a(sd_ops.c.obj)
                0x00000000000055dc                sdmmc_wait_ready
 .text.card_app_command
                0x0000000000005618       0x60 zephyr/subsys/sd/libsubsys__sd.a(sd_ops.c.obj)
                0x0000000000005618                card_app_command
 .text.sdmmc_card_init
                0x0000000000005678      0x310 zephyr/subsys/sd/libsubsys__sd.a(sdmmc.c.obj)
                0x0000000000005678                sdmmc_card_init
 .text.endpoint_ctx
                0x0000000000005988       0x60 zephyr/drivers/usb/device/libdrivers__usb__device.a(usb_dc_nrfx.c.obj)
 .text.usbd_work_schedule
                0x00000000000059e8       0x10 zephyr/drivers/usb/device/libdrivers__usb__device.a(usb_dc_nrfx.c.obj)
 .text.usbd_evt_put
                0x00000000000059f8        0xc zephyr/drivers/usb/device/libdrivers__usb__device.a(usb_dc_nrfx.c.obj)
 .text.usbd_evt_get
                0x0000000000005a04       0x10 zephyr/drivers/usb/device/libdrivers__usb__device.a(usb_dc_nrfx.c.obj)
 .text.usbd_evt_flush
                0x0000000000005a14       0x1c zephyr/drivers/usb/device/libdrivers__usb__device.a(usb_dc_nrfx.c.obj)
 .text.usbd_evt_alloc
                0x0000000000005a30       0x44 zephyr/drivers/usb/device/libdrivers__usb__device.a(usb_dc_nrfx.c.obj)
 .text.usb_dc_power_event_handler
                0x0000000000005a74       0x34 zephyr/drivers/usb/device/libdrivers__usb__device.a(usb_dc_nrfx.c.obj)
 .text.usbd_event_transfer_data
                0x0000000000005aa8       0xa8 zephyr/drivers/usb/device/libdrivers__usb__device.a(usb_dc_nrfx.c.obj)
 .text.usb_init
                0x0000000000005b50       0x70 zephyr/drivers/usb/device/libdrivers__usb__device.a(usb_dc_nrfx.c.obj)
 .text.hfxo_stop.constprop.0.isra.0
                0x0000000000005bc0       0x40 zephyr/drivers/usb/device/libdrivers__usb__device.a(usb_dc_nrfx.c.obj)
 .text.usbd_event_handler
                0x0000000000005c00      0x11c zephyr/drivers/usb/device/libdrivers__usb__device.a(usb_dc_nrfx.c.obj)
 .text.eps_ctx_init
                0x0000000000005d1c       0x68 zephyr/drivers/usb/device/libdrivers__usb__device.a(usb_dc_nrfx.c.obj)
 .text.usbd_work_handler
                0x0000000000005d84      0x2e4 zephyr/drivers/usb/device/libdrivers__usb__device.a(usb_dc_nrfx.c.obj)
 .text.usb_dc_attach
                0x0000000000006068       0x64 zephyr/drivers/usb/device/libdrivers__usb__device.a(usb_dc_nrfx.c.obj)
                0x0000000000006068                usb_dc_attach
 .text.usb_dc_set_address
                0x00000000000060cc       0x24 zephyr/drivers/usb/device/libdrivers__usb__device.a(usb_dc_nrfx.c.obj)
                0x00000000000060cc                usb_dc_set_address
 .text.usb_dc_ep_configure
                0x00000000000060f0       0x48 zephyr/drivers/usb/device/libdrivers__usb__device.a(usb_dc_nrfx.c.obj)
                0x00000000000060f0                usb_dc_ep_configure
 .text.usb_dc_ep_set_stall
                0x0000000000006138       0x50 zephyr/drivers/usb/device/libdrivers__usb__device.a(usb_dc_nrfx.c.obj)
                0x0000000000006138                usb_dc_ep_set_stall
 .text.usb_dc_ep_clear_stall
                0x0000000000006188       0x40 zephyr/drivers/usb/device/libdrivers__usb__device.a(usb_dc_nrfx.c.obj)
                0x0000000000006188                usb_dc_ep_clear_stall
 .text.usb_dc_ep_is_stalled
                0x00000000000061c8       0x38 zephyr/drivers/usb/device/libdrivers__usb__device.a(usb_dc_nrfx.c.obj)
                0x00000000000061c8                usb_dc_ep_is_stalled
 .text.usb_dc_ep_enable
                0x0000000000006200       0x54 zephyr/drivers/usb/device/libdrivers__usb__device.a(usb_dc_nrfx.c.obj)
                0x0000000000006200                usb_dc_ep_enable
 .text.usb_dc_ep_write
                0x0000000000006254       0xf8 zephyr/drivers/usb/device/libdrivers__usb__device.a(usb_dc_nrfx.c.obj)
                0x0000000000006254                usb_dc_ep_write
 .text.usb_dc_ep_read_wait
                0x000000000000634c       0x90 zephyr/drivers/usb/device/libdrivers__usb__device.a(usb_dc_nrfx.c.obj)
                0x000000000000634c                usb_dc_ep_read_wait
 .text.usb_dc_ep_read_continue
                0x00000000000063dc       0x84 zephyr/drivers/usb/device/libdrivers__usb__device.a(usb_dc_nrfx.c.obj)
                0x00000000000063dc                usb_dc_ep_read_continue
 .text.usb_dc_ep_set_callback
                0x0000000000006460       0x28 zephyr/drivers/usb/device/libdrivers__usb__device.a(usb_dc_nrfx.c.obj)
                0x0000000000006460                usb_dc_ep_set_callback
 .text.usb_dc_set_status_callback
                0x0000000000006488        0xc zephyr/drivers/usb/device/libdrivers__usb__device.a(usb_dc_nrfx.c.obj)
                0x0000000000006488                usb_dc_set_status_callback
 .text.usb_dc_ep_mps
                0x0000000000006494       0x24 zephyr/drivers/usb/device/libdrivers__usb__device.a(usb_dc_nrfx.c.obj)
                0x0000000000006494                usb_dc_ep_mps
 .text.onoff_stop
                0x00000000000064b8       0x30 zephyr/drivers/clock_control/libdrivers__clock_control.a(clock_control_nrf.c.obj)
 .text.onoff_start
                0x00000000000064e8       0x44 zephyr/drivers/clock_control/libdrivers__clock_control.a(clock_control_nrf.c.obj)
 .text.clk_init
                0x000000000000652c       0x58 zephyr/drivers/clock_control/libdrivers__clock_control.a(clock_control_nrf.c.obj)
 .text.clkstarted_handle.constprop.0
                0x0000000000006584       0x34 zephyr/drivers/clock_control/libdrivers__clock_control.a(clock_control_nrf.c.obj)
 .text.clock_event_handler
                0x00000000000065b8       0x1c zephyr/drivers/clock_control/libdrivers__clock_control.a(clock_control_nrf.c.obj)
 .text.generic_hfclk_start
                0x00000000000065d4       0x64 zephyr/drivers/clock_control/libdrivers__clock_control.a(clock_control_nrf.c.obj)
 .text.api_blocking_start
                0x0000000000006638       0x34 zephyr/drivers/clock_control/libdrivers__clock_control.a(clock_control_nrf.c.obj)
 .text.generic_hfclk_stop
                0x000000000000666c       0x34 zephyr/drivers/clock_control/libdrivers__clock_control.a(clock_control_nrf.c.obj)
 .text.z_nrf_clock_control_get_onoff
                0x00000000000066a0       0x10 zephyr/drivers/clock_control/libdrivers__clock_control.a(clock_control_nrf.c.obj)
                0x00000000000066a0                z_nrf_clock_control_get_onoff
 .text.z_nrf_clock_control_lf_on
                0x00000000000066b0       0xfc zephyr/drivers/clock_control/libdrivers__clock_control.a(clock_control_nrf.c.obj)
                0x00000000000066b0                z_nrf_clock_control_lf_on
 .text.z_impl_uart_irq_rx_disable.constprop.0
                0x00000000000067ac       0x10 zephyr/drivers/console/libdrivers__console.a(uart_console.c.obj)
 .text.uart_poll_out.constprop.0
                0x00000000000067bc       0x10 zephyr/drivers/console/libdrivers__console.a(uart_console.c.obj)
 .text.uart_console_init
                0x00000000000067cc       0x28 zephyr/drivers/console/libdrivers__console.a(uart_console.c.obj)
 .text.del_char
                0x00000000000067f4       0x50 zephyr/drivers/console/libdrivers__console.a(uart_console.c.obj)
 .text.uart_console_isr
                0x0000000000006844      0x3c4 zephyr/drivers/console/libdrivers__console.a(uart_console.c.obj)
 .text.uart_register_input
                0x0000000000006c08       0x6c zephyr/drivers/console/libdrivers__console.a(uart_console.c.obj)
                0x0000000000006c08                uart_register_input
 .text.writeBuffer
                0x0000000000006c74       0x5c zephyr/drivers/display/libdrivers__display.a(sh1106_driver.c.obj)
 .text.gpio_nrfx_pin_interrupt_configure
                0x0000000000006cd0       0xe4 zephyr/drivers/gpio/libdrivers__gpio.a(gpio_nrfx.c.obj)
 .text.gpio_nrfx_init
                0x0000000000006db4       0x38 zephyr/drivers/gpio/libdrivers__gpio.a(gpio_nrfx.c.obj)
 .text.nrfx_gpio_handler
                0x0000000000006dec       0x4c zephyr/drivers/gpio/libdrivers__gpio.a(gpio_nrfx.c.obj)
 .text.gpio_nrfx_pin_configure
                0x0000000000006e38      0x128 zephyr/drivers/gpio/libdrivers__gpio.a(gpio_nrfx.c.obj)
 .text.i2c_nrfx_twi_recover_bus
                0x0000000000006f60       0x24 zephyr/drivers/i2c/libdrivers__i2c.a(i2c_nrfx_twi.c.obj)
 .text.twi_1_init
                0x0000000000006f84       0x58 zephyr/drivers/i2c/libdrivers__i2c.a(i2c_nrfx_twi.c.obj)
 .text.event_handler
                0x0000000000006fdc       0x34 zephyr/drivers/i2c/libdrivers__i2c.a(i2c_nrfx_twi.c.obj)
 .text.i2c_nrfx_twi_transfer
                0x0000000000007010      0x100 zephyr/drivers/i2c/libdrivers__i2c.a(i2c_nrfx_twi.c.obj)
 .text.nrf_gpio_pin_port_decode
                0x0000000000007110       0x20 zephyr/drivers/pinctrl/libdrivers__pinctrl.a(pinctrl_nrf.c.obj)
 .text.pinctrl_configure_pins
                0x0000000000007130      0x164 zephyr/drivers/pinctrl/libdrivers__pinctrl.a(pinctrl_nrf.c.obj)
                0x0000000000007130                pinctrl_configure_pins
 .text.sdhc_spi_rx
                0x0000000000007294       0x2c zephyr/drivers/sdhc/libdrivers__sdhc.a(sdhc_spi.c.obj)
 .text.sdhc_spi_reset
                0x00000000000072c0       0x10 zephyr/drivers/sdhc/libdrivers__sdhc.a(sdhc_spi.c.obj)
 .text.sdhc_spi_get_host_props
                0x00000000000072d0       0x34 zephyr/drivers/sdhc/libdrivers__sdhc.a(sdhc_spi.c.obj)
 .text.sdhc_spi_set_io
                0x0000000000007304       0xe8 zephyr/drivers/sdhc/libdrivers__sdhc.a(sdhc_spi.c.obj)
 .text.sdhc_skip.constprop.0
                0x00000000000073ec       0x38 zephyr/drivers/sdhc/libdrivers__sdhc.a(sdhc_spi.c.obj)
 .text.sdhc_spi_request
                0x0000000000007424      0x24c zephyr/drivers/sdhc/libdrivers__sdhc.a(sdhc_spi.c.obj)
 .text.uarte_nrfx_configure
                0x0000000000007670      0x168 zephyr/drivers/serial/libdrivers__serial.a(uart_nrfx_uarte.c.obj)
 .text.uarte_0_init
                0x00000000000077d8       0xe8 zephyr/drivers/serial/libdrivers__serial.a(uart_nrfx_uarte.c.obj)
 .text.uarte_nrfx_poll_out
                0x00000000000078c0       0x98 zephyr/drivers/serial/libdrivers__serial.a(uart_nrfx_uarte.c.obj)
 .text.transfer_next_chunk
                0x0000000000007958       0x6c zephyr/drivers/spi/libdrivers__spi.a(spi_nrfx_spi.c.obj)
 .text.spi_nrfx_transceive
                0x00000000000079c4      0x2cc zephyr/drivers/spi/libdrivers__spi.a(spi_nrfx_spi.c.obj)
 .text.compare_int_lock
                0x0000000000007c90       0x48 zephyr/drivers/timer/libdrivers__timer.a(nrf_rtc_timer.c.obj)
 .text.sys_clock_timeout_handler
                0x0000000000007cd8       0x48 zephyr/drivers/timer/libdrivers__timer.a(nrf_rtc_timer.c.obj)
 .text.compare_int_unlock
                0x0000000000007d20       0x5c zephyr/drivers/timer/libdrivers__timer.a(nrf_rtc_timer.c.obj)
 .text.z_nrf_rtc_timer_read
                0x0000000000007d7c       0x44 zephyr/drivers/timer/libdrivers__timer.a(nrf_rtc_timer.c.obj)
                0x0000000000007d7c                z_nrf_rtc_timer_read
 .text.compare_set
                0x0000000000007dc0      0x130 zephyr/drivers/timer/libdrivers__timer.a(nrf_rtc_timer.c.obj)
 .text.sys_clock_driver_init
                0x0000000000007ef0       0x90 zephyr/drivers/timer/libdrivers__timer.a(nrf_rtc_timer.c.obj)
 .text.rtc_nrf_isr
                0x0000000000007f80       0xd4 zephyr/drivers/timer/libdrivers__timer.a(nrf_rtc_timer.c.obj)
                0x0000000000007f80                rtc_nrf_isr
 .text.sys_clock_set_timeout
                0x0000000000008054       0x68 zephyr/drivers/timer/libdrivers__timer.a(nrf_rtc_timer.c.obj)
                0x0000000000008054                sys_clock_set_timeout
 .text.sys_clock_elapsed
                0x00000000000080bc       0x14 zephyr/drivers/timer/libdrivers__timer.a(nrf_rtc_timer.c.obj)
                0x00000000000080bc                sys_clock_elapsed
 .text.__NVIC_SystemReset
                0x00000000000080d0       0x24 modules/hal_nordic/nrfx/libmodules__hal_nordic__nrfx.a(system_nrf52840.c.obj)
 .text.nrf52_errata_98
                0x00000000000080f4       0x24 modules/hal_nordic/nrfx/libmodules__hal_nordic__nrfx.a(system_nrf52840.c.obj)
 .text.nvmc_wait
                0x0000000000008118       0x10 modules/hal_nordic/nrfx/libmodules__hal_nordic__nrfx.a(system_nrf52840.c.obj)
                0x0000000000008118                nvmc_wait
 .text.SystemInit
                0x0000000000008128      0x1c8 modules/hal_nordic/nrfx/libmodules__hal_nordic__nrfx.a(system_nrf52840.c.obj)
                0x0000000000008128                SystemInit
 .text.nrfx_flag32_alloc
                0x00000000000082f0       0x48 modules/hal_nordic/nrfx/libmodules__hal_nordic__nrfx.a(nrfx_flag32_allocator.c.obj)
                0x00000000000082f0                nrfx_flag32_alloc
 .text.nrfx_flag32_free
                0x0000000000008338       0x40 modules/hal_nordic/nrfx/libmodules__hal_nordic__nrfx.a(nrfx_flag32_allocator.c.obj)
                0x0000000000008338                nrfx_flag32_free
 .text.nrfx_gppi_channels_enable
                0x0000000000008378        0xc modules/hal_nordic/nrfx/libmodules__hal_nordic__nrfx.a(nrfx_gppi_ppi.c.obj)
                0x0000000000008378                nrfx_gppi_channels_enable
 .text.clock_stop
                0x0000000000008384       0xc4 modules/hal_nordic/nrfx/libmodules__hal_nordic__nrfx.a(nrfx_clock.c.obj)
 .text.nrfx_clock_init
                0x0000000000008448       0x20 modules/hal_nordic/nrfx/libmodules__hal_nordic__nrfx.a(nrfx_clock.c.obj)
                0x0000000000008448                nrfx_clock_init
 .text.nrfx_clock_enable
                0x0000000000008468       0x24 modules/hal_nordic/nrfx/libmodules__hal_nordic__nrfx.a(nrfx_clock.c.obj)
                0x0000000000008468                nrfx_clock_enable
 .text.nrfx_clock_irq_handler
                0x000000000000848c       0x68 modules/hal_nordic/nrfx/libmodules__hal_nordic__nrfx.a(nrfx_clock.c.obj)
                0x000000000000848c                nrfx_clock_irq_handler
 .text.nrf_gpio_pin_port_decode
                0x00000000000084f4       0x20 modules/hal_nordic/nrfx/libmodules__hal_nordic__nrfx.a(nrfx_gpiote.c.obj)
 .text.call_handler
                0x0000000000008514       0x3c modules/hal_nordic/nrfx/libmodules__hal_nordic__nrfx.a(nrfx_gpiote.c.obj)
 .text.release_handler
                0x0000000000008550       0x54 modules/hal_nordic/nrfx/libmodules__hal_nordic__nrfx.a(nrfx_gpiote.c.obj)
 .text.__nrfy_internal_gpiote_events_process.constprop.0
                0x00000000000085a4       0x54 modules/hal_nordic/nrfx/libmodules__hal_nordic__nrfx.a(nrfx_gpiote.c.obj)
 .text.nrfx_gpiote_input_configure
                0x00000000000085f8      0x158 modules/hal_nordic/nrfx/libmodules__hal_nordic__nrfx.a(nrfx_gpiote.c.obj)
                0x00000000000085f8                nrfx_gpiote_input_configure
 .text.nrfx_gpiote_output_configure
                0x0000000000008750       0xe0 modules/hal_nordic/nrfx/libmodules__hal_nordic__nrfx.a(nrfx_gpiote.c.obj)
                0x0000000000008750                nrfx_gpiote_output_configure
 .text.nrfx_gpiote_global_callback_set
                0x0000000000008830        0xc modules/hal_nordic/nrfx/libmodules__hal_nordic__nrfx.a(nrfx_gpiote.c.obj)
                0x0000000000008830                nrfx_gpiote_global_callback_set
 .text.nrfx_gpiote_channel_get
                0x000000000000883c       0x24 modules/hal_nordic/nrfx/libmodules__hal_nordic__nrfx.a(nrfx_gpiote.c.obj)
                0x000000000000883c                nrfx_gpiote_channel_get
 .text.nrfx_gpiote_init
                0x0000000000008860       0x50 modules/hal_nordic/nrfx/libmodules__hal_nordic__nrfx.a(nrfx_gpiote.c.obj)
                0x0000000000008860                nrfx_gpiote_init
 .text.nrfx_gpiote_is_init
                0x00000000000088b0       0x14 modules/hal_nordic/nrfx/libmodules__hal_nordic__nrfx.a(nrfx_gpiote.c.obj)
                0x00000000000088b0                nrfx_gpiote_is_init
 .text.nrfx_gpiote_channel_free
                0x00000000000088c4        0xc modules/hal_nordic/nrfx/libmodules__hal_nordic__nrfx.a(nrfx_gpiote.c.obj)
                0x00000000000088c4                nrfx_gpiote_channel_free
 .text.nrfx_gpiote_channel_alloc
                0x00000000000088d0        0xc modules/hal_nordic/nrfx/libmodules__hal_nordic__nrfx.a(nrfx_gpiote.c.obj)
                0x00000000000088d0                nrfx_gpiote_channel_alloc
 .text.nrfx_gpiote_trigger_enable
                0x00000000000088dc       0x8c modules/hal_nordic/nrfx/libmodules__hal_nordic__nrfx.a(nrfx_gpiote.c.obj)
                0x00000000000088dc                nrfx_gpiote_trigger_enable
 .text.nrfx_gpiote_trigger_disable
                0x0000000000008968       0x44 modules/hal_nordic/nrfx/libmodules__hal_nordic__nrfx.a(nrfx_gpiote.c.obj)
                0x0000000000008968                nrfx_gpiote_trigger_disable
 .text.nrfx_gpiote_pin_uninit
                0x00000000000089ac       0x74 modules/hal_nordic/nrfx/libmodules__hal_nordic__nrfx.a(nrfx_gpiote.c.obj)
                0x00000000000089ac                nrfx_gpiote_pin_uninit
 .text.nrfx_gpiote_irq_handler
                0x0000000000008a20      0x19c modules/hal_nordic/nrfx/libmodules__hal_nordic__nrfx.a(nrfx_gpiote.c.obj)
                0x0000000000008a20                nrfx_gpiote_irq_handler
 .text.nrfx_power_init
                0x0000000000008bbc       0x74 modules/hal_nordic/nrfx/libmodules__hal_nordic__nrfx.a(nrfx_power.c.obj)
                0x0000000000008bbc                nrfx_power_init
 .text.nrfx_power_usbevt_uninit
                0x0000000000008c30       0x18 modules/hal_nordic/nrfx/libmodules__hal_nordic__nrfx.a(nrfx_power.c.obj)
                0x0000000000008c30                nrfx_power_usbevt_uninit
 .text.nrfx_power_usbevt_init
                0x0000000000008c48       0x14 modules/hal_nordic/nrfx/libmodules__hal_nordic__nrfx.a(nrfx_power.c.obj)
                0x0000000000008c48                nrfx_power_usbevt_init
 .text.nrfx_power_irq_handler
                0x0000000000008c5c       0xa0 modules/hal_nordic/nrfx/libmodules__hal_nordic__nrfx.a(nrfx_power.c.obj)
                0x0000000000008c5c                nrfx_power_irq_handler
 .text.nrfx_ppi_channel_alloc
                0x0000000000008cfc        0xc modules/hal_nordic/nrfx/libmodules__hal_nordic__nrfx.a(nrfx_ppi.c.obj)
                0x0000000000008cfc                nrfx_ppi_channel_alloc
 .text.nrf_gpio_pin_port_decode
                0x0000000000008d08       0x20 modules/hal_nordic/nrfx/libmodules__hal_nordic__nrfx.a(nrfx_spi.c.obj)
 .text.nrf_gpio_cfg_output
                0x0000000000008d28       0x2c modules/hal_nordic/nrfx/libmodules__hal_nordic__nrfx.a(nrfx_spi.c.obj)
 .text.spi_configure
                0x0000000000008d54      0x120 modules/hal_nordic/nrfx/libmodules__hal_nordic__nrfx.a(nrfx_spi.c.obj)
 .text.nrf_gpio_cfg_default
                0x0000000000008e74       0x2c modules/hal_nordic/nrfx/libmodules__hal_nordic__nrfx.a(nrfx_spi.c.obj)
 .text.nrfx_spi_init
                0x0000000000008ea0       0x68 modules/hal_nordic/nrfx/libmodules__hal_nordic__nrfx.a(nrfx_spi.c.obj)
                0x0000000000008ea0                nrfx_spi_init
 .text.nrfx_spi_uninit
                0x0000000000008f08       0x70 modules/hal_nordic/nrfx/libmodules__hal_nordic__nrfx.a(nrfx_spi.c.obj)
                0x0000000000008f08                nrfx_spi_uninit
 .text.nrfx_spi_xfer
                0x0000000000008f78       0xfc modules/hal_nordic/nrfx/libmodules__hal_nordic__nrfx.a(nrfx_spi.c.obj)
                0x0000000000008f78                nrfx_spi_xfer
 .text.nrfx_spi_0_irq_handler
                0x0000000000009074       0x40 modules/hal_nordic/nrfx/libmodules__hal_nordic__nrfx.a(nrfx_spi.c.obj)
                0x0000000000009074                nrfx_spi_0_irq_handler
 .text.nrf_gpio_cfg.constprop.0
                0x00000000000090b4       0x48 modules/hal_nordic/nrfx/libmodules__hal_nordic__nrfx.a(nrfx_twi.c.obj)
 .text.twi_configure
                0x00000000000090fc       0x3c modules/hal_nordic/nrfx/libmodules__hal_nordic__nrfx.a(nrfx_twi.c.obj)
 .text.twi_tx_start_transfer
                0x0000000000009138      0x104 modules/hal_nordic/nrfx/libmodules__hal_nordic__nrfx.a(nrfx_twi.c.obj)
 .text.twi_rx_start_transfer
                0x000000000000923c       0xe4 modules/hal_nordic/nrfx/libmodules__hal_nordic__nrfx.a(nrfx_twi.c.obj)
 .text.nrfx_twi_init
                0x0000000000009320       0x88 modules/hal_nordic/nrfx/libmodules__hal_nordic__nrfx.a(nrfx_twi.c.obj)
                0x0000000000009320                nrfx_twi_init
 .text.nrfx_twi_enable
                0x00000000000093a8       0x20 modules/hal_nordic/nrfx/libmodules__hal_nordic__nrfx.a(nrfx_twi.c.obj)
                0x00000000000093a8                nrfx_twi_enable
 .text.nrfx_twi_disable
                0x00000000000093c8       0x38 modules/hal_nordic/nrfx/libmodules__hal_nordic__nrfx.a(nrfx_twi.c.obj)
                0x00000000000093c8                nrfx_twi_disable
 .text.nrfx_twi_xfer
                0x0000000000009400       0xdc modules/hal_nordic/nrfx/libmodules__hal_nordic__nrfx.a(nrfx_twi.c.obj)
                0x0000000000009400                nrfx_twi_xfer
 .text.nrfx_twi_1_irq_handler
                0x00000000000094dc       0xd8 modules/hal_nordic/nrfx/libmodules__hal_nordic__nrfx.a(nrfx_twi.c.obj)
                0x00000000000094dc                nrfx_twi_1_irq_handler
 .text.nrf52_errata_187
                0x00000000000095b4       0x28 modules/hal_nordic/nrfx/libmodules__hal_nordic__nrfx.a(nrfx_usbd.c.obj)
 .text.ep_state_access
                0x00000000000095dc       0x1c modules/hal_nordic/nrfx/libmodules__hal_nordic__nrfx.a(nrfx_usbd.c.obj)
 .text.ev_usbreset_handler
                0x00000000000095f8       0x2c modules/hal_nordic/nrfx/libmodules__hal_nordic__nrfx.a(nrfx_usbd.c.obj)
 .text.ev_usbevent_handler
                0x0000000000009624       0x74 modules/hal_nordic/nrfx/libmodules__hal_nordic__nrfx.a(nrfx_usbd.c.obj)
 .text.usbd_errata_187_211_begin
                0x0000000000009698       0x40 modules/hal_nordic/nrfx/libmodules__hal_nordic__nrfx.a(nrfx_usbd.c.obj)
 .text.usbd_errata_187_211_end
                0x00000000000096d8       0x40 modules/hal_nordic/nrfx/libmodules__hal_nordic__nrfx.a(nrfx_usbd.c.obj)
 .text.nrfx_usbd_feeder_flash
                0x0000000000009718       0x38 modules/hal_nordic/nrfx/libmodules__hal_nordic__nrfx.a(nrfx_usbd.c.obj)
                0x0000000000009718                nrfx_usbd_feeder_flash
 .text.nrfx_usbd_feeder_flash_zlp
                0x0000000000009750       0x3c modules/hal_nordic/nrfx/libmodules__hal_nordic__nrfx.a(nrfx_usbd.c.obj)
                0x0000000000009750                nrfx_usbd_feeder_flash_zlp
 .text.ev_sof_handler
                0x000000000000978c       0x44 modules/hal_nordic/nrfx/libmodules__hal_nordic__nrfx.a(nrfx_usbd.c.obj)
 .text.atomic_and.constprop.0.isra.0
                0x00000000000097d0       0x20 modules/hal_nordic/nrfx/libmodules__hal_nordic__nrfx.a(nrfx_usbd.c.obj)
 .text.usbd_dma_pending_clear
                0x00000000000097f0       0x24 modules/hal_nordic/nrfx/libmodules__hal_nordic__nrfx.a(nrfx_usbd.c.obj)
 .text.nrf_usbd_ep0in_dma_handler
                0x0000000000009814       0x2c modules/hal_nordic/nrfx/libmodules__hal_nordic__nrfx.a(nrfx_usbd.c.obj)
 .text.usbd_ep_data_handler
                0x0000000000009840       0x8c modules/hal_nordic/nrfx/libmodules__hal_nordic__nrfx.a(nrfx_usbd.c.obj)
 .text.ev_setup_data_handler
                0x00000000000098cc       0x1c modules/hal_nordic/nrfx/libmodules__hal_nordic__nrfx.a(nrfx_usbd.c.obj)
 .text.ev_dma_epout8_handler
                0x00000000000098e8       0x40 modules/hal_nordic/nrfx/libmodules__hal_nordic__nrfx.a(nrfx_usbd.c.obj)
 .text.ev_dma_epin8_handler
                0x0000000000009928       0x50 modules/hal_nordic/nrfx/libmodules__hal_nordic__nrfx.a(nrfx_usbd.c.obj)
 .text.nrfx_usbd_uninit
                0x0000000000009978       0x14 modules/hal_nordic/nrfx/libmodules__hal_nordic__nrfx.a(nrfx_usbd.c.obj)
                0x0000000000009978                nrfx_usbd_uninit
 .text.nrfx_usbd_enable
                0x000000000000998c      0x14c modules/hal_nordic/nrfx/libmodules__hal_nordic__nrfx.a(nrfx_usbd.c.obj)
                0x000000000000998c                nrfx_usbd_enable
 .text.nrfx_usbd_start
                0x0000000000009ad8       0x3c modules/hal_nordic/nrfx/libmodules__hal_nordic__nrfx.a(nrfx_usbd.c.obj)
                0x0000000000009ad8                nrfx_usbd_start
 .text.nrfx_usbd_is_enabled
                0x0000000000009b14       0x14 modules/hal_nordic/nrfx/libmodules__hal_nordic__nrfx.a(nrfx_usbd.c.obj)
                0x0000000000009b14                nrfx_usbd_is_enabled
 .text.nrfx_usbd_suspend
                0x0000000000009b28       0x58 modules/hal_nordic/nrfx/libmodules__hal_nordic__nrfx.a(nrfx_usbd.c.obj)
                0x0000000000009b28                nrfx_usbd_suspend
 .text.nrfx_usbd_init
                0x0000000000009b80       0x84 modules/hal_nordic/nrfx/libmodules__hal_nordic__nrfx.a(nrfx_usbd.c.obj)
                0x0000000000009b80                nrfx_usbd_init
 .text.nrfx_usbd_ep_transfer
                0x0000000000009c04       0xf4 modules/hal_nordic/nrfx/libmodules__hal_nordic__nrfx.a(nrfx_usbd.c.obj)
                0x0000000000009c04                nrfx_usbd_ep_transfer
 .text.nrfx_usbd_epout_size_get
                0x0000000000009cf8       0x28 modules/hal_nordic/nrfx/libmodules__hal_nordic__nrfx.a(nrfx_usbd.c.obj)
                0x0000000000009cf8                nrfx_usbd_epout_size_get
 .text.usbd_dmareq_process
                0x0000000000009d20      0x188 modules/hal_nordic/nrfx/libmodules__hal_nordic__nrfx.a(nrfx_usbd.c.obj)
 .text.ev_epdata_handler
                0x0000000000009ea8       0x44 modules/hal_nordic/nrfx/libmodules__hal_nordic__nrfx.a(nrfx_usbd.c.obj)
 .text.nrf_usbd_epout_dma_handler
                0x0000000000009eec       0x64 modules/hal_nordic/nrfx/libmodules__hal_nordic__nrfx.a(nrfx_usbd.c.obj)
 .text.nrfx_usbd_ep_stall
                0x0000000000009f50       0x10 modules/hal_nordic/nrfx/libmodules__hal_nordic__nrfx.a(nrfx_usbd.c.obj)
                0x0000000000009f50                nrfx_usbd_ep_stall
 .text.nrfx_usbd_ep_stall_check
                0x0000000000009f60       0x34 modules/hal_nordic/nrfx/libmodules__hal_nordic__nrfx.a(nrfx_usbd.c.obj)
                0x0000000000009f60                nrfx_usbd_ep_stall_check
 .text.nrfx_usbd_ep_dtoggle_clear
                0x0000000000009f94       0x18 modules/hal_nordic/nrfx/libmodules__hal_nordic__nrfx.a(nrfx_usbd.c.obj)
                0x0000000000009f94                nrfx_usbd_ep_dtoggle_clear
 .text.nrfx_usbd_setup_get
                0x0000000000009fac       0x4c modules/hal_nordic/nrfx/libmodules__hal_nordic__nrfx.a(nrfx_usbd.c.obj)
                0x0000000000009fac                nrfx_usbd_setup_get
 .text.nrfx_usbd_setup_data_clear
                0x0000000000009ff8       0x10 modules/hal_nordic/nrfx/libmodules__hal_nordic__nrfx.a(nrfx_usbd.c.obj)
                0x0000000000009ff8                nrfx_usbd_setup_data_clear
 .text.ev_dma_epout0_handler
                0x000000000000a008       0x50 modules/hal_nordic/nrfx/libmodules__hal_nordic__nrfx.a(nrfx_usbd.c.obj)
 .text.nrfx_usbd_setup_clear
                0x000000000000a058       0x10 modules/hal_nordic/nrfx/libmodules__hal_nordic__nrfx.a(nrfx_usbd.c.obj)
                0x000000000000a058                nrfx_usbd_setup_clear
 .text.nrfx_usbd_setup_stall
                0x000000000000a068       0x10 modules/hal_nordic/nrfx/libmodules__hal_nordic__nrfx.a(nrfx_usbd.c.obj)
                0x000000000000a068                nrfx_usbd_setup_stall
 .text.nrfx_usbd_last_setup_dir_get
                0x000000000000a078        0xc modules/hal_nordic/nrfx/libmodules__hal_nordic__nrfx.a(nrfx_usbd.c.obj)
                0x000000000000a078                nrfx_usbd_last_setup_dir_get
 .text.nrfx_usbd_transfer_out_drop
                0x000000000000a084       0x54 modules/hal_nordic/nrfx/libmodules__hal_nordic__nrfx.a(nrfx_usbd.c.obj)
                0x000000000000a084                nrfx_usbd_transfer_out_drop
 .text.usbd_ep_abort
                0x000000000000a0d8       0xf4 modules/hal_nordic/nrfx/libmodules__hal_nordic__nrfx.a(nrfx_usbd.c.obj)
 .text.ev_setup_handler
                0x000000000000a1cc       0x68 modules/hal_nordic/nrfx/libmodules__hal_nordic__nrfx.a(nrfx_usbd.c.obj)
 .text.nrfx_usbd_irq_handler
                0x000000000000a234       0x7c modules/hal_nordic/nrfx/libmodules__hal_nordic__nrfx.a(nrfx_usbd.c.obj)
                0x000000000000a234                nrfx_usbd_irq_handler
 .text.nrfx_usbd_stop
                0x000000000000a2b0       0x80 modules/hal_nordic/nrfx/libmodules__hal_nordic__nrfx.a(nrfx_usbd.c.obj)
                0x000000000000a2b0                nrfx_usbd_stop
 .text.nrfx_usbd_disable
                0x000000000000a330       0x30 modules/hal_nordic/nrfx/libmodules__hal_nordic__nrfx.a(nrfx_usbd.c.obj)
                0x000000000000a330                nrfx_usbd_disable
 .text.nrfx_usbd_ep_disable
                0x000000000000a360       0x58 modules/hal_nordic/nrfx/libmodules__hal_nordic__nrfx.a(nrfx_usbd.c.obj)
                0x000000000000a360                nrfx_usbd_ep_disable
 .text.nrfx_usbd_ep_enable
                0x000000000000a3b8       0xa8 modules/hal_nordic/nrfx/libmodules__hal_nordic__nrfx.a(nrfx_usbd.c.obj)
                0x000000000000a3b8                nrfx_usbd_ep_enable
 .text.nrfx_usbd_ep_stall_clear
                0x000000000000a460       0x20 modules/hal_nordic/nrfx/libmodules__hal_nordic__nrfx.a(nrfx_usbd.c.obj)
                0x000000000000a460                nrfx_usbd_ep_stall_clear
 .text.nrf_gpio_pin_port_decode
                0x000000000000a480       0x20 modules/hal_nordic/nrfx/libmodules__hal_nordic__nrfx.a(nrfx_twi_twim.c.obj)
 .text.nrfx_twi_twim_bus_recover
                0x000000000000a4a0       0xdc modules/hal_nordic/nrfx/libmodules__hal_nordic__nrfx.a(nrfx_twi_twim.c.obj)
                0x000000000000a4a0                nrfx_twi_twim_bus_recover
 .text.z_sys_init_run_level
                0x000000000000a57c       0x48 zephyr/kernel/libkernel.a(init.c.obj)
 .text.bg_thread_main
                0x000000000000a5c4       0x34 zephyr/kernel/libkernel.a(init.c.obj)
 .text.z_bss_zero
                0x000000000000a5f8       0x18 zephyr/kernel/libkernel.a(init.c.obj)
                0x000000000000a5f8                z_bss_zero
 .text.z_init_cpu
                0x000000000000a610       0x8c zephyr/kernel/libkernel.a(init.c.obj)
                0x000000000000a610                z_init_cpu
 .text.z_cstart
                0x000000000000a69c       0xdc zephyr/kernel/libkernel.a(init.c.obj)
                0x000000000000a69c                z_cstart
 .text.init_mem_slab_module
                0x000000000000a778       0x24 zephyr/kernel/libkernel.a(mem_slab.c.obj)
 .text.k_mem_slab_alloc
                0x000000000000a79c       0x5c zephyr/kernel/libkernel.a(mem_slab.c.obj)
                0x000000000000a79c                k_mem_slab_alloc
 .text.z_setup_new_thread
                0x000000000000a7f8       0x64 zephyr/kernel/libkernel.a(thread.c.obj)
                0x000000000000a7f8                z_setup_new_thread
 .text.z_impl_k_thread_create
                0x000000000000a85c       0x58 zephyr/kernel/libkernel.a(thread.c.obj)
                0x000000000000a85c                z_impl_k_thread_create
 .text.z_init_static_threads
                0x000000000000a8b4       0xb8 zephyr/kernel/libkernel.a(thread.c.obj)
                0x000000000000a8b4                z_init_static_threads
 .text.idle     0x000000000000a96c       0x38 zephyr/kernel/libkernel.a(idle.c.obj)
                0x000000000000a96c                idle
 .text.z_impl_k_mutex_lock
                0x000000000000a9a4       0xf4 zephyr/kernel/libkernel.a(mutex.c.obj)
                0x000000000000a9a4                z_impl_k_mutex_lock
 .text.z_impl_k_mutex_unlock
                0x000000000000aa98       0x78 zephyr/kernel/libkernel.a(mutex.c.obj)
                0x000000000000aa98                z_impl_k_mutex_unlock
 .text.z_impl_k_queue_get
                0x000000000000ab10       0x68 zephyr/kernel/libkernel.a(queue.c.obj)
                0x000000000000ab10                z_impl_k_queue_get
 .text.z_impl_k_sem_give
                0x000000000000ab78       0x48 zephyr/kernel/libkernel.a(sem.c.obj)
                0x000000000000ab78                z_impl_k_sem_give
 .text.z_impl_k_sem_take
                0x000000000000abc0       0x50 zephyr/kernel/libkernel.a(sem.c.obj)
                0x000000000000abc0                z_impl_k_sem_take
 .text.z_impl_k_sem_reset
                0x000000000000ac10       0x3c zephyr/kernel/libkernel.a(sem.c.obj)
                0x000000000000ac10                z_impl_k_sem_reset
 .text.work_queue_main
                0x000000000000ac4c      0x138 zephyr/kernel/libkernel.a(work.c.obj)
 .text.submit_to_queue_locked
                0x000000000000ad84       0xb4 zephyr/kernel/libkernel.a(work.c.obj)
 .text.k_work_queue_start
                0x000000000000ae38       0x70 zephyr/kernel/libkernel.a(work.c.obj)
                0x000000000000ae38                k_work_queue_start
 .text.k_work_schedule_for_queue
                0x000000000000aea8       0x54 zephyr/kernel/libkernel.a(work.c.obj)
                0x000000000000aea8                k_work_schedule_for_queue
 .text.sliceable
                0x000000000000aefc       0x3c zephyr/kernel/libkernel.a(sched.c.obj)
 .text.slice_timeout
                0x000000000000af38       0x20 zephyr/kernel/libkernel.a(sched.c.obj)
 .text.z_reset_time_slice
                0x000000000000af58       0x50 zephyr/kernel/libkernel.a(sched.c.obj)
                0x000000000000af58                z_reset_time_slice
 .text.update_cache
                0x000000000000afa8       0x3c zephyr/kernel/libkernel.a(sched.c.obj)
 .text.move_thread_to_end_of_prio_q
                0x000000000000afe4       0x74 zephyr/kernel/libkernel.a(sched.c.obj)
 .text.ready_thread
                0x000000000000b058       0x68 zephyr/kernel/libkernel.a(sched.c.obj)
 .text.unready_thread
                0x000000000000b0c0       0x30 zephyr/kernel/libkernel.a(sched.c.obj)
 .text.pend_locked
                0x000000000000b0f0       0x30 zephyr/kernel/libkernel.a(sched.c.obj)
 .text.z_time_slice
                0x000000000000b120       0x60 zephyr/kernel/libkernel.a(sched.c.obj)
                0x000000000000b120                z_time_slice
 .text.z_pend_curr
                0x000000000000b180       0x3c zephyr/kernel/libkernel.a(sched.c.obj)
                0x000000000000b180                z_pend_curr
 .text.z_set_prio
                0x000000000000b1bc       0x8c zephyr/kernel/libkernel.a(sched.c.obj)
                0x000000000000b1bc                z_set_prio
 .text.z_reschedule
                0x000000000000b248       0x24 zephyr/kernel/libkernel.a(sched.c.obj)
                0x000000000000b248                z_reschedule
 .text.z_sched_start
                0x000000000000b26c       0x3c zephyr/kernel/libkernel.a(sched.c.obj)
                0x000000000000b26c                z_sched_start
 .text.z_impl_k_thread_suspend
                0x000000000000b2a8       0x64 zephyr/kernel/libkernel.a(sched.c.obj)
                0x000000000000b2a8                z_impl_k_thread_suspend
 .text.k_sched_lock
                0x000000000000b30c       0x28 zephyr/kernel/libkernel.a(sched.c.obj)
                0x000000000000b30c                k_sched_lock
 .text.k_sched_unlock
                0x000000000000b334       0x38 zephyr/kernel/libkernel.a(sched.c.obj)
                0x000000000000b334                k_sched_unlock
 .text.z_sched_init
                0x000000000000b36c       0x10 zephyr/kernel/libkernel.a(sched.c.obj)
                0x000000000000b36c                z_sched_init
 .text.z_impl_k_yield
                0x000000000000b37c       0x7c zephyr/kernel/libkernel.a(sched.c.obj)
                0x000000000000b37c                z_impl_k_yield
 .text.z_tick_sleep
                0x000000000000b3f8       0x88 zephyr/kernel/libkernel.a(sched.c.obj)
 .text.z_impl_k_sleep
                0x000000000000b480       0x34 zephyr/kernel/libkernel.a(sched.c.obj)
                0x000000000000b480                z_impl_k_sleep
 .text.z_impl_k_usleep
                0x000000000000b4b4       0x34 zephyr/kernel/libkernel.a(sched.c.obj)
                0x000000000000b4b4                z_impl_k_usleep
 .text.z_impl_z_current_get
                0x000000000000b4e8        0xc zephyr/kernel/libkernel.a(sched.c.obj)
                0x000000000000b4e8                z_impl_z_current_get
 .text.z_thread_abort
                0x000000000000b4f4       0xc0 zephyr/kernel/libkernel.a(sched.c.obj)
                0x000000000000b4f4                z_thread_abort
 .text.z_sched_wait
                0x000000000000b5b4       0x24 zephyr/kernel/libkernel.a(sched.c.obj)
                0x000000000000b5b4                z_sched_wait
 .text.z_data_copy
                0x000000000000b5d8       0x34 zephyr/kernel/libkernel.a(xip.c.obj)
                0x000000000000b5d8                z_data_copy
 .text.elapsed  0x000000000000b60c       0x14 zephyr/kernel/libkernel.a(timeout.c.obj)
 .text.next_timeout
                0x000000000000b620       0x40 zephyr/kernel/libkernel.a(timeout.c.obj)
 .text.remove_timeout
                0x000000000000b660       0x38 zephyr/kernel/libkernel.a(timeout.c.obj)
 .text.z_add_timeout
                0x000000000000b698       0xec zephyr/kernel/libkernel.a(timeout.c.obj)
                0x000000000000b698                z_add_timeout
 .text.sys_clock_announce
                0x000000000000b784       0xd4 zephyr/kernel/libkernel.a(timeout.c.obj)
                0x000000000000b784                sys_clock_announce
 .text.sys_clock_tick_get
                0x000000000000b858       0x34 zephyr/kernel/libkernel.a(timeout.c.obj)
                0x000000000000b858                sys_clock_tick_get
 .text.z_thread_aligned_alloc
                0x000000000000b88c       0x40 zephyr/kernel/libkernel.a(mempool.c.obj)
                0x000000000000b88c                z_thread_aligned_alloc
 .text.boot_banner
                0x000000000000b8cc        0xc zephyr/kernel/libkernel.a(banner.c.obj)
                0x000000000000b8cc                boot_banner
 .text.statics_init
                0x000000000000b8d8       0x24 zephyr/kernel/libkernel.a(kheap.c.obj)
 .text.k_sys_work_q_init
                0x000000000000b8fc       0x34 zephyr/kernel/libkernel.a(system_work_q.c.obj)
 .text._OffsetAbsSyms
                0x000000000000b930        0x2 zephyr/CMakeFiles/offsets.dir/./arch/arm/core/offsets/offsets.c.obj
                0x000000000000b930                _OffsetAbsSyms
 .text.main     0x000000000000b932       0x1c app/libapp.a(main.c.obj)
                0x000000000000b932                main
 .text.pathExists
                0x000000000000b94e       0xb4 app/libapp.a(SdFat.c.obj)
                0x000000000000b94e                pathExists
 .text.myTimer_create
                0x000000000000ba02        0xc app/libapp.a(my_timer.c.obj)
                0x000000000000ba02                myTimer_create
 .text.normal_blink_timer_handler
                0x000000000000ba0e        0x4 app/libapp.a(led_indication.c.obj)
                0x000000000000ba0e                normal_blink_timer_handler
 .text.arch_printk_char_out
                0x000000000000ba12        0x4 zephyr/libzephyr.a(printk.c.obj)
                0x000000000000ba12                arch_printk_char_out
 .text.printk   0x000000000000ba16       0x1a zephyr/libzephyr.a(printk.c.obj)
                0x000000000000ba16                printk
 .text.z_thread_entry
                0x000000000000ba30       0x14 zephyr/libzephyr.a(thread_entry.c.obj)
                0x000000000000ba30                z_thread_entry
 .text.chunk_size
                0x000000000000ba44        0xa zephyr/libzephyr.a(heap.c.obj)
 .text.free_list_add
                0x000000000000ba4e       0x4e zephyr/libzephyr.a(heap.c.obj)
 .text.free_list_remove_bidx
                0x000000000000ba9c       0x3a zephyr/libzephyr.a(heap.c.obj)
 .text.free_list_remove
                0x000000000000bad6       0x1a zephyr/libzephyr.a(heap.c.obj)
 .text.alloc_chunk
                0x000000000000baf0       0x6e zephyr/libzephyr.a(heap.c.obj)
 .text.merge_chunks
                0x000000000000bb5e       0x2c zephyr/libzephyr.a(heap.c.obj)
 .text.split_chunks
                0x000000000000bb8a       0x34 zephyr/libzephyr.a(heap.c.obj)
 .text.free_chunk
                0x000000000000bbbe       0x62 zephyr/libzephyr.a(heap.c.obj)
 .text.sys_heap_free
                0x000000000000bc20       0x1e zephyr/libzephyr.a(heap.c.obj)
                0x000000000000bc20                sys_heap_free
 .text.sys_heap_alloc
                0x000000000000bc3e       0x52 zephyr/libzephyr.a(heap.c.obj)
                0x000000000000bc3e                sys_heap_alloc
 .text.sys_heap_aligned_alloc
                0x000000000000bc90       0xce zephyr/libzephyr.a(heap.c.obj)
                0x000000000000bc90                sys_heap_aligned_alloc
 .text.sys_heap_init
                0x000000000000bd5e       0x70 zephyr/libzephyr.a(heap.c.obj)
                0x000000000000bd5e                sys_heap_init
 .text.sys_slist_find_and_remove
                0x000000000000bdce       0x36 zephyr/libzephyr.a(onoff.c.obj)
 .text.process_recheck
                0x000000000000be04       0x38 zephyr/libzephyr.a(onoff.c.obj)
 .text.validate_args
                0x000000000000be3c       0x20 zephyr/libzephyr.a(onoff.c.obj)
 .text.notify_one
                0x000000000000be5c       0x2c zephyr/libzephyr.a(onoff.c.obj)
 .text.transition_complete
                0x000000000000be88       0x1c zephyr/libzephyr.a(onoff.c.obj)
 .text.onoff_manager_init
                0x000000000000bea4       0x26 zephyr/libzephyr.a(onoff.c.obj)
                0x000000000000bea4                onoff_manager_init
 .text.onoff_request
                0x000000000000beca       0xb0 zephyr/libzephyr.a(onoff.c.obj)
                0x000000000000beca                onoff_request
 .text.onoff_release
                0x000000000000bf7a       0x4a zephyr/libzephyr.a(onoff.c.obj)
                0x000000000000bf7a                onoff_release
 .text.onoff_cancel
                0x000000000000bfc4       0x38 zephyr/libzephyr.a(onoff.c.obj)
                0x000000000000bfc4                onoff_cancel
 .text.sys_notify_validate
                0x000000000000bffc       0x22 zephyr/libzephyr.a(notify.c.obj)
                0x000000000000bffc                sys_notify_validate
 .text.sys_notify_finalize
                0x000000000000c01e       0x1a zephyr/libzephyr.a(notify.c.obj)
                0x000000000000c01e                sys_notify_finalize
 .text.crc16_itu_t
                0x000000000000c038       0x28 zephyr/libzephyr.a(crc16_sw.c.obj)
                0x000000000000c038                crc16_itu_t
 .text.crc7_be  0x000000000000c060       0x20 zephyr/libzephyr.a(crc7_sw.c.obj)
                0x000000000000c060                crc7_be
 .text.encode_uint
                0x000000000000c080       0x8c zephyr/libzephyr.a(cbprintf_complete.c.obj)
 .text.outs     0x000000000000c10c       0x2e zephyr/libzephyr.a(cbprintf_complete.c.obj)
 .text.ring_buf_put_claim
                0x000000000000c13a       0x3e zephyr/libzephyr.a(ring_buffer.c.obj)
                0x000000000000c13a                ring_buf_put_claim
 .text.ring_buf_put_finish
                0x000000000000c178       0x2a zephyr/libzephyr.a(ring_buffer.c.obj)
                0x000000000000c178                ring_buf_put_finish
 .text.ring_buf_put
                0x000000000000c1a2       0x3e zephyr/libzephyr.a(ring_buffer.c.obj)
                0x000000000000c1a2                ring_buf_put
 .text.ring_buf_get_claim
                0x000000000000c1e0       0x40 zephyr/libzephyr.a(ring_buffer.c.obj)
                0x000000000000c1e0                ring_buf_get_claim
 .text.ring_buf_get_finish
                0x000000000000c220       0x2a zephyr/libzephyr.a(ring_buffer.c.obj)
                0x000000000000c220                ring_buf_get_finish
 .text.ring_buf_get
                0x000000000000c24a       0x40 zephyr/libzephyr.a(ring_buffer.c.obj)
                0x000000000000c24a                ring_buf_get
 .text._ConfigAbsSyms
                0x000000000000c28a        0x2 zephyr/libzephyr.a(configs.c.obj)
                0x000000000000c28a                _ConfigAbsSyms
 .text.get_ep_bm_from_addr
                0x000000000000c28c       0x1c zephyr/libzephyr.a(usb_device.c.obj)
 .text.usb_write
                0x000000000000c2a8       0x30 zephyr/libzephyr.a(usb_device.c.obj)
                0x000000000000c2a8                usb_write
 .text.usb_get_dev_data_by_cfg
                0x000000000000c2d8       0x18 zephyr/libzephyr.a(usb_descriptor.c.obj)
                0x000000000000c2d8                usb_get_dev_data_by_cfg
 .text.usb_get_dev_data_by_iface
                0x000000000000c2f0       0x1c zephyr/libzephyr.a(usb_descriptor.c.obj)
                0x000000000000c2f0                usb_get_dev_data_by_iface
 .text.usb_get_dev_data_by_ep
                0x000000000000c30c       0x2c zephyr/libzephyr.a(usb_descriptor.c.obj)
                0x000000000000c30c                usb_get_dev_data_by_ep
 .text.usb_transfer_is_busy
                0x000000000000c338       0x16 zephyr/libzephyr.a(usb_transfer.c.obj)
                0x000000000000c338                usb_transfer_is_busy
 .text.cdc_interface_config
                0x000000000000c34e       0x14 zephyr/libzephyr.a(cdc_acm.c.obj)
 .text.cdc_acm_irq_callback_work_handler
                0x000000000000c362        0xa zephyr/libzephyr.a(cdc_acm.c.obj)
 .text.cdc_acm_irq_tx_disable
                0x000000000000c36c        0xa zephyr/libzephyr.a(cdc_acm.c.obj)
 .text.cdc_acm_irq_tx_ready
                0x000000000000c376        0xe zephyr/libzephyr.a(cdc_acm.c.obj)
 .text.cdc_acm_irq_rx_disable
                0x000000000000c384        0xa zephyr/libzephyr.a(cdc_acm.c.obj)
 .text.cdc_acm_irq_rx_ready
                0x000000000000c38e        0x8 zephyr/libzephyr.a(cdc_acm.c.obj)
 .text.cdc_acm_irq_is_pending
                0x000000000000c396       0x1e zephyr/libzephyr.a(cdc_acm.c.obj)
 .text.cdc_acm_irq_update
                0x000000000000c3b4        0x4 zephyr/libzephyr.a(cdc_acm.c.obj)
 .text.cdc_acm_irq_callback_set
                0x000000000000c3b8        0x8 zephyr/libzephyr.a(cdc_acm.c.obj)
 .text.cdc_acm_configure
                0x000000000000c3c0        0x4 zephyr/libzephyr.a(cdc_acm.c.obj)
 .text.cdc_acm_config_get
                0x000000000000c3c4       0x58 zephyr/libzephyr.a(cdc_acm.c.obj)
 .text.cdc_acm_fifo_read
                0x000000000000c41c       0x54 zephyr/libzephyr.a(cdc_acm.c.obj)
 .text.cdc_acm_poll_in
                0x000000000000c470       0x12 zephyr/libzephyr.a(cdc_acm.c.obj)
 .text.oled_displayOn
                0x000000000000c482        0x6 zephyr/libzephyr.a(sh1106_gfx.c.obj)
                0x000000000000c482                oled_displayOn
 .text.oled_display
                0x000000000000c488        0x6 zephyr/libzephyr.a(sh1106_gfx.c.obj)
                0x000000000000c488                oled_display
 .text.oled_clearDisplay
                0x000000000000c48e       0x1e zephyr/libzephyr.a(sh1106_gfx.c.obj)
                0x000000000000c48e                oled_clearDisplay
 .text.z_arm_fatal_error
                0x000000000000c4ac        0x4 zephyr/arch/arch/arm/core/aarch32/libarch__arm__core__aarch32.a(fatal.c.obj)
                0x000000000000c4ac                z_arm_fatal_error
 .text.z_do_kernel_oops
                0x000000000000c4b0        0x8 zephyr/arch/arch/arm/core/aarch32/libarch__arm__core__aarch32.a(fatal.c.obj)
                0x000000000000c4b0                z_do_kernel_oops
 .text.z_irq_spurious
                0x000000000000c4b8        0x8 zephyr/arch/arch/arm/core/aarch32/libarch__arm__core__aarch32.a(irq_manage.c.obj)
                0x000000000000c4b8                z_irq_spurious
 .text.z_arm_nmi
                0x000000000000c4c0        0xe zephyr/arch/arch/arm/core/aarch32/libarch__arm__core__aarch32.a(nmi.c.obj)
                0x000000000000c4c0                z_arm_nmi
 .text.strlen   0x000000000000c4ce        0xe zephyr/lib/libc/minimal/liblib__libc__minimal.a(string.c.obj)
                0x000000000000c4ce                strlen
 .text.memcpy   0x000000000000c4dc       0x16 zephyr/lib/libc/minimal/liblib__libc__minimal.a(string.c.obj)
                0x000000000000c4dc                memcpy
 .text.memset   0x000000000000c4f2       0x12 zephyr/lib/libc/minimal/liblib__libc__minimal.a(string.c.obj)
                0x000000000000c4f2                memset
 .text._stdout_hook_default
                0x000000000000c504        0x6 zephyr/lib/libc/minimal/liblib__libc__minimal.a(stdout_console.c.obj)
 .text.strnlen  0x000000000000c50a       0x12 zephyr/lib/libc/common/liblib__libc__common.a(strnlen.c.obj)
                0x000000000000c50a                strnlen
 .text.pm_state_set
                0x000000000000c51c       0x18 zephyr/soc/arm/nordic_nrf/nrf52/libsoc__arm__nordic_nrf__nrf52.a(power.c.obj)
                0x000000000000c51c                pm_state_set
 .text.pm_state_exit_post_ops
                0x000000000000c534        0xc zephyr/soc/arm/nordic_nrf/nrf52/libsoc__arm__nordic_nrf__nrf52.a(power.c.obj)
                0x000000000000c534                pm_state_exit_post_ops
 .text.sdhc_set_io
                0x000000000000c540        0xe zephyr/subsys/sd/libsubsys__sd.a(sd.c.obj)
 .text.k_mutex_unlock
                0x000000000000c54e        0x4 zephyr/subsys/sd/libsubsys__sd.a(sd.c.obj)
 .text.sdhc_request.constprop.0
                0x000000000000c552       0x10 zephyr/subsys/sd/libsubsys__sd.a(sd.c.obj)
 .text.sd_idle.isra.0
                0x000000000000c562       0x24 zephyr/subsys/sd/libsubsys__sd.a(sd.c.obj)
 .text.k_msleep.isra.0
                0x000000000000c586       0x26 zephyr/subsys/sd/libsubsys__sd.a(sd.c.obj)
 .text.sd_command_init
                0x000000000000c5ac       0xa8 zephyr/subsys/sd/libsubsys__sd.a(sd.c.obj)
 .text.sd_init  0x000000000000c654       0xa4 zephyr/subsys/sd/libsubsys__sd.a(sd.c.obj)
                0x000000000000c654                sd_init
 .text.sdhc_request
                0x000000000000c6f8        0xe zephyr/subsys/sd/libsubsys__sd.a(sd_ops.c.obj)
 .text.sdhc_card_busy
                0x000000000000c706        0xe zephyr/subsys/sd/libsubsys__sd.a(sd_ops.c.obj)
 .text.sdmmc_spi_read_cxd
                0x000000000000c714       0x58 zephyr/subsys/sd/libsubsys__sd.a(sd_ops.c.obj)
 .text.k_mutex_unlock.isra.0
                0x000000000000c76c        0x4 zephyr/subsys/sd/libsubsys__sd.a(sd_ops.c.obj)
 .text.sdmmc_read_status
                0x000000000000c770       0x7e zephyr/subsys/sd/libsubsys__sd.a(sd_ops.c.obj)
                0x000000000000c770                sdmmc_read_status
 .text.sdmmc_read_csd
                0x000000000000c7ee       0x6e zephyr/subsys/sd/libsubsys__sd.a(sd_ops.c.obj)
                0x000000000000c7ee                sdmmc_read_csd
 .text.card_read_cid
                0x000000000000c85c       0x1c zephyr/subsys/sd/libsubsys__sd.a(sd_ops.c.obj)
                0x000000000000c85c                card_read_cid
 .text.card_read_blocks
                0x000000000000c878       0xb6 zephyr/subsys/sd/libsubsys__sd.a(sd_ops.c.obj)
                0x000000000000c878                card_read_blocks
 .text.sdhc_request
                0x000000000000c92e        0xe zephyr/subsys/sd/libsubsys__sd.a(sdmmc.c.obj)
 .text.sdhc_set_io
                0x000000000000c93c        0xe zephyr/subsys/sd/libsubsys__sd.a(sdmmc.c.obj)
 .text.sdmmc_spi_send_ocr
                0x000000000000c94a       0x2c zephyr/subsys/sd/libsubsys__sd.a(sdmmc.c.obj)
 .text.sdmmc_read_blocks
                0x000000000000c976        0x4 zephyr/subsys/sd/libsubsys__sd.a(sdmmc.c.obj)
                0x000000000000c976                sdmmc_read_blocks
 .text.ep_ctx_reset
                0x000000000000c97a       0x26 zephyr/drivers/usb/device/libdrivers__usb__device.a(usb_dc_nrfx.c.obj)
 .text.k_mutex_lock.constprop.0.isra.0
                0x000000000000c9a0        0x4 zephyr/drivers/usb/device/libdrivers__usb__device.a(usb_dc_nrfx.c.obj)
 .text.k_mutex_unlock.isra.0
                0x000000000000c9a4        0x4 zephyr/drivers/usb/device/libdrivers__usb__device.a(usb_dc_nrfx.c.obj)
 .text.usb_dc_ep_check_cap
                0x000000000000c9a8       0x30 zephyr/drivers/usb/device/libdrivers__usb__device.a(usb_dc_nrfx.c.obj)
                0x000000000000c9a8                usb_dc_ep_check_cap
 .text.usb_dc_ep_disable
                0x000000000000c9d8       0x32 zephyr/drivers/usb/device/libdrivers__usb__device.a(usb_dc_nrfx.c.obj)
                0x000000000000c9d8                usb_dc_ep_disable
 .text.usb_dc_ep_read
                0x000000000000ca0a       0x1e zephyr/drivers/usb/device/libdrivers__usb__device.a(usb_dc_nrfx.c.obj)
                0x000000000000ca0a                usb_dc_ep_read
 .text.get_status
                0x000000000000ca28       0x12 zephyr/drivers/clock_control/libdrivers__clock_control.a(clock_control_nrf.c.obj)
 .text.set_on_state
                0x000000000000ca3a       0x26 zephyr/drivers/clock_control/libdrivers__clock_control.a(clock_control_nrf.c.obj)
 .text.stop     0x000000000000ca60       0x54 zephyr/drivers/clock_control/libdrivers__clock_control.a(clock_control_nrf.c.obj)
 .text.api_stop
                0x000000000000cab4        0x6 zephyr/drivers/clock_control/libdrivers__clock_control.a(clock_control_nrf.c.obj)
 .text.async_start
                0x000000000000caba       0x5e zephyr/drivers/clock_control/libdrivers__clock_control.a(clock_control_nrf.c.obj)
 .text.api_start
                0x000000000000cb18        0xe zephyr/drivers/clock_control/libdrivers__clock_control.a(clock_control_nrf.c.obj)
 .text.onoff_started_callback
                0x000000000000cb26       0x12 zephyr/drivers/clock_control/libdrivers__clock_control.a(clock_control_nrf.c.obj)
 .text.lfclk_start
                0x000000000000cb38        0x6 zephyr/drivers/clock_control/libdrivers__clock_control.a(clock_control_nrf.c.obj)
 .text.lfclk_stop
                0x000000000000cb3e        0x6 zephyr/drivers/clock_control/libdrivers__clock_control.a(clock_control_nrf.c.obj)
 .text.blocking_start_callback
                0x000000000000cb44        0x6 zephyr/drivers/clock_control/libdrivers__clock_control.a(clock_control_nrf.c.obj)
 .text.atomic_or
                0x000000000000cb4a       0x1e zephyr/drivers/console/libdrivers__console.a(uart_console.c.obj)
 .text.console_out
                0x000000000000cb68       0x18 zephyr/drivers/console/libdrivers__console.a(uart_console.c.obj)
 .text.i2c_write_dt.isra.0
                0x000000000000cb80       0x20 zephyr/drivers/display/libdrivers__display.a(sh1106_driver.c.obj)
 .text.sendCommand.isra.0
                0x000000000000cba0       0x1a zephyr/drivers/display/libdrivers__display.a(sh1106_driver.c.obj)
 .text.setContrast
                0x000000000000cbba       0x1a zephyr/drivers/display/libdrivers__display.a(sh1106_driver.c.obj)
 .text.displayOff
                0x000000000000cbd4        0x8 zephyr/drivers/display/libdrivers__display.a(sh1106_driver.c.obj)
 .text.displayOn
                0x000000000000cbdc        0x8 zephyr/drivers/display/libdrivers__display.a(sh1106_driver.c.obj)
 .text.setLineAddress
                0x000000000000cbe4        0xa zephyr/drivers/display/libdrivers__display.a(sh1106_driver.c.obj)
 .text.sh1106_init
                0x000000000000cbee       0x68 zephyr/drivers/display/libdrivers__display.a(sh1106_driver.c.obj)
 .text.updatePage
                0x000000000000cc56       0x62 zephyr/drivers/display/libdrivers__display.a(sh1106_driver.c.obj)
 .text.gpio_nrfx_port_get_raw
                0x000000000000ccb8        0xe zephyr/drivers/gpio/libdrivers__gpio.a(gpio_nrfx.c.obj)
 .text.gpio_nrfx_port_set_masked_raw
                0x000000000000ccc6       0x18 zephyr/drivers/gpio/libdrivers__gpio.a(gpio_nrfx.c.obj)
 .text.gpio_nrfx_port_set_bits_raw
                0x000000000000ccde        0xc zephyr/drivers/gpio/libdrivers__gpio.a(gpio_nrfx.c.obj)
 .text.gpio_nrfx_port_clear_bits_raw
                0x000000000000ccea        0xc zephyr/drivers/gpio/libdrivers__gpio.a(gpio_nrfx.c.obj)
 .text.gpio_nrfx_port_toggle_bits
                0x000000000000ccf6       0x1a zephyr/drivers/gpio/libdrivers__gpio.a(gpio_nrfx.c.obj)
 .text.gpio_nrfx_manage_callback
                0x000000000000cd10       0x52 zephyr/drivers/gpio/libdrivers__gpio.a(gpio_nrfx.c.obj)
 .text.z_impl_hwinfo_get_device_id
                0x000000000000cd62       0x28 zephyr/drivers/hwinfo/libdrivers__hwinfo.a(hwinfo_nrf.c.obj)
                0x000000000000cd62                z_impl_hwinfo_get_device_id
 .text.i2c_nrfx_twi_configure
                0x000000000000cd8a       0x32 zephyr/drivers/i2c/libdrivers__i2c.a(i2c_nrfx_twi.c.obj)
 .text.pinctrl_lookup_state
                0x000000000000cdbc       0x26 zephyr/drivers/pinctrl/libdrivers__pinctrl.a(common.c.obj)
                0x000000000000cdbc                pinctrl_lookup_state
 .text.gpio_pin_set_dt
                0x000000000000cde2       0x28 zephyr/drivers/sdhc/libdrivers__sdhc.a(sdhc_spi.c.obj)
 .text.spi_transceive
                0x000000000000ce0a        0xc zephyr/drivers/sdhc/libdrivers__sdhc.a(sdhc_spi.c.obj)
 .text.sdhc_spi_card_busy
                0x000000000000ce16       0x2c zephyr/drivers/sdhc/libdrivers__sdhc.a(sdhc_spi.c.obj)
 .text.sdhc_spi_get_card_present
                0x000000000000ce42        0x4 zephyr/drivers/sdhc/libdrivers__sdhc.a(sdhc_spi.c.obj)
 .text.sdhc_spi_init
                0x000000000000ce46       0x24 zephyr/drivers/sdhc/libdrivers__sdhc.a(sdhc_spi.c.obj)
 .text.sdhc_spi_wait_unbusy
                0x000000000000ce6a       0x76 zephyr/drivers/sdhc/libdrivers__sdhc.a(sdhc_spi.c.obj)
 .text.sdhc_spi_send_cmd
                0x000000000000cee0      0x1ca zephyr/drivers/sdhc/libdrivers__sdhc.a(sdhc_spi.c.obj)
 .text.uarte_nrfx_config_get
                0x000000000000d0aa       0x10 zephyr/drivers/serial/libdrivers__serial.a(uart_nrfx_uarte.c.obj)
 .text.uarte_nrfx_err_check
                0x000000000000d0ba        0xe zephyr/drivers/serial/libdrivers__serial.a(uart_nrfx_uarte.c.obj)
 .text.tx_start
                0x000000000000d0c8       0x3e zephyr/drivers/serial/libdrivers__serial.a(uart_nrfx_uarte.c.obj)
 .text.uarte_nrfx_poll_in
                0x000000000000d106       0x28 zephyr/drivers/serial/libdrivers__serial.a(uart_nrfx_uarte.c.obj)
 .text.uarte_nrfx_fifo_read
                0x000000000000d12e       0x2e zephyr/drivers/serial/libdrivers__serial.a(uart_nrfx_uarte.c.obj)
 .text.uarte_nrfx_irq_tx_enable
                0x000000000000d15c       0x2e zephyr/drivers/serial/libdrivers__serial.a(uart_nrfx_uarte.c.obj)
 .text.uarte_nrfx_irq_tx_disable
                0x000000000000d18a        0xa zephyr/drivers/serial/libdrivers__serial.a(uart_nrfx_uarte.c.obj)
 .text.uarte_nrfx_irq_tx_ready_complete
                0x000000000000d194       0x2a zephyr/drivers/serial/libdrivers__serial.a(uart_nrfx_uarte.c.obj)
 .text.uarte_nrfx_irq_rx_ready
                0x000000000000d1be       0x10 zephyr/drivers/serial/libdrivers__serial.a(uart_nrfx_uarte.c.obj)
 .text.uarte_nrfx_irq_rx_enable
                0x000000000000d1ce        0xc zephyr/drivers/serial/libdrivers__serial.a(uart_nrfx_uarte.c.obj)
 .text.uarte_nrfx_irq_rx_disable
                0x000000000000d1da        0xc zephyr/drivers/serial/libdrivers__serial.a(uart_nrfx_uarte.c.obj)
 .text.uarte_nrfx_irq_err_enable
                0x000000000000d1e6        0xe zephyr/drivers/serial/libdrivers__serial.a(uart_nrfx_uarte.c.obj)
 .text.uarte_nrfx_irq_err_disable
                0x000000000000d1f4        0xe zephyr/drivers/serial/libdrivers__serial.a(uart_nrfx_uarte.c.obj)
 .text.uarte_nrfx_irq_is_pending
                0x000000000000d202       0x36 zephyr/drivers/serial/libdrivers__serial.a(uart_nrfx_uarte.c.obj)
 .text.uarte_nrfx_irq_update
                0x000000000000d238        0x4 zephyr/drivers/serial/libdrivers__serial.a(uart_nrfx_uarte.c.obj)
 .text.uarte_nrfx_irq_callback_set
                0x000000000000d23c        0xc zephyr/drivers/serial/libdrivers__serial.a(uart_nrfx_uarte.c.obj)
 .text.is_tx_ready.isra.0
                0x000000000000d248       0x20 zephyr/drivers/serial/libdrivers__serial.a(uart_nrfx_uarte.c.obj)
 .text.uarte_nrfx_fifo_fill
                0x000000000000d268       0x78 zephyr/drivers/serial/libdrivers__serial.a(uart_nrfx_uarte.c.obj)
 .text.uarte_nrfx_isr_int
                0x000000000000d2e0       0xc0 zephyr/drivers/serial/libdrivers__serial.a(uart_nrfx_uarte.c.obj)
 .text.irq_connect0
                0x000000000000d3a0        0xa zephyr/drivers/spi/libdrivers__spi.a(spi_nrfx_spi.c.obj)
 .text.spi_context_get_next_buf.constprop.0
                0x000000000000d3aa       0x26 zephyr/drivers/spi/libdrivers__spi.a(spi_nrfx_spi.c.obj)
 .text.gpio_pin_set_dt.isra.0
                0x000000000000d3d0       0x28 zephyr/drivers/spi/libdrivers__spi.a(spi_nrfx_spi.c.obj)
 .text.spi_context_unlock_unconditionally
                0x000000000000d3f8       0x30 zephyr/drivers/spi/libdrivers__spi.a(spi_nrfx_spi.c.obj)
 .text.spi_nrfx_release
                0x000000000000d428       0x24 zephyr/drivers/spi/libdrivers__spi.a(spi_nrfx_spi.c.obj)
 .text.spi_nrfx_init
                0x000000000000d44c       0xac zephyr/drivers/spi/libdrivers__spi.a(spi_nrfx_spi.c.obj)
 .text.finish_transaction.isra.0
                0x000000000000d4f8       0x38 zephyr/drivers/spi/libdrivers__spi.a(spi_nrfx_spi.c.obj)
 .text.event_handler
                0x000000000000d530       0x98 zephyr/drivers/spi/libdrivers__spi.a(spi_nrfx_spi.c.obj)
 .text.sys_clock_idle_exit
                0x000000000000d5c8        0x2 zephyr/drivers/timer/libdrivers__timer.a(sys_clock_init.c.obj)
                0x000000000000d5c8                sys_clock_idle_exit
 .text.event_clear
                0x000000000000d5ca       0x18 zephyr/drivers/timer/libdrivers__timer.a(nrf_rtc_timer.c.obj)
 .text.sys_clock_cycle_get_32
                0x000000000000d5e2        0x8 zephyr/drivers/timer/libdrivers__timer.a(nrf_rtc_timer.c.obj)
                0x000000000000d5e2                sys_clock_cycle_get_32
 .text.nrfx_isr
                0x000000000000d5ea        0x2 modules/hal_nordic/nrfx/libmodules__hal_nordic__nrfx.a(nrfx_glue.c.obj)
                0x000000000000d5ea                nrfx_isr
 .text.nrfx_busy_wait
                0x000000000000d5ec        0x4 modules/hal_nordic/nrfx/libmodules__hal_nordic__nrfx.a(nrfx_glue.c.obj)
                0x000000000000d5ec                nrfx_busy_wait
 .text.nrfx_gppi_channel_endpoints_setup
                0x000000000000d5f0       0x14 modules/hal_nordic/nrfx/libmodules__hal_nordic__nrfx.a(nrfx_gppi_ppi.c.obj)
                0x000000000000d5f0                nrfx_gppi_channel_endpoints_setup
 .text.nrfx_clock_start
                0x000000000000d604       0x78 modules/hal_nordic/nrfx/libmodules__hal_nordic__nrfx.a(nrfx_clock.c.obj)
                0x000000000000d604                nrfx_clock_start
 .text.nrfx_clock_stop
                0x000000000000d67c        0x4 modules/hal_nordic/nrfx/libmodules__hal_nordic__nrfx.a(nrfx_clock.c.obj)
                0x000000000000d67c                nrfx_clock_stop
 .text.nrf_gpio_reconfigure
                0x000000000000d680       0x92 modules/hal_nordic/nrfx/libmodules__hal_nordic__nrfx.a(nrfx_gpiote.c.obj)
 .text.nrf_gpio_cfg_sense_set
                0x000000000000d712       0x1e modules/hal_nordic/nrfx/libmodules__hal_nordic__nrfx.a(nrfx_gpiote.c.obj)
 .text.nrf_power_event_get_and_clear.constprop.0
                0x000000000000d730       0x18 modules/hal_nordic/nrfx/libmodules__hal_nordic__nrfx.a(nrfx_power.c.obj)
 .text.nrfx_power_usbevt_enable
                0x000000000000d748        0xe modules/hal_nordic/nrfx/libmodules__hal_nordic__nrfx.a(nrfx_power.c.obj)
                0x000000000000d748                nrfx_power_usbevt_enable
 .text.nrfx_power_usbevt_disable
                0x000000000000d756        0xe modules/hal_nordic/nrfx/libmodules__hal_nordic__nrfx.a(nrfx_power.c.obj)
                0x000000000000d756                nrfx_power_usbevt_disable
 .text.nrfx_power_clock_irq_handler
                0x000000000000d764        0xe modules/hal_nordic/nrfx/libmodules__hal_nordic__nrfx.a(nrfx_power.c.obj)
                0x000000000000d764                nrfx_power_clock_irq_handler
 .text.nrf_gpio_pin_set
                0x000000000000d772       0x1a modules/hal_nordic/nrfx/libmodules__hal_nordic__nrfx.a(nrfx_spi.c.obj)
 .text.nrf_gpio_pin_clear
                0x000000000000d78c       0x1a modules/hal_nordic/nrfx/libmodules__hal_nordic__nrfx.a(nrfx_spi.c.obj)
 .text.transfer_byte
                0x000000000000d7a6       0x66 modules/hal_nordic/nrfx/libmodules__hal_nordic__nrfx.a(nrfx_spi.c.obj)
 .text.twi_transfer
                0x000000000000d80c      0x130 modules/hal_nordic/nrfx/libmodules__hal_nordic__nrfx.a(nrfx_twi.c.obj)
 .text.nrfx_usbd_consumer
                0x000000000000d93c       0x32 modules/hal_nordic/nrfx/libmodules__hal_nordic__nrfx.a(nrfx_usbd.c.obj)
                0x000000000000d93c                nrfx_usbd_consumer
 .text.nrfx_usbd_feeder_ram
                0x000000000000d96e       0x22 modules/hal_nordic/nrfx/libmodules__hal_nordic__nrfx.a(nrfx_usbd.c.obj)
                0x000000000000d96e                nrfx_usbd_feeder_ram