Archive member included to satisfy reference by file (symbol)

app/libapp.a(main.c.obj)      (--whole-archive)
zephyr/libzephyr.a(cbprintf_packaged.c.obj)
                              (--whole-archive)
zephyr/libzephyr.a(dec.c.obj)
                              (--whole-archive)
zephyr/libzephyr.a(hex.c.obj)
                              (--whole-archive)
zephyr/libzephyr.a(printk.c.obj)
                              (--whole-archive)
zephyr/libzephyr.a(rb.c.obj)  (--whole-archive)
zephyr/libzephyr.a(sem.c.obj)
                              (--whole-archive)
zephyr/libzephyr.a(thread_entry.c.obj)
                              (--whole-archive)
zephyr/libzephyr.a(timeutil.c.obj)
                              (--whole-archive)
zephyr/libzephyr.a(heap.c.obj)
                              (--whole-archive)
zephyr/libzephyr.a(heap-validate.c.obj)
                              (--whole-archive)
zephyr/libzephyr.a(bitarray.c.obj)
                              (--whole-archive)
zephyr/libzephyr.a(multi_heap.c.obj)
                              (--whole-archive)
zephyr/libzephyr.a(cbprintf_complete.c.obj)
                              (--whole-archive)
zephyr/libzephyr.a(ring_buffer.c.obj)
                              (--whole-archive)
zephyr/libzephyr.a(assert.c.obj)
                              (--whole-archive)
zephyr/libzephyr.a(configs.c.obj)
                              (--whole-archive)
zephyr/libzephyr.a(soc.c.obj)
                              (--whole-archive)
zephyr/libzephyr.a(stm32cube_hal.c.obj)
                              (--whole-archive)
zephyr/libzephyr.a(soc_config.c.obj)
                              (--whole-archive)
zephyr/libzephyr.a(thread_info.c.obj)
                              (--whole-archive)
zephyr/libzephyr.a(mem_attr.c.obj)
                              (--whole-archive)
zephyr/libzephyr.a(tracing_none.c.obj)
                              (--whole-archive)
zephyr/libzephyr.a(usb_device.c.obj)
                              (--whole-archive)
zephyr/libzephyr.a(usb_descriptor.c.obj)
                              (--whole-archive)
zephyr/libzephyr.a(usb_transfer.c.obj)
                              (--whole-archive)
zephyr/libzephyr.a(cdc_acm.c.obj)
                              (--whole-archive)
zephyr/libzephyr.a(usb_work_q.c.obj)
                              (--whole-archive)
zephyr/libzephyr.a(getline.c.obj)
                              (--whole-archive)
zephyr/libzephyr.a(sh1106_drv.c.obj)
                              (--whole-archive)
zephyr/libzephyr.a(nrf24_drv.c.obj)
                              (--whole-archive)
zephyr/libzephyr.a(SD_drv.c.obj)
                              (--whole-archive)
zephyr/libzephyr.a(sh1106_gfx.c.obj)
                              (--whole-archive)
zephyr/libzephyr.a(nrf24_ble.c.obj)
                              (--whole-archive)
zephyr/libzephyr.a(SdFat.c.obj)
                              (--whole-archive)
zephyr/arch/common/libarch__common.a(sw_isr_common.c.obj)
                              (--whole-archive)
zephyr/arch/arch/arm/core/libarch__arm__core.a(fatal.c.obj)
                              (--whole-archive)
zephyr/arch/arch/arm/core/libarch__arm__core.a(nmi.c.obj)
                              (--whole-archive)
zephyr/arch/arch/arm/core/libarch__arm__core.a(nmi_on_reset.S.obj)
                              (--whole-archive)
zephyr/arch/arch/arm/core/libarch__arm__core.a(tls.c.obj)
                              (--whole-archive)
zephyr/arch/arch/arm/core/cortex_m/libarch__arm__core__cortex_m.a(exc_exit.S.obj)
                              (--whole-archive)
zephyr/arch/arch/arm/core/cortex_m/libarch__arm__core__cortex_m.a(fault.c.obj)
                              (--whole-archive)
zephyr/arch/arch/arm/core/cortex_m/libarch__arm__core__cortex_m.a(fault_s.S.obj)
                              (--whole-archive)
zephyr/arch/arch/arm/core/cortex_m/libarch__arm__core__cortex_m.a(fpu.c.obj)
                              (--whole-archive)
zephyr/arch/arch/arm/core/cortex_m/libarch__arm__core__cortex_m.a(reset.S.obj)
                              (--whole-archive)
zephyr/arch/arch/arm/core/cortex_m/libarch__arm__core__cortex_m.a(scb.c.obj)
                              (--whole-archive)
zephyr/arch/arch/arm/core/cortex_m/libarch__arm__core__cortex_m.a(thread_abort.c.obj)
                              (--whole-archive)
zephyr/arch/arch/arm/core/cortex_m/libarch__arm__core__cortex_m.a(vector_table.S.obj)
                              (--whole-archive)
zephyr/arch/arch/arm/core/cortex_m/libarch__arm__core__cortex_m.a(swap.c.obj)
                              (--whole-archive)
zephyr/arch/arch/arm/core/cortex_m/libarch__arm__core__cortex_m.a(swap_helper.S.obj)
                              (--whole-archive)
zephyr/arch/arch/arm/core/cortex_m/libarch__arm__core__cortex_m.a(irq_manage.c.obj)
                              (--whole-archive)
zephyr/arch/arch/arm/core/cortex_m/libarch__arm__core__cortex_m.a(prep_c.c.obj)
[...]
Memory Configuration

Name             Origin             Length             Attributes
FLASH            0x0000000008000000 0x0000000000040000 xr
RAM              0x0000000020000000 0x0000000000010000 xw
IDT_LIST         0x00000000fffff7ff 0x0000000000000800 xw
*default*        0x0000000000000000 0xffffffffffffffff

Linker script and memory map

                0x0000000008007250                vfprintf = __l_vfprintf
                0x0000000000000000                vfscanf = __l_vfscanf
LOAD zephyr/CMakeFiles/zephyr_final.dir/misc/empty_file.c.obj
LOAD zephyr/CMakeFiles/zephyr_final.dir/isr_tables.c.obj
LOAD zephyr/CMakeFiles/offsets.dir/./arch/arm/core/offsets/offsets.c.obj
LOAD app/libapp.a
LOAD zephyr/libzephyr.a
LOAD zephyr/arch/common/libarch__common.a
LOAD zephyr/arch/arch/arm/core/libarch__arm__core.a
LOAD zephyr/arch/arch/arm/core/cortex_m/libarch__arm__core__cortex_m.a
LOAD zephyr/arch/arch/arm/core/mpu/libarch__arm__core__mpu.a
LOAD zephyr/lib/libc/picolibc/liblib__libc__picolibc.a
LOAD zephyr/lib/libc/common/liblib__libc__common.a
LOAD zephyr/drivers/interrupt_controller/libdrivers__interrupt_controller.a
LOAD zephyr/drivers/usb/device/libdrivers__usb__device.a
LOAD zephyr/drivers/clock_control/libdrivers__clock_control.a
LOAD zephyr/drivers/console/libdrivers__console.a
LOAD zephyr/drivers/gpio/libdrivers__gpio.a
LOAD zephyr/drivers/hwinfo/libdrivers__hwinfo.a
LOAD zephyr/drivers/i2c/libdrivers__i2c.a
LOAD zephyr/drivers/pinctrl/libdrivers__pinctrl.a
LOAD zephyr/drivers/reset/libdrivers__reset.a
LOAD zephyr/drivers/serial/libdrivers__serial.a
LOAD zephyr/drivers/spi/libdrivers__spi.a
LOAD zephyr/drivers/timer/libdrivers__timer.a
LOAD modules/stm32/stm32cube/lib..__modules__hal__stm32__stm32cube.a
LOAD zephyr/kernel/libkernel.a
LOAD /usr/local/zephyr-sdk-0.16.4/arm-zephyr-eabi/bin/../lib/gcc/arm-zephyr-eabi/12.2.0/thumb/v7e-m/nofp/libgcc.a
LOAD zephyr/arch/common/libisr_tables.a
LOAD /usr/local/zephyr-sdk-0.16.4/arm-zephyr-eabi/bin/../lib/gcc/../../picolibc/arm-zephyr-eabi/lib/thumb/v7e-m/nofp/libc.a
LOAD /usr/local/zephyr-sdk-0.16.4/arm-zephyr-eabi/bin/../lib/gcc/arm-zephyr-eabi/12.2.0/thumb/v7e-m/nofp/libgcc.a
                0x0000000000000020                _region_min_align = 0x20

.rel.plt        0x0000000008000000        0x0
 *(SORT_BY_ALIGNMENT(.rel.plt))
                [!provide]                        PROVIDE (__rel_iplt_start = .)
 *(SORT_BY_ALIGNMENT(.rel.iplt))
 .rel.iplt      0x0000000008000000        0x0 zephyr/CMakeFiles/zephyr_final.dir/isr_tables.c.obj
                [!provide]                        PROVIDE (__rel_iplt_end = .)

.rela.plt       0x0000000000000000        0x0
 *(SORT_BY_ALIGNMENT(.rela.plt))
                [!provide]                        PROVIDE (__rela_iplt_start = .)
 *(SORT_BY_ALIGNMENT(.rela.iplt))
                [!provide]                        PROVIDE (__rela_iplt_end = .)

.rel.dyn
 *(SORT_BY_ALIGNMENT(.rel.*))

.rela.dyn
 *(SORT_BY_ALIGNMENT(.rela.*))

/DISCARD/
 *(SORT_BY_ALIGNMENT(.plt))

/DISCARD/
 *(SORT_BY_ALIGNMENT(.iplt))
                0x0000000008000000                __rom_region_start = 0x8000000

rom_start       0x0000000008000000      0x194
                0x0000000008000000                __rom_start_address = .
 FILL mask 0x00
                0x0000000008000000                . = (. + (0x0 - (. - __rom_start_address)))
                0x0000000008000000                . = ALIGN (0x4)
                0x0000000008000000                . = ALIGN (0x80)
                0x0000000008000000                . = ALIGN (0x200)
                0x0000000008000000                _vector_start = .
 *(SORT_BY_ALIGNMENT(.exc_vector_table))
 *(SORT_BY_ALIGNMENT(.exc_vector_table.*))
 .exc_vector_table._vector_table_section
                0x0000000008000000       0x40 zephyr/arch/arch/arm/core/cortex_m/libarch__arm__core__cortex_m.a(vector_table.S.obj)
                0x0000000008000000                _vector_table
 *(SORT_BY_ALIGNMENT(.vectors))
                0x0000000008000194                _vector_end = .
                0x0000000008000040                . = ALIGN (0x4)
 *(SORT_BY_ALIGNMENT(.gnu.linkonce.irq_vector_table*))
 .gnu.linkonce.irq_vector_table
                0x0000000008000040      0x154 zephyr/CMakeFiles/zephyr_final.dir/isr_tables.c.obj
                0x0000000008000040                _irq_vector_table
                0x0000000008000194                _vector_end = .

text            0x0000000008000194     0xa0d0
                0x0000000008000194                __text_region_start = .
 *(SORT_BY_ALIGNMENT(.text))
 .text          0x0000000008000194      0x378 /usr/local/zephyr-sdk-0.16.4/arm-zephyr-eabi/bin/../lib/gcc/arm-zephyr-eabi/12.2.0/thumb/v7e-m/nofp/libgcc.a(_arm_addsubdf3.o)
                0x0000000008000194                __aeabi_drsub
                0x000000000800019c                __subdf3
                0x000000000800019c                __aeabi_dsub
                0x00000000080001a0                __aeabi_dadd
                0x00000000080001a0                __adddf3
                0x0000000008000418                __aeabi_ui2d
                0x0000000008000418                __floatunsidf
                0x0000000008000438                __floatsidf
                0x0000000008000438                __aeabi_i2d
                0x000000000800045c                __extendsfdf2
                0x000000000800045c                __aeabi_f2d
                0x00000000080004a0                __aeabi_ul2d
                0x00000000080004a0                __floatundidf
                0x00000000080004b0                __aeabi_l2d
                0x00000000080004b0                __floatdidf
 .text          0x000000000800050c      0x424 /usr/local/zephyr-sdk-0.16.4/arm-zephyr-eabi/bin/../lib/gcc/arm-zephyr-eabi/12.2.0/thumb/v7e-m/nofp/libgcc.a(_arm_muldivdf3.o)
                0x000000000800050c                __aeabi_dmul
                0x000000000800050c                __muldf3
                0x0000000008000760                __aeabi_ddiv
                0x0000000008000760                __divdf3
 .text          0x0000000008000930       0xa0 /usr/local/zephyr-sdk-0.16.4/arm-zephyr-eabi/bin/../lib/gcc/arm-zephyr-eabi/12.2.0/thumb/v7e-m/nofp/libgcc.a(_arm_truncdfsf2.o)
                0x0000000008000930                __aeabi_d2f
                0x0000000008000930                __truncdfsf2
 .text          0x00000000080009d0      0x21c /usr/local/zephyr-sdk-0.16.4/arm-zephyr-eabi/bin/../lib/gcc/arm-zephyr-eabi/12.2.0/thumb/v7e-m/nofp/libgcc.a(_arm_addsubsf3.o)
                0x00000000080009d0                __aeabi_frsub
                0x00000000080009d8                __aeabi_fsub
                0x00000000080009d8                __subsf3
                0x00000000080009dc                __aeabi_fadd
                0x00000000080009dc                __addsf3
                0x0000000008000b3c                __aeabi_ui2f
                0x0000000008000b3c                __floatunsisf
                0x0000000008000b44                __floatsisf
                0x0000000008000b44                __aeabi_i2f
                0x0000000008000b60                __aeabi_ul2f
                0x0000000008000b60                __floatundisf
                0x0000000008000b70                __aeabi_l2f
                0x0000000008000b70                __floatdisf
 .text          0x0000000008000bec      0x2a0 /usr/local/zephyr-sdk-0.16.4/arm-zephyr-eabi/bin/../lib/gcc/arm-zephyr-eabi/12.2.0/thumb/v7e-m/nofp/libgcc.a(_arm_muldivsf3.o)
                0x0000000008000bec                __mulsf3
                0x0000000008000bec                __aeabi_fmul
                0x0000000008000d54                __divsf3
                0x0000000008000d54                __aeabi_fdiv
 .text          0x0000000008000e8c       0x40 /usr/local/zephyr-sdk-0.16.4/arm-zephyr-eabi/bin/../lib/gcc/arm-zephyr-eabi/12.2.0/thumb/v7e-m/nofp/libgcc.a(_arm_fixunssfsi.o)
                0x0000000008000e8c                __aeabi_f2uiz
                0x0000000008000e8c                __fixunssfsi
 .text          0x0000000008000ecc       0x30 /usr/local/zephyr-sdk-0.16.4/arm-zephyr-eabi/bin/../lib/gcc/arm-zephyr-eabi/12.2.0/thumb/v7e-m/nofp/libgcc.a(_aeabi_uldivmod.o)
                0x0000000008000ecc                __aeabi_uldivmod
 .text          0x0000000008000efc        0x4 /usr/local/zephyr-sdk-0.16.4/arm-zephyr-eabi/bin/../lib/gcc/arm-zephyr-eabi/12.2.0/thumb/v7e-m/nofp/libgcc.a(_dvmd_tls.o)
                0x0000000008000efc                __aeabi_ldiv0
                0x0000000008000efc                __aeabi_idiv0
 .text          0x0000000008000f00      0x2a0 /usr/local/zephyr-sdk-0.16.4/arm-zephyr-eabi/bin/../lib/gcc/arm-zephyr-eabi/12.2.0/thumb/v7e-m/nofp/libgcc.a(_udivmoddi4.o)
                0x0000000008000f00                __udivmoddi4
 .text          0x00000000080011a0       0x10 /usr/local/zephyr-sdk-0.16.4/arm-zephyr-eabi/bin/../lib/gcc/../../picolibc/arm-zephyr-eabi/lib/thumb/v7e-m/nofp/libc.a(strlen.S.o)
                0x00000000080011a0                strlen
 *(SORT_BY_ALIGNMENT(.text.*))
 .text.myThread1
                0x00000000080011b0       0xa0 app/libapp.a(main.c.obj)
                0x00000000080011b0                myThread1
 .text.myThread0
                0x0000000008001250       0x4c app/libapp.a(main.c.obj)
                0x0000000008001250                myThread0
 .text.main     0x000000000800129c       0x30 app/libapp.a(main.c.obj)
                0x000000000800129c                main
 .text.char_out
                0x00000000080012cc        0xc zephyr/libzephyr.a(printk.c.obj)
 .text.__printk_hook_install
                0x00000000080012d8        0xc zephyr/libzephyr.a(printk.c.obj)
                0x00000000080012d8                __printk_hook_install
 .text.vprintk  0x00000000080012e4       0x30 zephyr/libzephyr.a(printk.c.obj)
                0x00000000080012e4                vprintk
 .text.z_thread_entry
                0x0000000008001314       0x34 zephyr/libzephyr.a(thread_entry.c.obj)
                0x0000000008001314                z_thread_entry
 .text.st_stm32f4_init
                0x0000000008001348       0x28 zephyr/libzephyr.a(soc.c.obj)
 .text.st_stm32_common_config
                0x0000000008001370       0x14 zephyr/libzephyr.a(soc_config.c.obj)
 .text.mem_attr_get_regions
                0x0000000008001384        0xc zephyr/libzephyr.a(mem_attr.c.obj)
                0x0000000008001384                mem_attr_get_regions
 .text.class_handler
                0x0000000008001390       0x40 zephyr/libzephyr.a(usb_device.c.obj)
 .text.custom_handler
                0x00000000080013d0       0x60 zephyr/libzephyr.a(usb_device.c.obj)
 .text.vendor_handler
                0x0000000008001430       0x3c zephyr/libzephyr.a(usb_device.c.obj)
 .text.disable_endpoint
                0x000000000800146c       0x2c zephyr/libzephyr.a(usb_device.c.obj)
 .text.usb_reset_alt_setting
                0x0000000008001498       0x10 zephyr/libzephyr.a(usb_device.c.obj)
 .text.is_ep_valid.part.0
                0x00000000080014a8       0x38 zephyr/libzephyr.a(usb_device.c.obj)
 .text.usb_handle_request.constprop.0
                0x00000000080014e0       0x2c zephyr/libzephyr.a(usb_device.c.obj)
 .text.forward_status_cb
                0x000000000800150c       0xac zephyr/libzephyr.a(usb_device.c.obj)
 .text.usb_halt_endpoint_req.isra.0
                0x00000000080015b8       0x50 zephyr/libzephyr.a(usb_device.c.obj)
 .text.set_endpoint
                0x0000000008001608       0x84 zephyr/libzephyr.a(usb_device.c.obj)
 .text.usb_handle_standard_request
                0x000000000800168c      0x2ec zephyr/libzephyr.a(usb_device.c.obj)
 .text.usb_data_to_host
                0x0000000008001978       0x60 zephyr/libzephyr.a(usb_device.c.obj)
 .text.usb_handle_control_transfer
                0x00000000080019d8       0xdc zephyr/libzephyr.a(usb_device.c.obj)
 .text.usb_set_config
                0x0000000008001ab4       0x2c zephyr/libzephyr.a(usb_device.c.obj)
                0x0000000008001ab4                usb_set_config
 .text.usb_enable
                0x0000000008001ae0      0x124 zephyr/libzephyr.a(usb_device.c.obj)
                0x0000000008001ae0                usb_enable
 .text.usb_device_init
                0x0000000008001c04       0x30 zephyr/libzephyr.a(usb_device.c.obj)
 .text.usb_update_sn_string_descriptor
                0x0000000008001c34       0x88 zephyr/libzephyr.a(usb_descriptor.c.obj)
                0x0000000008001c34                usb_update_sn_string_descriptor
 .text.usb_get_device_descriptor
                0x0000000008001cbc      0x1d8 zephyr/libzephyr.a(usb_descriptor.c.obj)
                0x0000000008001cbc                usb_get_device_descriptor
 .text.usb_ep_get_transfer
                0x0000000008001e94       0x2c zephyr/libzephyr.a(usb_transfer.c.obj)
 .text.usb_transfer_work
                0x0000000008001ec0      0x100 zephyr/libzephyr.a(usb_transfer.c.obj)
 .text.usb_transfer_ep_callback
                0x0000000008001fc0       0x5c zephyr/libzephyr.a(usb_transfer.c.obj)
                0x0000000008001fc0                usb_transfer_ep_callback
 .text.usb_transfer
                0x000000000800201c       0xe4 zephyr/libzephyr.a(usb_transfer.c.obj)
                0x000000000800201c                usb_transfer
 .text.usb_cancel_transfer
                0x0000000008002100       0x3c zephyr/libzephyr.a(usb_transfer.c.obj)
                0x0000000008002100                usb_cancel_transfer
 .text.usb_cancel_transfers
                0x000000000800213c       0x48 zephyr/libzephyr.a(usb_transfer.c.obj)
                0x000000000800213c                usb_cancel_transfers
 .text.usb_transfer_init
                0x0000000008002184       0x34 zephyr/libzephyr.a(usb_transfer.c.obj)
                0x0000000008002184                usb_transfer_init
 .text.cdc_acm_int_in
                0x00000000080021b8       0x18 zephyr/libzephyr.a(cdc_acm.c.obj)
 .text.cdc_acm_irq_rx_enable
                0x00000000080021d0       0x20 zephyr/libzephyr.a(cdc_acm.c.obj)
 .text.cdc_acm_irq_tx_enable
                0x00000000080021f0       0x20 zephyr/libzephyr.a(cdc_acm.c.obj)
 .text.cdc_acm_write_cb
                0x0000000008002210       0x54 zephyr/libzephyr.a(cdc_acm.c.obj)
 .text.cdc_acm_fifo_fill
                0x0000000008002264       0x38 zephyr/libzephyr.a(cdc_acm.c.obj)
 .text.tx_work_handler
                0x000000000800229c       0x64 zephyr/libzephyr.a(cdc_acm.c.obj)
 .text.cdc_acm_class_handle_req
                0x0000000008002300       0x64 zephyr/libzephyr.a(cdc_acm.c.obj)
                0x0000000008002300                cdc_acm_class_handle_req
 .text.cdc_acm_reset_port
                0x0000000008002364       0x3c zephyr/libzephyr.a(cdc_acm.c.obj)
 .text.cdc_acm_init
                0x00000000080023a0       0x48 zephyr/libzephyr.a(cdc_acm.c.obj)
 .text.cdc_acm_poll_out
                0x00000000080023e8       0x4c zephyr/libzephyr.a(cdc_acm.c.obj)
 .text.cdc_acm_read_cb
                0x0000000008002434       0x74 zephyr/libzephyr.a(cdc_acm.c.obj)
 .text.cdc_acm_dev_status_cb
                0x00000000080024a8       0x84 zephyr/libzephyr.a(cdc_acm.c.obj)
 .text.z_usb_work_q_init
                0x000000000800252c       0x34 zephyr/libzephyr.a(usb_work_q.c.obj)
 .text.console_getline
                0x0000000008002560       0x30 zephyr/libzephyr.a(getline.c.obj)
                0x0000000008002560                console_getline
 .text.console_getline_init
                0x0000000008002590       0x34 zephyr/libzephyr.a(getline.c.obj)
                0x0000000008002590                console_getline_init
 .text.writeBuffer
                0x00000000080025c4       0x5c zephyr/libzephyr.a(sh1106_drv.c.obj)
 .text.spi_release_dt.constprop.0.isra.0
                0x0000000008002620       0x10 zephyr/libzephyr.a(SD_drv.c.obj)
 .text.SD_spi_transceive
                0x0000000008002630       0x3c zephyr/libzephyr.a(SD_drv.c.obj)
                0x0000000008002630                SD_spi_transceive
 .text.SD_powerUpSeq
                0x000000000800266c       0x28 zephyr/libzephyr.a(SD_drv.c.obj)
                0x000000000800266c                SD_powerUpSeq
 .text.SD_readRes1
                0x0000000008002694       0x30 zephyr/libzephyr.a(SD_drv.c.obj)
                0x0000000008002694                SD_readRes1
 .text.SD_goIdleState
                0x00000000080026c4       0x28 zephyr/libzephyr.a(SD_drv.c.obj)
                0x00000000080026c4                SD_goIdleState
 .text.SD_readRes3_7
                0x00000000080026ec       0x24 zephyr/libzephyr.a(SD_drv.c.obj)
                0x00000000080026ec                SD_readRes3_7
 .text.SD_sendIfCond
                0x0000000008002710       0x2c zephyr/libzephyr.a(SD_drv.c.obj)
                0x0000000008002710                SD_sendIfCond
 .text.SD_readOCR
                0x000000000800273c       0x2c zephyr/libzephyr.a(SD_drv.c.obj)
                0x000000000800273c                SD_readOCR
 .text.SD_sendApp
                0x0000000008002768       0x28 zephyr/libzephyr.a(SD_drv.c.obj)
                0x0000000008002768                SD_sendApp
 .text.SD_sendOpCond
                0x0000000008002790       0x2c zephyr/libzephyr.a(SD_drv.c.obj)
                0x0000000008002790                SD_sendOpCond
 .text.SD_printR1
                0x00000000080027bc       0x84 zephyr/libzephyr.a(SD_drv.c.obj)
                0x00000000080027bc                SD_printR1
 .text.SD_printDataErrToken
                0x0000000008002840       0x44 zephyr/libzephyr.a(SD_drv.c.obj)
                0x0000000008002840                SD_printDataErrToken
 .text.SD_read_start
                0x0000000008002884       0x68 zephyr/libzephyr.a(SD_drv.c.obj)
                0x0000000008002884                SD_read_start
 .text.SD_readSingleBlock
                0x00000000080028ec       0x38 zephyr/libzephyr.a(SD_drv.c.obj)
                0x00000000080028ec                SD_readSingleBlock
 .text.SD_readSector
                0x0000000008002924       0x3c zephyr/libzephyr.a(SD_drv.c.obj)
                0x0000000008002924                SD_readSector
 .text.SD_drv_init
                0x0000000008002960       0xc4 zephyr/libzephyr.a(SD_drv.c.obj)
                0x0000000008002960                SD_drv_init
 .text.oled_clearPart
                0x0000000008002a24       0x38 zephyr/libzephyr.a(sh1106_gfx.c.obj)
                0x0000000008002a24                oled_clearPart
 .text.oled_printChar
                0x0000000008002a5c      0x100 zephyr/libzephyr.a(sh1106_gfx.c.obj)
                0x0000000008002a5c                oled_printChar
 .text.oled_printString
                0x0000000008002b5c       0x64 zephyr/libzephyr.a(sh1106_gfx.c.obj)
                0x0000000008002b5c                oled_printString
 .text.oled_displayBmp
                0x0000000008002bc0       0x60 zephyr/libzephyr.a(sh1106_gfx.c.obj)
                0x0000000008002bc0                oled_displayBmp
 .text.oled_printLog
                0x0000000008002c20       0x64 zephyr/libzephyr.a(sh1106_gfx.c.obj)
                0x0000000008002c20                oled_printLog
 .text.SdFat_init
                0x0000000008002c84      0x148 zephyr/libzephyr.a(SdFat.c.obj)
                0x0000000008002c84                SdFat_init
 .text.z_SysNmiOnReset
                0x0000000008002dcc        0x8 zephyr/arch/arch/arm/core/libarch__arm__core.a(nmi_on_reset.S.obj)
                0x0000000008002dcc                z_SysNmiOnReset
 .text.arch_tls_stack_setup
                0x0000000008002dd4       0x60 zephyr/arch/arch/arm/core/libarch__arm__core.a(tls.c.obj)
                0x0000000008002dd4                arch_tls_stack_setup
 .text._HandlerModeExit
                0x0000000008002e34       0x1c zephyr/arch/arch/arm/core/cortex_m/libarch__arm__core__cortex_m.a(exc_exit.S.obj)
                0x0000000008002e34                z_arm_exc_exit
                0x0000000008002e34                z_arm_int_exit
 .text.mem_manage_fault
                0x0000000008002e50       0xa0 zephyr/arch/arch/arm/core/cortex_m/libarch__arm__core__cortex_m.a(fault.c.obj)
 .text.usage_fault.constprop.0
                0x0000000008002ef0       0x54 zephyr/arch/arch/arm/core/cortex_m/libarch__arm__core__cortex_m.a(fault.c.obj)
 .text.bus_fault.constprop.0
                0x0000000008002f44       0x6c zephyr/arch/arch/arm/core/cortex_m/libarch__arm__core__cortex_m.a(fault.c.obj)
 .text.z_arm_fault
                0x0000000008002fb0      0x128 zephyr/arch/arch/arm/core/cortex_m/libarch__arm__core__cortex_m.a(fault.c.obj)
                0x0000000008002fb0                z_arm_fault
 .text.z_arm_fault_init
                0x00000000080030d8       0x10 zephyr/arch/arch/arm/core/cortex_m/libarch__arm__core__cortex_m.a(fault.c.obj)
                0x00000000080030d8                z_arm_fault_init
 .text.__fault  0x00000000080030e8       0x14 zephyr/arch/arch/arm/core/cortex_m/libarch__arm__core__cortex_m.a(fault_s.S.obj)
                0x00000000080030e8                z_arm_bus_fault
                0x00000000080030e8                z_arm_usage_fault
                0x00000000080030e8                z_arm_mpu_fault
                0x00000000080030e8                z_arm_exc_spurious
                0x00000000080030e8                z_arm_debug_monitor
                0x00000000080030e8                z_arm_hard_fault
 .text._reset_section
                0x00000000080030fc       0x34 zephyr/arch/arch/arm/core/cortex_m/libarch__arm__core__cortex_m.a(reset.S.obj)
                0x00000000080030fc                z_arm_reset
                0x00000000080030fc                __start
 .text.z_impl_k_thread_abort
                0x0000000008003130       0x2c zephyr/arch/arch/arm/core/cortex_m/libarch__arm__core__cortex_m.a(thread_abort.c.obj)
                0x0000000008003130                z_impl_k_thread_abort
 .text.arch_swap
                0x000000000800315c       0x34 zephyr/arch/arch/arm/core/cortex_m/libarch__arm__core__cortex_m.a(swap.c.obj)
                0x000000000800315c                arch_swap
 .text.z_arm_pendsv
                0x0000000008003190       0x68 zephyr/arch/arch/arm/core/cortex_m/libarch__arm__core__cortex_m.a(swap_helper.S.obj)
                0x0000000008003190                z_arm_pendsv
 .text.z_arm_svc
                0x00000000080031f8       0x20 zephyr/arch/arch/arm/core/cortex_m/libarch__arm__core__cortex_m.a(swap_helper.S.obj)
                0x00000000080031f8                z_arm_svc
 .text.arch_irq_enable
                0x0000000008003218       0x1c zephyr/arch/arch/arm/core/cortex_m/libarch__arm__core__cortex_m.a(irq_manage.c.obj)
                0x0000000008003218                arch_irq_enable
 .text.arch_irq_disable
                0x0000000008003234       0x28 zephyr/arch/arch/arm/core/cortex_m/libarch__arm__core__cortex_m.a(irq_manage.c.obj)
                0x0000000008003234                arch_irq_disable
 .text.z_arm_irq_priority_set
                0x000000000800325c       0x30 zephyr/arch/arch/arm/core/cortex_m/libarch__arm__core__cortex_m.a(irq_manage.c.obj)
                0x000000000800325c                z_arm_irq_priority_set
 .text.z_arm_prep_c
                0x000000000800328c       0x48 zephyr/arch/arch/arm/core/cortex_m/libarch__arm__core__cortex_m.a(prep_c.c.obj)
                0x000000000800328c                z_arm_prep_c
 .text.arch_new_thread
                0x00000000080032d4       0x38 zephyr/arch/arch/arm/core/cortex_m/libarch__arm__core__cortex_m.a(thread.c.obj)
                0x00000000080032d4                arch_new_thread
 .text.z_check_thread_stack_fail
                0x000000000800330c       0x30 zephyr/arch/arch/arm/core/cortex_m/libarch__arm__core__cortex_m.a(thread.c.obj)
                0x000000000800330c                z_check_thread_stack_fail
 .text.arch_switch_to_main_thread
                0x000000000800333c       0x38 zephyr/arch/arch/arm/core/cortex_m/libarch__arm__core__cortex_m.a(thread.c.obj)
                0x000000000800333c                arch_switch_to_main_thread
 .text.z_arm_cpu_idle_init
                0x0000000008003374        0xc zephyr/arch/arch/arm/core/cortex_m/libarch__arm__core__cortex_m.a(cpu_idle.S.obj)
                0x0000000008003374                z_arm_cpu_idle_init
 .text.arch_cpu_idle
                0x0000000008003380       0x1c zephyr/arch/arch/arm/core/cortex_m/libarch__arm__core__cortex_m.a(cpu_idle.S.obj)
                0x0000000008003380                arch_cpu_idle
 .text.z_arm_interrupt_init
                0x000000000800339c       0x18 zephyr/arch/arch/arm/core/cortex_m/libarch__arm__core__cortex_m.a(irq_init.c.obj)
                0x000000000800339c                z_arm_interrupt_init
 .text._isr_wrapper
                0x00000000080033b4       0x28 zephyr/arch/arch/arm/core/cortex_m/libarch__arm__core__cortex_m.a(isr_wrapper.S.obj)
                0x00000000080033b4                _isr_wrapper
 .text.z_arm_configure_static_mpu_regions
                0x00000000080033dc       0x18 zephyr/arch/arch/arm/core/mpu/libarch__arm__core__mpu.a(arm_core_mpu.c.obj)
                0x00000000080033dc                z_arm_configure_static_mpu_regions
 .text.z_arm_configure_dynamic_mpu_regions
                0x00000000080033f4       0x24 zephyr/arch/arch/arm/core/mpu/libarch__arm__core__mpu.a(arm_core_mpu.c.obj)
                0x00000000080033f4                z_arm_configure_dynamic_mpu_regions
 .text.region_init
                0x0000000008003418       0x28 zephyr/arch/arch/arm/core/mpu/libarch__arm__core__mpu.a(arm_mpu.c.obj)
 .text.mpu_configure_regions
                0x0000000008003440       0x6c zephyr/arch/arch/arm/core/mpu/libarch__arm__core__mpu.a(arm_mpu.c.obj)
 .text.arm_core_mpu_enable
                0x00000000080034ac       0x18 zephyr/arch/arch/arm/core/mpu/libarch__arm__core__mpu.a(arm_mpu.c.obj)
                0x00000000080034ac                arm_core_mpu_enable
 .text.arm_core_mpu_disable
                0x00000000080034c4       0x14 zephyr/arch/arch/arm/core/mpu/libarch__arm__core__mpu.a(arm_mpu.c.obj)
                0x00000000080034c4                arm_core_mpu_disable
 .text.arm_core_mpu_configure_static_mpu_regions
                0x00000000080034d8       0x14 zephyr/arch/arch/arm/core/mpu/libarch__arm__core__mpu.a(arm_mpu.c.obj)
                0x00000000080034d8                arm_core_mpu_configure_static_mpu_regions
 .text.arm_core_mpu_configure_dynamic_mpu_regions
                0x00000000080034ec       0x38 zephyr/arch/arch/arm/core/mpu/libarch__arm__core__mpu.a(arm_mpu.c.obj)
                0x00000000080034ec                arm_core_mpu_configure_dynamic_mpu_regions
 .text.z_arm_mpu_init
                0x0000000008003524      0x144 zephyr/arch/arch/arm/core/mpu/libarch__arm__core__mpu.a(arm_mpu.c.obj)
                0x0000000008003524                z_arm_mpu_init
 .text.z_impl_zephyr_fputc
                0x0000000008003668       0x10 zephyr/lib/libc/picolibc/liblib__libc__picolibc.a(libc-hooks.c.obj)
                0x0000000008003668                z_impl_zephyr_fputc
 .text.__stdout_hook_install
                0x0000000008003678       0x18 zephyr/lib/libc/picolibc/liblib__libc__picolibc.a(libc-hooks.c.obj)
                0x0000000008003678                __stdout_hook_install
 .text.malloc_prepare
                0x0000000008003690       0x24 zephyr/lib/libc/common/liblib__libc__common.a(malloc.c.obj)
 .text.stm32_exti_isr
                0x00000000080036b4       0x4c zephyr/drivers/interrupt_controller/libdrivers__interrupt_controller.a(intc_exti_stm32.c.obj)
 .text.stm32_fill_irq_table
                0x0000000008003700       0x18 zephyr/drivers/interrupt_controller/libdrivers__interrupt_controller.a(intc_exti_stm32.c.obj)
 .text.stm32_exti_enable
                0x0000000008003718       0x24 zephyr/drivers/interrupt_controller/libdrivers__interrupt_controller.a(intc_exti_stm32.c.obj)
                0x0000000008003718                stm32_exti_enable
 .text.stm32_exti_disable
                0x000000000800373c       0x18 zephyr/drivers/interrupt_controller/libdrivers__interrupt_controller.a(intc_exti_stm32.c.obj)
                0x000000000800373c                stm32_exti_disable
 .text.stm32_exti_trigger
                0x0000000008003754       0x60 zephyr/drivers/interrupt_controller/libdrivers__interrupt_controller.a(intc_exti_stm32.c.obj)
                0x0000000008003754                stm32_exti_trigger
 .text.stm32_exti_set_callback
                0x00000000080037b4       0x30 zephyr/drivers/interrupt_controller/libdrivers__interrupt_controller.a(intc_exti_stm32.c.obj)
                0x00000000080037b4                stm32_exti_set_callback
 .text.stm32_exti_unset_callback
                0x00000000080037e4       0x14 zephyr/drivers/interrupt_controller/libdrivers__interrupt_controller.a(intc_exti_stm32.c.obj)
                0x00000000080037e4                stm32_exti_unset_callback
 .text.usb_dc_stm32_get_ep_state
                0x00000000080037f8       0x28 zephyr/drivers/usb/device/libdrivers__usb__device.a(usb_dc_stm32.c.obj)
 .text.usb_dc_stm32_isr
                0x0000000008003820        0xc zephyr/drivers/usb/device/libdrivers__usb__device.a(usb_dc_stm32.c.obj)
 .text.usb_dc_attach
                0x000000000800382c      0x138 zephyr/drivers/usb/device/libdrivers__usb__device.a(usb_dc_stm32.c.obj)
                0x000000000800382c                usb_dc_attach
 .text.usb_dc_set_status_callback
                0x0000000008003964        0xc zephyr/drivers/usb/device/libdrivers__usb__device.a(usb_dc_stm32.c.obj)
                0x0000000008003964                usb_dc_set_status_callback
 .text.usb_dc_set_address
                0x0000000008003970       0x1c zephyr/drivers/usb/device/libdrivers__usb__device.a(usb_dc_stm32.c.obj)
                0x0000000008003970                usb_dc_set_address
 .text.usb_dc_ep_start_read
                0x000000000800398c       0x40 zephyr/drivers/usb/device/libdrivers__usb__device.a(usb_dc_stm32.c.obj)
                0x000000000800398c                usb_dc_ep_start_read
 .text.usb_dc_ep_get_read_count
                0x00000000080039cc       0x24 zephyr/drivers/usb/device/libdrivers__usb__device.a(usb_dc_stm32.c.obj)
                0x00000000080039cc                usb_dc_ep_get_read_count
 .text.usb_dc_ep_set_stall
                0x00000000080039f0       0x2c zephyr/drivers/usb/device/libdrivers__usb__device.a(usb_dc_stm32.c.obj)
                0x00000000080039f0                usb_dc_ep_set_stall
 .text.usb_dc_ep_clear_stall
                0x0000000008003a1c       0x2c zephyr/drivers/usb/device/libdrivers__usb__device.a(usb_dc_stm32.c.obj)
                0x0000000008003a1c                usb_dc_ep_clear_stall
 .text.usb_dc_ep_enable
                0x0000000008003a48       0x44 zephyr/drivers/usb/device/libdrivers__usb__device.a(usb_dc_stm32.c.obj)
                0x0000000008003a48                usb_dc_ep_enable
 .text.usb_dc_ep_disable
                0x0000000008003a8c       0x28 zephyr/drivers/usb/device/libdrivers__usb__device.a(usb_dc_stm32.c.obj)
                0x0000000008003a8c                usb_dc_ep_disable
 .text.usb_dc_ep_write
                0x0000000008003ab4       0xa4 zephyr/drivers/usb/device/libdrivers__usb__device.a(usb_dc_stm32.c.obj)
                0x0000000008003ab4                usb_dc_ep_write
 .text.usb_dc_ep_read_wait
                0x0000000008003b58       0x60 zephyr/drivers/usb/device/libdrivers__usb__device.a(usb_dc_stm32.c.obj)
                0x0000000008003b58                usb_dc_ep_read_wait
 .text.usb_dc_ep_read_continue
                0x0000000008003bb8       0x38 zephyr/drivers/usb/device/libdrivers__usb__device.a(usb_dc_stm32.c.obj)
                0x0000000008003bb8                usb_dc_ep_read_continue
 .text.HAL_PCD_ResetCallback
                0x0000000008003bf0       0x54 zephyr/drivers/usb/device/libdrivers__usb__device.a(usb_dc_stm32.c.obj)
                0x0000000008003bf0                HAL_PCD_ResetCallback
 .text.HAL_PCD_ConnectCallback
                0x0000000008003c44       0x14 zephyr/drivers/usb/device/libdrivers__usb__device.a(usb_dc_stm32.c.obj)
                0x0000000008003c44                HAL_PCD_ConnectCallback
 .text.HAL_PCD_DisconnectCallback
                0x0000000008003c58       0x14 zephyr/drivers/usb/device/libdrivers__usb__device.a(usb_dc_stm32.c.obj)
                0x0000000008003c58                HAL_PCD_DisconnectCallback
 .text.HAL_PCD_SuspendCallback
                0x0000000008003c6c       0x14 zephyr/drivers/usb/device/libdrivers__usb__device.a(usb_dc_stm32.c.obj)
                0x0000000008003c6c                HAL_PCD_SuspendCallback
 .text.HAL_PCD_ResumeCallback
                0x0000000008003c80       0x14 zephyr/drivers/usb/device/libdrivers__usb__device.a(usb_dc_stm32.c.obj)
                0x0000000008003c80                HAL_PCD_ResumeCallback
 .text.HAL_PCD_SetupStageCallback
                0x0000000008003c94       0x4c zephyr/drivers/usb/device/libdrivers__usb__device.a(usb_dc_stm32.c.obj)
                0x0000000008003c94                HAL_PCD_SetupStageCallback
 .text.stm32_clock_control_get_subsys_rate
                0x0000000008003ce0       0xa0 zephyr/drivers/clock_control/libdrivers__clock_control.a(clock_stm32_ll_common.c.obj)
 .text.stm32_clock_control_init
                0x0000000008003d80      0x118 zephyr/drivers/clock_control/libdrivers__clock_control.a(clock_stm32_ll_common.c.obj)
                0x0000000008003d80                stm32_clock_control_init
 .text.get_pllsrc_frequency
                0x0000000008003e98        0x8 zephyr/drivers/clock_control/libdrivers__clock_control.a(clock_stm32f2_f4_f7.c.obj)
                0x0000000008003e98                get_pllsrc_frequency
 .text.config_pll_sysclock
                0x0000000008003ea0       0x28 zephyr/drivers/clock_control/libdrivers__clock_control.a(clock_stm32f2_f4_f7.c.obj)
                0x0000000008003ea0                config_pll_sysclock
 .text.config_enable_default_clocks
                0x0000000008003ec8       0x20 zephyr/drivers/clock_control/libdrivers__clock_control.a(clock_stm32f2_f4_f7.c.obj)
                0x0000000008003ec8                config_enable_default_clocks
 .text.z_impl_uart_irq_rx_disable.constprop.0
                0x0000000008003ee8       0x10 zephyr/drivers/console/libdrivers__console.a(uart_console.c.obj)
 .text.uart_poll_out.constprop.0
                0x0000000008003ef8       0x10 zephyr/drivers/console/libdrivers__console.a(uart_console.c.obj)
 .text.uart_console_init
                0x0000000008003f08       0x28 zephyr/drivers/console/libdrivers__console.a(uart_console.c.obj)
 .text.del_char
                0x0000000008003f30       0x50 zephyr/drivers/console/libdrivers__console.a(uart_console.c.obj)
 .text.uart_console_isr
                0x0000000008003f80      0x3b8 zephyr/drivers/console/libdrivers__console.a(uart_console.c.obj)
 .text.uart_register_input
                0x0000000008004338       0x70 zephyr/drivers/console/libdrivers__console.a(uart_console.c.obj)
                0x0000000008004338                uart_register_input
 .text.gpio_stm32_init
                0x00000000080043a8       0x30 zephyr/drivers/gpio/libdrivers__gpio.a(gpio_stm32.c.obj)
 .text.gpio_stm32_pin_interrupt_configure
                0x00000000080043d8      0x104 zephyr/drivers/gpio/libdrivers__gpio.a(gpio_stm32.c.obj)
 .text.z_impl_hwinfo_get_device_id
                0x00000000080044dc       0x38 zephyr/drivers/hwinfo/libdrivers__hwinfo.a(hwinfo_stm32.c.obj)
                0x00000000080044dc                z_impl_hwinfo_get_device_id
 .text.stm32_i2c_configure_timing
                0x0000000008004514       0xa8 zephyr/drivers/i2c/libdrivers__i2c.a(i2c_ll_stm32_v1.c.obj)
                0x0000000008004514                stm32_i2c_configure_timing
 .text.i2c_stm32_runtime_configure
                0x00000000080045bc       0x64 zephyr/drivers/i2c/libdrivers__i2c.a(i2c_ll_stm32.c.obj)
                0x00000000080045bc                i2c_stm32_runtime_configure
 .text.i2c_stm32_init
                0x0000000008004620       0xe4 zephyr/drivers/i2c/libdrivers__i2c.a(i2c_ll_stm32.c.obj)
 .text.pinctrl_configure_pins
                0x0000000008004704       0x84 zephyr/drivers/pinctrl/libdrivers__pinctrl.a(pinctrl_stm32.c.obj)
                0x0000000008004704                pinctrl_configure_pins
 .text.uart_stm32_irq_err_enable
                0x0000000008004788       0x5c zephyr/drivers/serial/libdrivers__serial.a(uart_stm32.c.obj)
 .text.uart_stm32_irq_err_disable
                0x00000000080047e4       0x5c zephyr/drivers/serial/libdrivers__serial.a(uart_stm32.c.obj)
 .text.uart_stm32_parameters_set
                0x0000000008004840       0xf8 zephyr/drivers/serial/libdrivers__serial.a(uart_stm32.c.obj)
 .text.uart_stm32_configure
                0x0000000008004938      0x140 zephyr/drivers/serial/libdrivers__serial.a(uart_stm32.c.obj)
 .text.uart_stm32_init
                0x0000000008004a78       0xb4 zephyr/drivers/serial/libdrivers__serial.a(uart_stm32.c.obj)
 .text.spi_stm32_init
                0x0000000008004b2c       0xcc zephyr/drivers/spi/libdrivers__spi.a(spi_ll_stm32.c.obj)
 .text.spi_stm32_transceive
                0x0000000008004bf8      0x278 zephyr/drivers/spi/libdrivers__spi.a(spi_ll_stm32.c.obj)
 .text.elapsed  0x0000000008004e70       0x4c zephyr/drivers/timer/libdrivers__timer.a(cortex_m_systick.c.obj)
 .text.sys_clock_driver_init
                0x0000000008004ebc       0x38 zephyr/drivers/timer/libdrivers__timer.a(cortex_m_systick.c.obj)
 .text.sys_clock_isr
                0x0000000008004ef4       0x54 zephyr/drivers/timer/libdrivers__timer.a(cortex_m_systick.c.obj)
                0x0000000008004ef4                sys_clock_isr
 .text.sys_clock_set_timeout
                0x0000000008004f48       0xfc zephyr/drivers/timer/libdrivers__timer.a(cortex_m_systick.c.obj)
                0x0000000008004f48                sys_clock_set_timeout
 .text.sys_clock_elapsed
                0x0000000008005044       0x3c zephyr/drivers/timer/libdrivers__timer.a(cortex_m_systick.c.obj)
                0x0000000008005044                sys_clock_elapsed
 .text.sys_clock_cycle_get_32
                0x0000000008005080       0x2c zephyr/drivers/timer/libdrivers__timer.a(cortex_m_systick.c.obj)
                0x0000000008005080                sys_clock_cycle_get_32
 .text.HAL_RCC_GetSysClockFreq
                0x00000000080050ac       0x5c modules/stm32/stm32cube/lib..__modules__hal__stm32__stm32cube.a(stm32f4xx_hal_rcc.c.obj)
                0x00000000080050ac                HAL_RCC_GetSysClockFreq
 .text.HAL_RCC_GetHCLKFreq
                0x0000000008005108        0xc modules/stm32/stm32cube/lib..__modules__hal__stm32__stm32cube.a(stm32f4xx_hal_rcc.c.obj)
                0x0000000008005108                HAL_RCC_GetHCLKFreq
 .text.HAL_PCD_IRQHandler
                0x0000000008005114      0x688 modules/stm32/stm32cube/lib..__modules__hal__stm32__stm32cube.a(stm32f4xx_hal_pcd.c.obj)
                0x0000000008005114                HAL_PCD_IRQHandler
 .text.USB_CoreReset
                0x000000000800579c       0x4c modules/stm32/stm32cube/lib..__modules__hal__stm32__stm32cube.a(stm32f4xx_ll_usb.c.obj)
 .text.USB_SetTurnaroundTime
                0x00000000080057e8       0xe0 modules/stm32/stm32cube/lib..__modules__hal__stm32__stm32cube.a(stm32f4xx_ll_usb.c.obj)
                0x00000000080057e8                USB_SetTurnaroundTime
 .text.USB_FlushTxFifo
                0x00000000080058c8       0x4c modules/stm32/stm32cube/lib..__modules__hal__stm32__stm32cube.a(stm32f4xx_ll_usb.c.obj)
                0x00000000080058c8                USB_FlushTxFifo
 .text.USB_FlushRxFifo
                0x0000000008005914       0x48 modules/stm32/stm32cube/lib..__modules__hal__stm32__stm32cube.a(stm32f4xx_ll_usb.c.obj)
                0x0000000008005914                USB_FlushRxFifo
 .text.USB_DevInit
                0x000000000800595c      0x17c modules/stm32/stm32cube/lib..__modules__hal__stm32__stm32cube.a(stm32f4xx_ll_usb.c.obj)
                0x000000000800595c                USB_DevInit
 .text.USB_DeactivateEndpoint
                0x0000000008005ad8       0xc0 modules/stm32/stm32cube/lib..__modules__hal__stm32__stm32cube.a(stm32f4xx_ll_usb.c.obj)
                0x0000000008005ad8                USB_DeactivateEndpoint
 .text.USB_EP0StartXfer
                0x0000000008005b98       0xf0 modules/stm32/stm32cube/lib..__modules__hal__stm32__stm32cube.a(stm32f4xx_ll_usb.c.obj)
                0x0000000008005b98                USB_EP0StartXfer
 .text.USB_EPStartXfer
                0x0000000008005c88      0x1a0 modules/stm32/stm32cube/lib..__modules__hal__stm32__stm32cube.a(stm32f4xx_ll_usb.c.obj)
                0x0000000008005c88                USB_EPStartXfer
 .text.USB_EP0_OutStart
                0x0000000008005e28       0x4c modules/stm32/stm32cube/lib..__modules__hal__stm32__stm32cube.a(stm32f4xx_ll_usb.c.obj)
                0x0000000008005e28                USB_EP0_OutStart
 .text.LL_SetFlashLatency
                0x0000000008005e74       0x9c modules/stm32/stm32cube/lib..__modules__hal__stm32__stm32cube.a(stm32f4xx_ll_utils.c.obj)
                0x0000000008005e74                LL_SetFlashLatency
 .text.z_fatal_error
                0x0000000008005f10       0x30 zephyr/kernel/libkernel.a(fatal.c.obj)
                0x0000000008005f10                z_fatal_error
 .text.z_sys_init_run_level
                0x0000000008005f40       0x48 zephyr/kernel/libkernel.a(init.c.obj)
 .text.bg_thread_main
                0x0000000008005f88       0x34 zephyr/kernel/libkernel.a(init.c.obj)
 .text.z_bss_zero
                0x0000000008005fbc       0x18 zephyr/kernel/libkernel.a(init.c.obj)
                0x0000000008005fbc                z_bss_zero
 .text.z_init_cpu
                0x0000000008005fd4       0x94 zephyr/kernel/libkernel.a(init.c.obj)
                0x0000000008005fd4                z_init_cpu
 .text.z_cstart
                0x0000000008006068       0xd8 zephyr/kernel/libkernel.a(init.c.obj)
                0x0000000008006068                z_cstart
 .text.z_thread_monitor_exit
                0x0000000008006140       0x3c zephyr/kernel/libkernel.a(thread.c.obj)
                0x0000000008006140                z_thread_monitor_exit
 .text.z_impl_k_thread_name_set
                0x000000000800617c       0x20 zephyr/kernel/libkernel.a(thread.c.obj)
                0x000000000800617c                z_impl_k_thread_name_set
 .text.z_setup_new_thread
                0x000000000800619c       0xd4 zephyr/kernel/libkernel.a(thread.c.obj)
                0x000000000800619c                z_setup_new_thread
 .text.z_impl_k_thread_create
                0x0000000008006270       0x58 zephyr/kernel/libkernel.a(thread.c.obj)
                0x0000000008006270                z_impl_k_thread_create
 .text.z_init_static_threads
                0x00000000080062c8       0x98 zephyr/kernel/libkernel.a(thread.c.obj)
                0x00000000080062c8                z_init_static_threads
 .text.z_impl_k_mutex_unlock
                0x0000000008006360       0x7c zephyr/kernel/libkernel.a(mutex.c.obj)
                0x0000000008006360                z_impl_k_mutex_unlock
 .text.z_impl_k_mutex_lock
                0x00000000080063dc       0xf4 zephyr/kernel/libkernel.a(mutex.c.obj)
                0x00000000080063dc                z_impl_k_mutex_lock
 .text.z_impl_k_queue_get
                0x00000000080064d0       0x68 zephyr/kernel/libkernel.a(queue.c.obj)
                0x00000000080064d0                z_impl_k_queue_get
 .text.z_impl_k_sem_give
                0x0000000008006538       0x4c zephyr/kernel/libkernel.a(sem.c.obj)
                0x0000000008006538                z_impl_k_sem_give
 .text.z_impl_k_sem_take
                0x0000000008006584       0x50 zephyr/kernel/libkernel.a(sem.c.obj)
                0x0000000008006584                z_impl_k_sem_take
 .text.z_impl_k_sem_reset
                0x00000000080065d4       0x3c zephyr/kernel/libkernel.a(sem.c.obj)
                0x00000000080065d4                z_impl_k_sem_reset
 .text.work_queue_main
                0x0000000008006610      0x138 zephyr/kernel/libkernel.a(work.c.obj)
 .text.submit_to_queue_locked
                0x0000000008006748       0xb4 zephyr/kernel/libkernel.a(work.c.obj)
 .text.k_work_queue_start
                0x00000000080067fc       0x70 zephyr/kernel/libkernel.a(work.c.obj)
                0x00000000080067fc                k_work_queue_start
 .text.k_work_schedule_for_queue
                0x000000000800686c       0x54 zephyr/kernel/libkernel.a(work.c.obj)
                0x000000000800686c                k_work_schedule_for_queue
 .text.sliceable
                0x00000000080068c0       0x3c zephyr/kernel/libkernel.a(sched.c.obj)
 .text.slice_timeout
                0x00000000080068fc       0x20 zephyr/kernel/libkernel.a(sched.c.obj)
 .text.z_reset_time_slice
                0x000000000800691c       0x50 zephyr/kernel/libkernel.a(sched.c.obj)
                0x000000000800691c                z_reset_time_slice
 .text.update_cache
                0x000000000800696c       0x3c zephyr/kernel/libkernel.a(sched.c.obj)
 .text.move_thread_to_end_of_prio_q
                0x00000000080069a8       0x74 zephyr/kernel/libkernel.a(sched.c.obj)
 .text.ready_thread
                0x0000000008006a1c       0x68 zephyr/kernel/libkernel.a(sched.c.obj)
 .text.unready_thread
                0x0000000008006a84       0x30 zephyr/kernel/libkernel.a(sched.c.obj)
 .text.pend_locked
                0x0000000008006ab4       0x30 zephyr/kernel/libkernel.a(sched.c.obj)
 .text.z_thread_halt
                0x0000000008006ae4       0xac zephyr/kernel/libkernel.a(sched.c.obj)
 .text.z_time_slice
                0x0000000008006b90       0x60 zephyr/kernel/libkernel.a(sched.c.obj)
                0x0000000008006b90                z_time_slice
 .text.z_pend_curr
                0x0000000008006bf0       0x3c zephyr/kernel/libkernel.a(sched.c.obj)
                0x0000000008006bf0                z_pend_curr
 .text.z_set_prio
                0x0000000008006c2c       0x8c zephyr/kernel/libkernel.a(sched.c.obj)
                0x0000000008006c2c                z_set_prio
 .text.z_reschedule
                0x0000000008006cb8       0x24 zephyr/kernel/libkernel.a(sched.c.obj)
                0x0000000008006cb8                z_reschedule
 .text.z_sched_start
                0x0000000008006cdc       0x3c zephyr/kernel/libkernel.a(sched.c.obj)
                0x0000000008006cdc                z_sched_start
 .text.k_sched_lock
                0x0000000008006d18       0x28 zephyr/kernel/libkernel.a(sched.c.obj)
                0x0000000008006d18                k_sched_lock
 .text.k_sched_unlock
                0x0000000008006d40       0x38 zephyr/kernel/libkernel.a(sched.c.obj)
                0x0000000008006d40                k_sched_unlock
 .text.z_sched_init
                0x0000000008006d78       0x10 zephyr/kernel/libkernel.a(sched.c.obj)
                0x0000000008006d78                z_sched_init
 .text.z_impl_k_yield
                0x0000000008006d88       0x7c zephyr/kernel/libkernel.a(sched.c.obj)
                0x0000000008006d88                z_impl_k_yield
 .text.z_tick_sleep
                0x0000000008006e04       0x88 zephyr/kernel/libkernel.a(sched.c.obj)
 .text.z_impl_k_sleep
                0x0000000008006e8c       0x3c zephyr/kernel/libkernel.a(sched.c.obj)
                0x0000000008006e8c                z_impl_k_sleep
 .text.z_impl_k_sched_current_thread_query
                0x0000000008006ec8        0xc zephyr/kernel/libkernel.a(sched.c.obj)
                0x0000000008006ec8                z_impl_k_sched_current_thread_query
 .text.z_sched_wait
                0x0000000008006ed4       0x24 zephyr/kernel/libkernel.a(sched.c.obj)
                0x0000000008006ed4                z_sched_wait
 .text.z_data_copy
                0x0000000008006ef8       0x34 zephyr/kernel/libkernel.a(xip.c.obj)
                0x0000000008006ef8                z_data_copy
 .text.elapsed  0x0000000008006f2c       0x14 zephyr/kernel/libkernel.a(timeout.c.obj)
 .text.next_timeout
                0x0000000008006f40       0x40 zephyr/kernel/libkernel.a(timeout.c.obj)
 .text.remove_timeout
                0x0000000008006f80       0x38 zephyr/kernel/libkernel.a(timeout.c.obj)
 .text.z_add_timeout
                0x0000000008006fb8       0xec zephyr/kernel/libkernel.a(timeout.c.obj)
                0x0000000008006fb8                z_add_timeout
 .text.sys_clock_announce
                0x00000000080070a4       0xd4 zephyr/kernel/libkernel.a(timeout.c.obj)
                0x00000000080070a4                sys_clock_announce
 .text.sys_clock_tick_get
                0x0000000008007178       0x34 zephyr/kernel/libkernel.a(timeout.c.obj)
                0x0000000008007178                sys_clock_tick_get
 .text.z_thread_aligned_alloc
                0x00000000080071ac       0x40 zephyr/kernel/libkernel.a(mempool.c.obj)
                0x00000000080071ac                z_thread_aligned_alloc
 .text.boot_banner
                0x00000000080071ec        0xc zephyr/kernel/libkernel.a(banner.c.obj)
                0x00000000080071ec                boot_banner
 .text.statics_init
                0x00000000080071f8       0x24 zephyr/kernel/libkernel.a(kheap.c.obj)
 .text.k_sys_work_q_init
                0x000000000800721c       0x34 zephyr/kernel/libkernel.a(system_work_q.c.obj)
 .text.__l_vfprintf
                0x0000000008007250      0x4ac /usr/local/zephyr-sdk-0.16.4/arm-zephyr-eabi/bin/../lib/gcc/../../picolibc/arm-zephyr-eabi/lib/thumb/v7e-m/nofp/libc.a(libc_tinystdio_vflprintf.c.o)
                0x0000000008007250                __l_vfprintf
 .text._OffsetAbsSyms
                0x00000000080076fc        0x2 zephyr/CMakeFiles/offsets.dir/./arch/arm/core/offsets/offsets.c.obj
                0x00000000080076fc                _OffsetAbsSyms
 .text.k_msleep.isra.0
                0x00000000080076fe        0xa app/libapp.a(main.c.obj)
 .text.arch_printk_char_out
                0x0000000008007708        0x4 zephyr/libzephyr.a(printk.c.obj)
                0x0000000008007708                arch_printk_char_out
 .text.printk   0x000000000800770c       0x1a zephyr/libzephyr.a(printk.c.obj)
                0x000000000800770c                printk
 .text.chunk_size
                0x0000000008007726        0xa zephyr/libzephyr.a(heap.c.obj)
 .text.free_list_add
                0x0000000008007730       0x4e zephyr/libzephyr.a(heap.c.obj)
 .text.free_list_remove_bidx
                0x000000000800777e       0x3a zephyr/libzephyr.a(heap.c.obj)
 .text.free_list_remove
                0x00000000080077b8       0x1a zephyr/libzephyr.a(heap.c.obj)
 .text.alloc_chunk
                0x00000000080077d2       0x6e zephyr/libzephyr.a(heap.c.obj)
 .text.merge_chunks
                0x0000000008007840       0x2c zephyr/libzephyr.a(heap.c.obj)
 .text.split_chunks
                0x000000000800786c       0x34 zephyr/libzephyr.a(heap.c.obj)
 .text.free_chunk
                0x00000000080078a0       0x62 zephyr/libzephyr.a(heap.c.obj)
 .text.sys_heap_free
                0x0000000008007902       0x1e zephyr/libzephyr.a(heap.c.obj)
                0x0000000008007902                sys_heap_free
 .text.sys_heap_alloc
                0x0000000008007920       0x52 zephyr/libzephyr.a(heap.c.obj)
                0x0000000008007920                sys_heap_alloc
 .text.sys_heap_aligned_alloc
                0x0000000008007972       0xd0 zephyr/libzephyr.a(heap.c.obj)
                0x0000000008007972                sys_heap_aligned_alloc
 .text.sys_heap_init
                0x0000000008007a42       0x7a zephyr/libzephyr.a(heap.c.obj)
                0x0000000008007a42                sys_heap_init
 .text.ring_buf_put_claim
                0x0000000008007abc       0x3e zephyr/libzephyr.a(ring_buffer.c.obj)
                0x0000000008007abc                ring_buf_put_claim
 .text.ring_buf_put_finish
                0x0000000008007afa       0x2a zephyr/libzephyr.a(ring_buffer.c.obj)
                0x0000000008007afa                ring_buf_put_finish
 .text.ring_buf_put
                0x0000000008007b24       0x3e zephyr/libzephyr.a(ring_buffer.c.obj)
                0x0000000008007b24                ring_buf_put
 .text.ring_buf_get_claim
                0x0000000008007b62       0x40 zephyr/libzephyr.a(ring_buffer.c.obj)
                0x0000000008007b62                ring_buf_get_claim
 .text.ring_buf_get_finish
                0x0000000008007ba2       0x2a zephyr/libzephyr.a(ring_buffer.c.obj)
                0x0000000008007ba2                ring_buf_get_finish
 .text.ring_buf_get
                0x0000000008007bcc       0x40 zephyr/libzephyr.a(ring_buffer.c.obj)
                0x0000000008007bcc                ring_buf_get
 .text._ConfigAbsSyms
                0x0000000008007c0c        0x2 zephyr/libzephyr.a(configs.c.obj)
                0x0000000008007c0c                _ConfigAbsSyms
 .text.HAL_Delay
                0x0000000008007c0e       0x16 zephyr/libzephyr.a(stm32cube_hal.c.obj)
                0x0000000008007c0e                HAL_Delay
 .text.get_ep_bm_from_addr
                0x0000000008007c24       0x1c zephyr/libzephyr.a(usb_device.c.obj)
 .text.usb_write
                0x0000000008007c40       0x30 zephyr/libzephyr.a(usb_device.c.obj)
                0x0000000008007c40                usb_write
 .text.usb_get_dev_data_by_cfg
                0x0000000008007c70       0x18 zephyr/libzephyr.a(usb_descriptor.c.obj)
                0x0000000008007c70                usb_get_dev_data_by_cfg
 .text.usb_get_dev_data_by_iface
                0x0000000008007c88       0x1c zephyr/libzephyr.a(usb_descriptor.c.obj)
                0x0000000008007c88                usb_get_dev_data_by_iface
 .text.usb_get_dev_data_by_ep
                0x0000000008007ca4       0x2c zephyr/libzephyr.a(usb_descriptor.c.obj)
                0x0000000008007ca4                usb_get_dev_data_by_ep
 .text.usb_transfer_is_busy
                0x0000000008007cd0       0x16 zephyr/libzephyr.a(usb_transfer.c.obj)
                0x0000000008007cd0                usb_transfer_is_busy
 .text.cdc_interface_config
                0x0000000008007ce6       0x14 zephyr/libzephyr.a(cdc_acm.c.obj)
 .text.cdc_acm_irq_callback_work_handler
                0x0000000008007cfa        0xa zephyr/libzephyr.a(cdc_acm.c.obj)
 .text.cdc_acm_irq_tx_disable
                0x0000000008007d04        0xa zephyr/libzephyr.a(cdc_acm.c.obj)
 .text.cdc_acm_irq_tx_ready
                0x0000000008007d0e        0xe zephyr/libzephyr.a(cdc_acm.c.obj)
 .text.cdc_acm_irq_rx_disable
                0x0000000008007d1c        0xa zephyr/libzephyr.a(cdc_acm.c.obj)
 .text.cdc_acm_irq_rx_ready
                0x0000000008007d26        0x8 zephyr/libzephyr.a(cdc_acm.c.obj)
 .text.cdc_acm_irq_is_pending
                0x0000000008007d2e       0x1e zephyr/libzephyr.a(cdc_acm.c.obj)
 .text.cdc_acm_irq_update
                0x0000000008007d4c        0x4 zephyr/libzephyr.a(cdc_acm.c.obj)
 .text.cdc_acm_irq_callback_set
                0x0000000008007d50        0x8 zephyr/libzephyr.a(cdc_acm.c.obj)
 .text.cdc_acm_configure
                0x0000000008007d58       0x18 zephyr/libzephyr.a(cdc_acm.c.obj)
 .text.cdc_acm_config_get
                0x0000000008007d70       0x5c zephyr/libzephyr.a(cdc_acm.c.obj)
 .text.cdc_acm_fifo_read
                0x0000000008007dcc       0x54 zephyr/libzephyr.a(cdc_acm.c.obj)
 .text.cdc_acm_poll_in
                0x0000000008007e20       0x12 zephyr/libzephyr.a(cdc_acm.c.obj)
 .text.i2c_write_dt.isra.0
                0x0000000008007e32       0x20 zephyr/libzephyr.a(sh1106_drv.c.obj)
 .text.sendCommand.isra.0
                0x0000000008007e52       0x1a zephyr/libzephyr.a(sh1106_drv.c.obj)
 .text.setContrast
                0x0000000008007e6c       0x1a zephyr/libzephyr.a(sh1106_drv.c.obj)
 .text.displayOff
                0x0000000008007e86        0x8 zephyr/libzephyr.a(sh1106_drv.c.obj)
 .text.displayOn
                0x0000000008007e8e        0x8 zephyr/libzephyr.a(sh1106_drv.c.obj)
 .text.setLineAddress
                0x0000000008007e96        0xa zephyr/libzephyr.a(sh1106_drv.c.obj)
 .text.sh1106_init
                0x0000000008007ea0       0x68 zephyr/libzephyr.a(sh1106_drv.c.obj)
 .text.updatePage
                0x0000000008007f08       0x62 zephyr/libzephyr.a(sh1106_drv.c.obj)
 .text.SD_command
                0x0000000008007f6a       0x3a zephyr/libzephyr.a(SD_drv.c.obj)
                0x0000000008007f6a                SD_command
 .text.oled_displayOn
                0x0000000008007fa4        0x6 zephyr/libzephyr.a(sh1106_gfx.c.obj)
                0x0000000008007fa4                oled_displayOn
 .text.oled_display
                0x0000000008007faa        0x6 zephyr/libzephyr.a(sh1106_gfx.c.obj)
                0x0000000008007faa                oled_display
 .text.oled_clearDisplay
                0x0000000008007fb0       0x1e zephyr/libzephyr.a(sh1106_gfx.c.obj)
                0x0000000008007fb0                oled_clearDisplay
 .text.z_arm_fatal_error
                0x0000000008007fce        0x4 zephyr/arch/arch/arm/core/libarch__arm__core.a(fatal.c.obj)
                0x0000000008007fce                z_arm_fatal_error
 .text.z_do_kernel_oops
                0x0000000008007fd2        0x8 zephyr/arch/arch/arm/core/libarch__arm__core.a(fatal.c.obj)
                0x0000000008007fd2                z_do_kernel_oops
 .text.z_arm_nmi
                0x0000000008007fda        0xe zephyr/arch/arch/arm/core/libarch__arm__core.a(nmi.c.obj)
                0x0000000008007fda                z_arm_nmi
 .text.z_irq_spurious
                0x0000000008007fe8        0x8 zephyr/arch/arch/arm/core/cortex_m/libarch__arm__core__cortex_m.a(irq_manage.c.obj)
                0x0000000008007fe8                z_irq_spurious
 .text.size_to_mpu_rasr_size
                0x0000000008007ff0       0x20 zephyr/arch/arch/arm/core/mpu/libarch__arm__core__mpu.a(arm_mpu.c.obj)
 .text.picolibc_put
                0x0000000008008010        0xa zephyr/lib/libc/picolibc/liblib__libc__picolibc.a(libc-hooks.c.obj)
 .text.stm32_exti_init
                0x000000000800801a       0x92 zephyr/drivers/interrupt_controller/libdrivers__interrupt_controller.a(intc_exti_stm32.c.obj)
 .text.usb_dc_ep_set_callback
                0x00000000080080ac       0x16 zephyr/drivers/usb/device/libdrivers__usb__device.a(usb_dc_stm32.c.obj)
                0x00000000080080ac                usb_dc_ep_set_callback
 .text.usb_dc_ep_check_cap
                0x00000000080080c2       0x1e zephyr/drivers/usb/device/libdrivers__usb__device.a(usb_dc_stm32.c.obj)
                0x00000000080080c2                usb_dc_ep_check_cap
 .text.usb_dc_ep_configure
                0x00000000080080e0       0x2a zephyr/drivers/usb/device/libdrivers__usb__device.a(usb_dc_stm32.c.obj)
                0x00000000080080e0                usb_dc_ep_configure
 .text.usb_dc_ep_is_stalled
                0x000000000800810a       0x1a zephyr/drivers/usb/device/libdrivers__usb__device.a(usb_dc_stm32.c.obj)
                0x000000000800810a                usb_dc_ep_is_stalled
 .text.usb_dc_ep_read
                0x0000000008008124       0x1c zephyr/drivers/usb/device/libdrivers__usb__device.a(usb_dc_stm32.c.obj)
                0x0000000008008124                usb_dc_ep_read
 .text.usb_dc_ep_mps
                0x0000000008008140       0x12 zephyr/drivers/usb/device/libdrivers__usb__device.a(usb_dc_stm32.c.obj)
                0x0000000008008140                usb_dc_ep_mps
 .text.HAL_PCD_DataOutStageCallback
                0x0000000008008152       0x2c zephyr/drivers/usb/device/libdrivers__usb__device.a(usb_dc_stm32.c.obj)
                0x0000000008008152                HAL_PCD_DataOutStageCallback
 .text.HAL_PCD_DataInStageCallback
                0x000000000800817e       0x24 zephyr/drivers/usb/device/libdrivers__usb__device.a(usb_dc_stm32.c.obj)
                0x000000000800817e                HAL_PCD_DataInStageCallback
 .text.stm32_clock_control_on
                0x00000000080081a2       0x24 zephyr/drivers/clock_control/libdrivers__clock_control.a(clock_stm32_ll_common.c.obj)
 .text.stm32_clock_control_off
                0x00000000080081c6       0x24 zephyr/drivers/clock_control/libdrivers__clock_control.a(clock_stm32_ll_common.c.obj)
 .text.stm32_clock_control_get_status
                0x00000000080081ea       0x3a zephyr/drivers/clock_control/libdrivers__clock_control.a(clock_stm32_ll_common.c.obj)
 .text.stm32_clock_control_configure
                0x0000000008008224       0x5a zephyr/drivers/clock_control/libdrivers__clock_control.a(clock_stm32_ll_common.c.obj)
 .text.atomic_or
                0x000000000800827e       0x1e zephyr/drivers/console/libdrivers__console.a(uart_console.c.obj)
 .text.console_out
                0x000000000800829c       0x18 zephyr/drivers/console/libdrivers__console.a(uart_console.c.obj)
 .text.gpio_stm32_port_get_raw
                0x00000000080082b4        0xc zephyr/drivers/gpio/libdrivers__gpio.a(gpio_stm32.c.obj)
 .text.gpio_stm32_port_set_masked_raw
                0x00000000080082c0       0x12 zephyr/drivers/gpio/libdrivers__gpio.a(gpio_stm32.c.obj)
 .text.gpio_stm32_port_set_bits_raw
                0x00000000080082d2        0xa zephyr/drivers/gpio/libdrivers__gpio.a(gpio_stm32.c.obj)
 .text.gpio_stm32_port_clear_bits_raw
                0x00000000080082dc        0xc zephyr/drivers/gpio/libdrivers__gpio.a(gpio_stm32.c.obj)
 .text.gpio_stm32_port_toggle_bits
                0x00000000080082e8        0xe zephyr/drivers/gpio/libdrivers__gpio.a(gpio_stm32.c.obj)
 .text.gpio_stm32_manage_callback
                0x00000000080082f6       0x52 zephyr/drivers/gpio/libdrivers__gpio.a(gpio_stm32.c.obj)
 .text.gpio_stm32_configure_raw.isra.0
                0x0000000008008348      0x106 zephyr/drivers/gpio/libdrivers__gpio.a(gpio_stm32.c.obj)
 .text.gpio_stm32_config
                0x000000000800844e       0x78 zephyr/drivers/gpio/libdrivers__gpio.a(gpio_stm32.c.obj)
 .text.gpio_stm32_isr
                0x00000000080084c6       0x2e zephyr/drivers/gpio/libdrivers__gpio.a(gpio_stm32.c.obj)
 .text.gpio_stm32_configure
                0x00000000080084f4       0x30 zephyr/drivers/gpio/libdrivers__gpio.a(gpio_stm32.c.obj)
                0x00000000080084f4                gpio_stm32_configure
 .text.handle_txe
                0x0000000008008524       0x4a zephyr/drivers/i2c/libdrivers__i2c.a(i2c_ll_stm32_v1.c.obj)
 .text.stm32_i2c_enable_transfer_interrupts.isra.0
                0x000000000800856e       0x1c zephyr/drivers/i2c/libdrivers__i2c.a(i2c_ll_stm32_v1.c.obj)
 .text.stm32_i2c_disable_transfer_interrupts.isra.0
                0x000000000800858a       0x2c zephyr/drivers/i2c/libdrivers__i2c.a(i2c_ll_stm32_v1.c.obj)
 .text.stm32_i2c_reset
                0x00000000080085b6       0x5c zephyr/drivers/i2c/libdrivers__i2c.a(i2c_ll_stm32_v1.c.obj)
 .text.msg_init.constprop.0
                0x0000000008008612       0x72 zephyr/drivers/i2c/libdrivers__i2c.a(i2c_ll_stm32_v1.c.obj)
 .text.msg_end.constprop.0
                0x0000000008008684       0x56 zephyr/drivers/i2c/libdrivers__i2c.a(i2c_ll_stm32_v1.c.obj)
 .text.handle_rxne
                0x00000000080086da       0x92 zephyr/drivers/i2c/libdrivers__i2c.a(i2c_ll_stm32_v1.c.obj)
 .text.stm32_i2c_event_isr
                0x000000000800876c      0x19c zephyr/drivers/i2c/libdrivers__i2c.a(i2c_ll_stm32_v1.c.obj)
                0x000000000800876c                stm32_i2c_event_isr
 .text.stm32_i2c_error_isr
                0x0000000008008908       0x50 zephyr/drivers/i2c/libdrivers__i2c.a(i2c_ll_stm32_v1.c.obj)
                0x0000000008008908                stm32_i2c_error_isr
 .text.stm32_i2c_transaction
                0x0000000008008958       0x74 zephyr/drivers/i2c/libdrivers__i2c.a(i2c_ll_stm32_v1.c.obj)
                0x0000000008008958                stm32_i2c_transaction
 .text.i2c_stm32_get_config
                0x00000000080089cc       0x16 zephyr/drivers/i2c/libdrivers__i2c.a(i2c_ll_stm32.c.obj)
                0x00000000080089cc                i2c_stm32_get_config
 .text.i2c_stm32_irq_config_func_0
                0x00000000080089e2       0x26 zephyr/drivers/i2c/libdrivers__i2c.a(i2c_ll_stm32.c.obj)
 .text.i2c_stm32_transfer
                0x0000000008008a08       0x94 zephyr/drivers/i2c/libdrivers__i2c.a(i2c_ll_stm32.c.obj)
 .text.pinctrl_lookup_state
                0x0000000008008a9c       0x26 zephyr/drivers/pinctrl/libdrivers__pinctrl.a(common.c.obj)
                0x0000000008008a9c                pinctrl_lookup_state
 .text.reset_stm32_status
                0x0000000008008ac2       0x20 zephyr/drivers/reset/libdrivers__reset.a(reset_stm32.c.obj)
 .text.reset_stm32_line_assert
                0x0000000008008ae2       0x1c zephyr/drivers/reset/libdrivers__reset.a(reset_stm32.c.obj)
 .text.reset_stm32_line_deassert
                0x0000000008008afe       0x1e zephyr/drivers/reset/libdrivers__reset.a(reset_stm32.c.obj)
 .text.reset_stm32_line_toggle
                0x0000000008008b1c       0x16 zephyr/drivers/reset/libdrivers__reset.a(reset_stm32.c.obj)
 .text.LL_USART_ClearFlag_PE
                0x0000000008008b32       0x12 zephyr/drivers/serial/libdrivers__serial.a(uart_stm32.c.obj)
 .text.uart_stm32_err_check
                0x0000000008008b44       0x66 zephyr/drivers/serial/libdrivers__serial.a(uart_stm32.c.obj)
 .text.uart_stm32_irq_tx_enable
                0x0000000008008baa       0x1e zephyr/drivers/serial/libdrivers__serial.a(uart_stm32.c.obj)
 .text.uart_stm32_irq_tx_disable
                0x0000000008008bc8       0x1e zephyr/drivers/serial/libdrivers__serial.a(uart_stm32.c.obj)
 .text.uart_stm32_irq_tx_ready
                0x0000000008008be6       0x14 zephyr/drivers/serial/libdrivers__serial.a(uart_stm32.c.obj)
 .text.uart_stm32_irq_tx_complete
                0x0000000008008bfa        0xc zephyr/drivers/serial/libdrivers__serial.a(uart_stm32.c.obj)
 .text.uart_stm32_irq_rx_enable
                0x0000000008008c06       0x1e zephyr/drivers/serial/libdrivers__serial.a(uart_stm32.c.obj)
 .text.uart_stm32_irq_rx_disable
                0x0000000008008c24       0x1e zephyr/drivers/serial/libdrivers__serial.a(uart_stm32.c.obj)
 .text.uart_stm32_irq_rx_ready
                0x0000000008008c42        0xc zephyr/drivers/serial/libdrivers__serial.a(uart_stm32.c.obj)
 .text.uart_stm32_irq_is_pending
                0x0000000008008c4e       0x24 zephyr/drivers/serial/libdrivers__serial.a(uart_stm32.c.obj)
 .text.uart_stm32_irq_update
                0x0000000008008c72        0x4 zephyr/drivers/serial/libdrivers__serial.a(uart_stm32.c.obj)
 .text.uart_stm32_irq_callback_set
                0x0000000008008c76        0x8 zephyr/drivers/serial/libdrivers__serial.a(uart_stm32.c.obj)
 .text.uart_stm32_isr
                0x0000000008008c7e        0xc zephyr/drivers/serial/libdrivers__serial.a(uart_stm32.c.obj)
 .text.uart_stm32_irq_config_func_0
                0x0000000008008c8a       0x16 zephyr/drivers/serial/libdrivers__serial.a(uart_stm32.c.obj)
 .text.uart_stm32_set_baudrate
                0x0000000008008ca0       0x54 zephyr/drivers/serial/libdrivers__serial.a(uart_stm32.c.obj)
 .text.uart_stm32_poll_out
                0x0000000008008cf4       0x3a zephyr/drivers/serial/libdrivers__serial.a(uart_stm32.c.obj)
 .text.uart_stm32_poll_in
                0x0000000008008d2e       0x22 zephyr/drivers/serial/libdrivers__serial.a(uart_stm32.c.obj)
 .text.uart_stm32_fifo_read
                0x0000000008008d50       0x44 zephyr/drivers/serial/libdrivers__serial.a(uart_stm32.c.obj)
 .text.uart_stm32_fifo_fill
                0x0000000008008d94       0x5c zephyr/drivers/serial/libdrivers__serial.a(uart_stm32.c.obj)
 .text.uart_stm32_config_get
                0x0000000008008df0       0x8e zephyr/drivers/serial/libdrivers__serial.a(uart_stm32.c.obj)
 .text.spi_context_get_next_buf
                0x0000000008008e7e       0x2c zephyr/drivers/spi/libdrivers__spi.a(spi_ll_stm32.c.obj)
 .text.spi_context_buffers_setup
                0x0000000008008eaa       0x5e zephyr/drivers/spi/libdrivers__spi.a(spi_ll_stm32.c.obj)
 .text.spi_stm32_irq_config_func_0
                0x0000000008008f08       0x16 zephyr/drivers/spi/libdrivers__spi.a(spi_ll_stm32.c.obj)
 .text.spi_stm32_get_err
                0x0000000008008f1e       0x26 zephyr/drivers/spi/libdrivers__spi.a(spi_ll_stm32.c.obj)
 .text.gpio_pin_set_dt.isra.0
                0x0000000008008f44       0x28 zephyr/drivers/spi/libdrivers__spi.a(spi_ll_stm32.c.obj)
 .text.spi_context_unlock_unconditionally
                0x0000000008008f6c       0x30 zephyr/drivers/spi/libdrivers__spi.a(spi_ll_stm32.c.obj)
 .text.spi_stm32_release
                0x0000000008008f9c        0xc zephyr/drivers/spi/libdrivers__spi.a(spi_ll_stm32.c.obj)
 .text.spi_stm32_complete
                0x0000000008008fa8       0x8a zephyr/drivers/spi/libdrivers__spi.a(spi_ll_stm32.c.obj)
 .text.spi_stm32_isr
                0x0000000008009032      0x20e zephyr/drivers/spi/libdrivers__spi.a(spi_ll_stm32.c.obj)
 .text.HAL_PCD_MspInit
                0x0000000008009240        0x2 modules/stm32/stm32cube/lib..__modules__hal__stm32__stm32cube.a(stm32f4xx_hal_pcd.c.obj)
                0x0000000008009240                HAL_PCD_MspInit
 .text.HAL_PCD_Init
                0x0000000008009242      0x104 modules/stm32/stm32cube/lib..__modules__hal__stm32__stm32cube.a(stm32f4xx_hal_pcd.c.obj)
                0x0000000008009242                HAL_PCD_Init
 .text.HAL_PCD_Start
                0x0000000008009346       0x40 modules/stm32/stm32cube/lib..__modules__hal__stm32__stm32cube.a(stm32f4xx_hal_pcd.c.obj)
                0x0000000008009346                HAL_PCD_Start
 .text.HAL_PCD_Stop
                0x0000000008009386       0x48 modules/stm32/stm32cube/lib..__modules__hal__stm32__stm32cube.a(stm32f4xx_hal_pcd.c.obj)
                0x0000000008009386                HAL_PCD_Stop
 .text.HAL_PCD_SOFCallback
                0x00000000080093ce        0x2 modules/stm32/stm32cube/lib..__modules__hal__stm32__stm32cube.a(stm32f4xx_hal_pcd.c.obj)
                0x00000000080093ce                HAL_PCD_SOFCallback
 .text.HAL_PCD_ISOOUTIncompleteCallback
                0x00000000080093d0        0x2 modules/stm32/stm32cube/lib..__modules__hal__stm32__stm32cube.a(stm32f4xx_hal_pcd.c.obj)
                0x00000000080093d0                HAL_PCD_ISOOUTIncompleteCallback
 .text.HAL_PCD_ISOINIncompleteCallback
                0x00000000080093d2        0x2 modules/stm32/stm32cube/lib..__modules__hal__stm32__stm32cube.a(stm32f4xx_hal_pcd.c.obj)
                0x00000000080093d2                HAL_PCD_ISOINIncompleteCallback
 .text.HAL_PCD_SetAddress
                0x00000000080093d4       0x28 modules/stm32/stm32cube/lib..__modules__hal__stm32__stm32cube.a(stm32f4xx_hal_pcd.c.obj)
                0x00000000080093d4                HAL_PCD_SetAddress
 .text.HAL_PCD_EP_Open
                0x00000000080093fc       0x70 modules/stm32/stm32cube/lib..__modules__hal__stm32__stm32cube.a(stm32f4xx_hal_pcd.c.obj)
                0x00000000080093fc                HAL_PCD_EP_Open
 .text.HAL_PCD_EP_Close
                0x000000000800946c       0x5e modules/stm32/stm32cube/lib..__modules__hal__stm32__stm32cube.a(stm32f4xx_hal_pcd.c.obj)
                0x000000000800946c                HAL_PCD_EP_Close
 .text.HAL_PCD_EP_Receive
                0x00000000080094ca       0x48 modules/stm32/stm32cube/lib..__modules__hal__stm32__stm32cube.a(stm32f4xx_hal_pcd.c.obj)
                0x00000000080094ca                HAL_PCD_EP_Receive
 .text.HAL_PCD_EP_GetRxCount
                0x0000000008009512       0x10 modules/stm32/stm32cube/lib..__modules__hal__stm32__stm32cube.a(stm32f4xx_hal_pcd.c.obj)
                0x0000000008009512                HAL_PCD_EP_GetRxCount
 .text.HAL_PCD_EP_Transmit
                0x0000000008009522       0x40 modules/stm32/stm32cube/lib..__modules__hal__stm32__stm32cube.a(stm32f4xx_hal_pcd.c.obj)
                0x0000000008009522                HAL_PCD_EP_Transmit
 .text.HAL_PCD_EP_SetStall
                0x0000000008009562       0x70 modules/stm32/stm32cube/lib..__modules__hal__stm32__stm32cube.a(stm32f4xx_hal_pcd.c.obj)
                0x0000000008009562                HAL_PCD_EP_SetStall
 .text.HAL_PCD_EP_ClrStall
                0x00000000080095d2       0x6c modules/stm32/stm32cube/lib..__modules__hal__stm32__stm32cube.a(stm32f4xx_hal_pcd.c.obj)
                0x00000000080095d2                HAL_PCD_EP_ClrStall
 .text.HAL_PCD_EP_Abort
                0x000000000800963e       0x20 modules/stm32/stm32cube/lib..__modules__hal__stm32__stm32cube.a(stm32f4xx_hal_pcd.c.obj)
                0x000000000800963e                HAL_PCD_EP_Abort
 .text.HAL_PCDEx_SetTxFiFo
                0x000000000800965e       0x3e modules/stm32/stm32cube/lib..__modules__hal__stm32__stm32cube.a(stm32f4xx_hal_pcd_ex.c.obj)
                0x000000000800965e                HAL_PCDEx_SetTxFiFo
 .text.HAL_PCDEx_SetRxFiFo
                0x000000000800969c        0x8 modules/stm32/stm32cube/lib..__modules__hal__stm32__stm32cube.a(stm32f4xx_hal_pcd_ex.c.obj)
                0x000000000800969c                HAL_PCDEx_SetRxFiFo
 .text.HAL_PCDEx_LPM_Callback
                0x00000000080096a4        0x2 modules/stm32/stm32cube/lib..__modules__hal__stm32__stm32cube.a(stm32f4xx_hal_pcd_ex.c.obj)
                0x00000000080096a4                HAL_PCDEx_LPM_Callback
 .text.USB_CoreInit
                0x00000000080096a6       0x80 modules/stm32/stm32cube/lib..__modules__hal__stm32__stm32cube.a(stm32f4xx_ll_usb.c.obj)
                0x00000000080096a6                USB_CoreInit
 .text.USB_EnableGlobalInt
                0x0000000008009726        0xc modules/stm32/stm32cube/lib..__modules__hal__stm32__stm32cube.a(stm32f4xx_ll_usb.c.obj)
                0x0000000008009726                USB_EnableGlobalInt
 .text.USB_DisableGlobalInt
                0x0000000008009732        0xc modules/stm32/stm32cube/lib..__modules__hal__stm32__stm32cube.a(stm32f4xx_ll_usb.c.obj)
                0x0000000008009732                USB_DisableGlobalInt
 .text.USB_SetCurrentMode
                0x000000000800973e       0x60 modules/stm32/stm32cube/lib..__modules__hal__stm32__stm32cube.a(stm32f4xx_ll_usb.c.obj)
                0x000000000800973e                USB_SetCurrentMode
 .text.USB_SetDevSpeed
                0x000000000800979e        0xe modules/stm32/stm32cube/lib..__modules__hal__stm32__stm32cube.a(stm32f4xx_ll_usb.c.obj)
                0x000000000800979e                USB_SetDevSpeed
 .text.USB_GetDevSpeed
                0x00000000080097ac       0x16 modules/stm32/stm32cube/lib..__modules__hal__stm32__stm32cube.a(stm32f4xx_ll_usb.c.obj)
                0x00000000080097ac                USB_GetDevSpeed
 .text.USB_ActivateEndpoint
                0x00000000080097c2       0x7e modules/stm32/stm32cube/lib..__modules__hal__stm32__stm32cube.a(stm32f4xx_ll_usb.c.obj)
                0x00000000080097c2                USB_ActivateEndpoint
 .text.USB_EPStopXfer
                0x0000000008009840       0x9c modules/stm32/stm32cube/lib..__modules__hal__stm32__stm32cube.a(stm32f4xx_ll_usb.c.obj)
                0x0000000008009840                USB_EPStopXfer
 .text.USB_WritePacket
                0x00000000080098dc       0x26 modules/stm32/stm32cube/lib..__modules__hal__stm32__stm32cube.a(stm32f4xx_ll_usb.c.obj)
                0x00000000080098dc                USB_WritePacket
 .text.USB_ReadPacket
                0x0000000008009902       0x40 modules/stm32/stm32cube/lib..__modules__hal__stm32__stm32cube.a(stm32f4xx_ll_usb.c.obj)
                0x0000000008009902                USB_ReadPacket
 .text.USB_EPSetStall
                0x0000000008009942       0x56 modules/stm32/stm32cube/lib..__modules__hal__stm32__stm32cube.a(stm32f4xx_ll_usb.c.obj)
                0x0000000008009942                USB_EPSetStall
 .text.USB_EPClearStall
                0x0000000008009998       0x52 modules/stm32/stm32cube/lib..__modules__hal__stm32__stm32cube.a(stm32f4xx_ll_usb.c.obj)
                0x0000000008009998                USB_EPClearStall
 .text.USB_SetDevAddress
                0x00000000080099ea       0x20 modules/stm32/stm32cube/lib..__modules__hal__stm32__stm32cube.a(stm32f4xx_ll_usb.c.obj)
                0x00000000080099ea                USB_SetDevAddress
 .text.USB_DevConnect
                0x0000000008009a0a       0x1c modules/stm32/stm32cube/lib..__modules__hal__stm32__stm32cube.a(stm32f4xx_ll_usb.c.obj)
                0x0000000008009a0a                USB_DevConnect
 .text.USB_DevDisconnect
                0x0000000008009a26       0x1c modules/stm32/stm32cube/lib..__modules__hal__stm32__stm32cube.a(stm32f4xx_ll_usb.c.obj)
                0x0000000008009a26                USB_DevDisconnect
 .text.USB_ReadInterrupts
                0x0000000008009a42        0x8 modules/stm32/stm32cube/lib..__modules__hal__stm32__stm32cube.a(stm32f4xx_ll_usb.c.obj)
                0x0000000008009a42                USB_ReadInterrupts
 .text.USB_ReadDevAllOutEpInterrupt
                0x0000000008009a4a       0x10 modules/stm32/stm32cube/lib..__modules__hal__stm32__stm32cube.a(stm32f4xx_ll_usb.c.obj)
                0x0000000008009a4a                USB_ReadDevAllOutEpInterrupt
 .text.USB_ReadDevAllInEpInterrupt
                0x0000000008009a5a       0x10 modules/stm32/stm32cube/lib..__modules__hal__stm32__stm32cube.a(stm32f4xx_ll_usb.c.obj)
                0x0000000008009a5a                USB_ReadDevAllInEpInterrupt
 .text.USB_ReadDevOutEPInterrupt
                0x0000000008009a6a       0x12 modules/stm32/stm32cube/lib..__modules__hal__stm32__stm32cube.a(stm32f4xx_ll_usb.c.obj)
                0x0000000008009a6a                USB_ReadDevOutEPInterrupt
 .text.USB_ReadDevInEPInterrupt
                0x0000000008009a7c       0x22 modules/stm32/stm32cube/lib..__modules__hal__stm32__stm32cube.a(stm32f4xx_ll_usb.c.obj)
                0x0000000008009a7c                USB_ReadDevInEPInterrupt
 .text.USB_GetMode
                0x0000000008009a9e        0x8 modules/stm32/stm32cube/lib..__modules__hal__stm32__stm32cube.a(stm32f4xx_ll_usb.c.obj)
                0x0000000008009a9e                USB_GetMode
 .text.USB_ActivateSetup
                0x0000000008009aa6       0x20 modules/stm32/stm32cube/lib..__modules__hal__stm32__stm32cube.a(stm32f4xx_ll_usb.c.obj)
                0x0000000008009aa6                USB_ActivateSetup
 .text.z_impl_k_busy_wait
                0x0000000008009ac6       0x1c zephyr/kernel/libkernel.a(busy_wait.c.obj)
                0x0000000008009ac6                z_impl_k_busy_wait
 .text.z_device_state_init
                0x0000000008009ae2        0x2 zephyr/kernel/libkernel.a(device.c.obj)
                0x0000000008009ae2                z_device_state_init
 .text.z_device_is_ready
                0x0000000008009ae4       0x16 zephyr/kernel/libkernel.a(device.c.obj)
                0x0000000008009ae4                z_device_is_ready
 .text.arch_system_halt
                0x0000000008009afa       0x12 zephyr/kernel/libkernel.a(fatal.c.obj)
                0x0000000008009afa                arch_system_halt
 .text.k_sys_fatal_error_handler
                0x0000000008009b0c        0x6 zephyr/kernel/libkernel.a(fatal.c.obj)
                0x0000000008009b0c                k_sys_fatal_error_handler
 .text.z_early_memset
                0x0000000008009b12        0x4 zephyr/kernel/libkernel.a(init.c.obj)
                0x0000000008009b12                z_early_memset
 .text.z_early_memcpy
                0x0000000008009b16        0x4 zephyr/kernel/libkernel.a(init.c.obj)
                0x0000000008009b16                z_early_memcpy
 .text.k_is_in_isr
                0x0000000008009b1a        0xc zephyr/kernel/libkernel.a(thread.c.obj)
                0x0000000008009b1a                k_is_in_isr
 .text.z_impl_k_thread_start
                0x0000000008009b26        0x4 zephyr/kernel/libkernel.a(thread.c.obj)
                0x0000000008009b26                z_impl_k_thread_start
 .text.idle     0x0000000008009b2a       0x18 zephyr/kernel/libkernel.a(idle.c.obj)
                0x0000000008009b2a                idle
 .text.adjust_owner_prio.isra.0
                0x0000000008009b42       0x10 zephyr/kernel/libkernel.a(mutex.c.obj)
 .text.queue_insert
                0x0000000008009b52       0xc6 zephyr/kernel/libkernel.a(queue.c.obj)
 .text.z_queue_node_peek
                0x0000000008009c18       0x18 zephyr/kernel/libkernel.a(queue.c.obj)
                0x0000000008009c18                z_queue_node_peek
 .text.k_queue_append
                0x0000000008009c30       0x16 zephyr/kernel/libkernel.a(queue.c.obj)
                0x0000000008009c30                k_queue_append
 .text.z_impl_k_sem_init
                0x0000000008009c46       0x18 zephyr/kernel/libkernel.a(sem.c.obj)
                0x0000000008009c46                z_impl_k_sem_init
 .text.flag_test_and_clear
                0x0000000008009c5e       0x16 zephyr/kernel/libkernel.a(work.c.obj)
 .text.notify_queue_locked.isra.0
                0x0000000008009c74        0xe zephyr/kernel/libkernel.a(work.c.obj)
 .text.work_timeout
                0x0000000008009c82       0x3e zephyr/kernel/libkernel.a(work.c.obj)
 .text.k_work_init
                0x0000000008009cc0       0x12 zephyr/kernel/libkernel.a(work.c.obj)
                0x0000000008009cc0                k_work_init
 .text.z_work_submit_to_queue
                0x0000000008009cd2       0x28 zephyr/kernel/libkernel.a(work.c.obj)
                0x0000000008009cd2                z_work_submit_to_queue
 .text.k_work_submit_to_queue
                0x0000000008009cfa       0x22 zephyr/kernel/libkernel.a(work.c.obj)
                0x0000000008009cfa                k_work_submit_to_queue
 .text.k_work_init_delayable
                0x0000000008009d1c       0x18 zephyr/kernel/libkernel.a(work.c.obj)
                0x0000000008009d1c                k_work_init_delayable
 .text.sys_dlist_remove
                0x0000000008009d34       0x10 zephyr/kernel/libkernel.a(sched.c.obj)
 .text.unpend_thread_no_timeout
                0x0000000008009d44       0x14 zephyr/kernel/libkernel.a(sched.c.obj)
 .text.add_to_waitq_locked
                0x0000000008009d58       0x50 zephyr/kernel/libkernel.a(sched.c.obj)
 .text.z_ready_thread
                0x0000000008009da8       0x20 zephyr/kernel/libkernel.a(sched.c.obj)
                0x0000000008009da8                z_ready_thread
 .text.z_impl_k_thread_suspend
                0x0000000008009dc8       0x36 zephyr/kernel/libkernel.a(sched.c.obj)
                0x0000000008009dc8                z_impl_k_thread_suspend
 .text.z_sched_wake_thread
                0x0000000008009dfe       0x44 zephyr/kernel/libkernel.a(sched.c.obj)
                0x0000000008009dfe                z_sched_wake_thread
 .text.z_thread_timeout
                0x0000000008009e42        0x8 zephyr/kernel/libkernel.a(sched.c.obj)
                0x0000000008009e42                z_thread_timeout
 .text.z_unpend_first_thread
                0x0000000008009e4a       0x38 zephyr/kernel/libkernel.a(sched.c.obj)
                0x0000000008009e4a                z_unpend_first_thread
 .text.z_unpend_thread
                0x0000000008009e82       0x30 zephyr/kernel/libkernel.a(sched.c.obj)
                0x0000000008009e82                z_unpend_thread
 .text.z_reschedule_irqlock
                0x0000000008009eb2       0x18 zephyr/kernel/libkernel.a(sched.c.obj)
                0x0000000008009eb2                z_reschedule_irqlock
 .text.z_reschedule_unlocked
                0x0000000008009eca       0x14 zephyr/kernel/libkernel.a(sched.c.obj)
 .text.z_unpend_all
                0x0000000008009ede       0x20 zephyr/kernel/libkernel.a(sched.c.obj)
                0x0000000008009ede                z_unpend_all
 .text.z_impl_k_usleep
                0x0000000008009efe       0x22 zephyr/kernel/libkernel.a(sched.c.obj)
                0x0000000008009efe                z_impl_k_usleep
 .text.z_thread_abort
                0x0000000008009f20       0x42 zephyr/kernel/libkernel.a(sched.c.obj)
                0x0000000008009f20                z_thread_abort
 .text.z_sched_wake
                0x0000000008009f62       0x48 zephyr/kernel/libkernel.a(sched.c.obj)
                0x0000000008009f62                z_sched_wake
 .text.z_abort_timeout
                0x0000000008009faa       0x2c zephyr/kernel/libkernel.a(timeout.c.obj)
                0x0000000008009faa                z_abort_timeout
 .text.sys_clock_tick_get_32
                0x0000000008009fd6        0x8 zephyr/kernel/libkernel.a(timeout.c.obj)
                0x0000000008009fd6                sys_clock_tick_get_32
 .text.sys_timepoint_calc
                0x0000000008009fde       0x48 zephyr/kernel/libkernel.a(timeout.c.obj)
                0x0000000008009fde                sys_timepoint_calc
 .text.sys_timepoint_timeout
                0x000000000800a026       0x42 zephyr/kernel/libkernel.a(timeout.c.obj)
                0x000000000800a026                sys_timepoint_timeout
 .text.k_free   0x000000000800a068        0xe zephyr/kernel/libkernel.a(mempool.c.obj)
                0x000000000800a068                k_free
 .text.k_heap_init
                0x000000000800a076       0x10 zephyr/kernel/libkernel.a(kheap.c.obj)
                0x000000000800a076                k_heap_init
 .text.k_heap_aligned_alloc
                0x000000000800a086       0x86 zephyr/kernel/libkernel.a(kheap.c.obj)
                0x000000000800a086                k_heap_aligned_alloc
 .text.k_heap_free
                0x000000000800a10c       0x3a zephyr/kernel/libkernel.a(kheap.c.obj)
                0x000000000800a10c                k_heap_free
 .text.memcpy   0x000000000800a146       0x1c /usr/local/zephyr-sdk-0.16.4/arm-zephyr-eabi/bin/../lib/gcc/../../picolibc/arm-zephyr-eabi/lib/thumb/v7e-m/nofp/libc.a(memcpy.c.o)
                0x000000000800a146                memcpy
                0x000000000800a146                __aeabi_memcpy
                0x000000000800a146                __aeabi_memcpy4
                0x000000000800a146                __aeabi_memcpy8
 .text.memset   0x000000000800a162       0x10 /usr/local/zephyr-sdk-0.16.4/arm-zephyr-eabi/bin/../lib/gcc/../../picolibc/arm-zephyr-eabi/lib/thumb/v7e-m/nofp/libc.a(memset.c.o)
                0x000000000800a162                memset
 .text.strncpy  0x000000000800a172       0x20 /usr/local/zephyr-sdk-0.16.4/arm-zephyr-eabi/bin/../lib/gcc/../../picolibc/arm-zephyr-eabi/lib/thumb/v7e-m/nofp/libc.a(libc_string_strncpy.c.o)
                0x000000000800a172                strncpy
 .text.strnlen  0x000000000800a192       0x18 /usr/local/zephyr-sdk-0.16.4/arm-zephyr-eabi/bin/../lib/gcc/../../picolibc/arm-zephyr-eabi/lib/thumb/v7e-m/nofp/libc.a(libc_string_strnlen.c.o)
                0x000000000800a192                strnlen
 .text.__ultoa_invert
                0x000000000800a1aa       0xae /usr/local/zephyr-sdk-0.16.4/arm-zephyr-eabi/bin/../lib/gcc/../../picolibc/arm-zephyr-eabi/lib/thumb/v7e-m/nofp/libc.a(libc_tinystdio_vflprintf.c.o)
 *(SORT_BY_ALIGNMENT(.TEXT.*))
 .TEXT.__aeabi_read_tp
                0x000000000800a258        0xc zephyr/arch/arch/arm/core/cortex_m/libarch__arm__core__cortex_m.a(__aeabi_read_tp.S.obj)
                0x000000000800a258                __aeabi_read_tp
 *(SORT_BY_ALIGNMENT(.gnu.linkonce.t.*))
 *(SORT_BY_ALIGNMENT(.glue_7t))
 .glue_7t       0x000000000800a264        0x0 linker stubs
 *(SORT_BY_ALIGNMENT(.glue_7))
 .glue_7        0x000000000800a264        0x0 linker stubs
 *(SORT_BY_ALIGNMENT(.vfp11_veneer))
 .vfp11_veneer  0x000000000800a264        0x0 linker stubs
 *(SORT_BY_ALIGNMENT(.v4_bx))
 .v4_bx         0x000000000800a264        0x0 linker stubs
                0x000000000800a264                . = ALIGN (0x4)
                0x000000000800a264                __text_region_end = .

.ARM.exidx      0x000000000800a264        0x8
                0x000000000800a264                __exidx_start = .
 *(SORT_BY_ALIGNMENT(.ARM.exidx*) SORT_BY_ALIGNMENT(gnu.linkonce.armexidx.*))
 .ARM.exidx     0x000000000800a264        0x8 /usr/local/zephyr-sdk-0.16.4/arm-zephyr-eabi/bin/../lib/gcc/arm-zephyr-eabi/12.2.0/thumb/v7e-m/nofp/libgcc.a(_udivmoddi4.o)
 .ARM.exidx     0x000000000800a26c        0x0 /usr/local/zephyr-sdk-0.16.4/arm-zephyr-eabi/bin/../lib/gcc/../../picolibc/arm-zephyr-eabi/lib/thumb/v7e-m/nofp/libc.a(strlen.S.o)
                                          0x8 (size before relaxing)
                0x000000000800a26c                __exidx_end = .
                0x000000000800a26c                __rodata_region_start = .

initlevel       0x000000000800a26c       0xc8
                0x000000000800a26c                __init_start = .
                0x000000000800a26c                __init_EARLY_start = .
 *(SORT_BY_NAME(SORT_BY_ALIGNMENT(.z_init_EARLY?_*)))
 *(SORT_BY_NAME(SORT_BY_ALIGNMENT(.z_init_EARLY??_*)))
                0x000000000800a26c                __init_PRE_KERNEL_1_start = .
 *(SORT_BY_NAME(SORT_BY_ALIGNMENT(.z_init_PRE_KERNEL_1?_*)))
 .z_init_PRE_KERNEL_10_0_
                0x000000000800a26c        0x8 zephyr/libzephyr.a(soc.c.obj)
 .z_init_PRE_KERNEL_11_00008_
                0x000000000800a274        0x8 zephyr/drivers/clock_control/libdrivers__clock_control.a(clock_stm32_ll_common.c.obj)
 .z_init_PRE_KERNEL_11_0_
                0x000000000800a27c        0x8 zephyr/libzephyr.a(soc_config.c.obj)
 *(SORT_BY_NAME(SORT_BY_ALIGNMENT(.z_init_PRE_KERNEL_1??_*)))
 .z_init_PRE_KERNEL_130_0_
                0x000000000800a284        0x8 zephyr/kernel/libkernel.a(kheap.c.obj)
 .z_init_PRE_KERNEL_135_00037_
                0x000000000800a28c        0x8 zephyr/drivers/reset/libdrivers__reset.a(reset_stm32.c.obj)
 .z_init_PRE_KERNEL_140_00024_
                0x000000000800a294        0x8 zephyr/drivers/gpio/libdrivers__gpio.a(gpio_stm32.c.obj)
 .z_init_PRE_KERNEL_140_00027_
                0x000000000800a29c        0x8 zephyr/drivers/gpio/libdrivers__gpio.a(gpio_stm32.c.obj)
 .z_init_PRE_KERNEL_140_00036_
                0x000000000800a2a4        0x8 zephyr/drivers/interrupt_controller/libdrivers__interrupt_controller.a(intc_exti_stm32.c.obj)
 .z_init_PRE_KERNEL_140_00061_
                0x000000000800a2ac        0x8 zephyr/drivers/gpio/libdrivers__gpio.a(gpio_stm32.c.obj)
 .z_init_PRE_KERNEL_140_00062_
                0x000000000800a2b4        0x8 zephyr/drivers/gpio/libdrivers__gpio.a(gpio_stm32.c.obj)
 .z_init_PRE_KERNEL_140_00063_
                0x000000000800a2bc        0x8 zephyr/drivers/gpio/libdrivers__gpio.a(gpio_stm32.c.obj)
 .z_init_PRE_KERNEL_140_00064_
                0x000000000800a2c4        0x8 zephyr/drivers/gpio/libdrivers__gpio.a(gpio_stm32.c.obj)
 .z_init_PRE_KERNEL_140_00065_
                0x000000000800a2cc        0x8 zephyr/drivers/gpio/libdrivers__gpio.a(gpio_stm32.c.obj)
 .z_init_PRE_KERNEL_140_00066_
                0x000000000800a2d4        0x8 zephyr/drivers/gpio/libdrivers__gpio.a(gpio_stm32.c.obj)
 .z_init_PRE_KERNEL_155_00042_
                0x000000000800a2dc        0x8 zephyr/drivers/serial/libdrivers__serial.a(uart_stm32.c.obj)
 .z_init_PRE_KERNEL_155_00110_
                0x000000000800a2e4        0x8 zephyr/libzephyr.a(cdc_acm.c.obj)
 .z_init_PRE_KERNEL_160_0_
                0x000000000800a2ec        0x8 zephyr/drivers/console/libdrivers__console.a(uart_console.c.obj)
                0x000000000800a2f4                __init_PRE_KERNEL_2_start = .
 *(SORT_BY_NAME(SORT_BY_ALIGNMENT(.z_init_PRE_KERNEL_2?_*)))
 .z_init_PRE_KERNEL_20_0_
                0x000000000800a2f4        0x8 zephyr/drivers/timer/libdrivers__timer.a(cortex_m_systick.c.obj)
 *(SORT_BY_NAME(SORT_BY_ALIGNMENT(.z_init_PRE_KERNEL_2??_*)))
                0x000000000800a2fc                __init_POST_KERNEL_start = .
 *(SORT_BY_NAME(SORT_BY_ALIGNMENT(.z_init_POST_KERNEL?_*)))
 *(SORT_BY_NAME(SORT_BY_ALIGNMENT(.z_init_POST_KERNEL??_*)))
 .z_init_POST_KERNEL40_0_
                0x000000000800a2fc        0x8 zephyr/libzephyr.a(usb_work_q.c.obj)
 .z_init_POST_KERNEL40_0_
                0x000000000800a304        0x8 zephyr/lib/libc/common/liblib__libc__common.a(malloc.c.obj)
 .z_init_POST_KERNEL40_0_
                0x000000000800a30c        0x8 zephyr/kernel/libkernel.a(system_work_q.c.obj)
 .z_init_POST_KERNEL50_00059_
                0x000000000800a314        0x8 zephyr/drivers/i2c/libdrivers__i2c.a(i2c_ll_stm32.c.obj)
 .z_init_POST_KERNEL70_00073_
                0x000000000800a31c        0x8 zephyr/drivers/spi/libdrivers__spi.a(spi_ll_stm32.c.obj)
 .z_init_POST_KERNEL85_00060_
                0x000000000800a324        0x8 zephyr/libzephyr.a(sh1106_drv.c.obj)
 .z_init_POST_KERNEL90_0_
                0x000000000800a32c        0x8 zephyr/libzephyr.a(usb_device.c.obj)
                0x000000000800a334                __init_APPLICATION_start = .
 *(SORT_BY_NAME(SORT_BY_ALIGNMENT(.z_init_APPLICATION?_*)))
 *(SORT_BY_NAME(SORT_BY_ALIGNMENT(.z_init_APPLICATION??_*)))
                0x000000000800a334                __init_SMP_start = .
 *(SORT_BY_NAME(SORT_BY_ALIGNMENT(.z_init_SMP?_*)))
 *(SORT_BY_NAME(SORT_BY_ALIGNMENT(.z_init_SMP??_*)))
                0x000000000800a334                __init_end = .

device_area     0x000000000800a334      0x140
                0x000000000800a334                _device_list_start = .
 *(SORT_BY_NAME(SORT_BY_ALIGNMENT(._device.static.*_?_*)))
 ._device.static.1_1_
                0x000000000800a334       0x14 zephyr/drivers/clock_control/libdrivers__clock_control.a(clock_stm32_ll_common.c.obj)
                0x000000000800a334                __device_dts_ord_8
 *(SORT_BY_NAME(SORT_BY_ALIGNMENT(._device.static.*_??_*)))
 ._device.static.1_35_
                0x000000000800a348       0x14 zephyr/drivers/reset/libdrivers__reset.a(reset_stm32.c.obj)
                0x000000000800a348                __device_dts_ord_37
 ._device.static.1_40_
                0x000000000800a35c       0x14 zephyr/drivers/interrupt_controller/libdrivers__interrupt_controller.a(intc_exti_stm32.c.obj)
                0x000000000800a35c                __device_dts_ord_36
 ._device.static.1_40_
                0x000000000800a370       0xa0 zephyr/drivers/gpio/libdrivers__gpio.a(gpio_stm32.c.obj)
                0x000000000800a370                __device_dts_ord_66